train: 7427 tandan (5546 multi-tampak)
val: 992 tandan (760 multi-tampak)
test: 1404 tandan (1022 multi-tampak)
backbone=convnext_tiny loss=coral
melatih C2 (per-tampak)...
  C2 epoch 1/25 loss 0.3880
  C2 epoch 2/25 loss 0.3569
  C2 epoch 3/25 loss 0.3353
  C2 epoch 4/25 loss 0.3107
  C2 epoch 5/25 loss 0.2904
  C2 epoch 6/25 loss 0.2750
  C2 epoch 7/25 loss 0.2629
  C2 epoch 8/25 loss 0.2550
  C2 epoch 9/25 loss 0.2445
  C2 epoch 10/25 loss 0.2366
  C2 epoch 11/25 loss 0.2306
  C2 epoch 12/25 loss 0.2258
  C2 epoch 13/25 loss 0.2178
  C2 epoch 14/25 loss 0.2128
  C2 epoch 15/25 loss 0.2100
  C2 epoch 16/25 loss 0.2072
  C2 epoch 17/25 loss 0.2039
  C2 epoch 18/25 loss 0.2027
  C2 epoch 19/25 loss 0.2013
  C2 epoch 20/25 loss 0.1996
  C2 epoch 21/25 loss 0.1987
  C2 epoch 22/25 loss 0.1982
  C2 epoch 23/25 loss 0.1974
  C2 epoch 24/25 loss 0.1976
  C2 epoch 25/25 loss 0.1976
melatih C3 (multi-tampak)...
  C3 epoch 1/25 loss 0.3808
  C3 epoch 2/25 loss 0.3416
  C3 epoch 3/25 loss 0.3181
  C3 epoch 4/25 loss 0.2951
  C3 epoch 5/25 loss 0.2730
  C3 epoch 6/25 loss 0.2521
  C3 epoch 7/25 loss 0.2378
  C3 epoch 8/25 loss 0.2240
  C3 epoch 9/25 loss 0.2066
  C3 epoch 10/25 loss 0.2006
  C3 epoch 11/25 loss 0.1912
  C3 epoch 12/25 loss 0.1823
  C3 epoch 13/25 loss 0.1755
  C3 epoch 14/25 loss 0.1686
  C3 epoch 15/25 loss 0.1631
  C3 epoch 16/25 loss 0.1577
  C3 epoch 17/25 loss 0.1533
  C3 epoch 18/25 loss 0.1509
  C3 epoch 19/25 loss 0.1488
  C3 epoch 20/25 loss 0.1464
  C3 epoch 21/25 loss 0.1449
  C3 epoch 22/25 loss 0.1440
  C3 epoch 23/25 loss 0.1435
  C3 epoch 24/25 loss 0.1434
  C3 epoch 25/25 loss 0.1429
tau val: {'C1': (0.5, 1.7, 2.6), 'C2': (0.2, 1.55, 2.7)}
--- val ---
  C1: R0 0.6776  R4 0.7339  R4 multi 0.75
  C2: R0 0.6488  R4 0.6935  R4 multi 0.7171
  C3: 0.6946  multi 0.7237  macroF1 0.6334
--- test ---
  C1: R0 0.6811  R4 0.7208  R4 multi 0.7583
  C2: R0 0.6567  R4 0.703  R4 multi 0.7309
  C3: 0.7087  multi 0.7397  macroF1 0.6593
{
 "C2_vs_C1_pp": -1.78,
 "C3_vs_C2_pp": 0.57,
 "C3_vs_C1_pp": -1.21,
 "C3_vs_C2_multi_pp": 0.88,
 "acuan_pt_e_012": {
  "C2_vs_C1_pp": -1.21,
  "C3_vs_C2_pp": -3.06,
  "C3_vs_C1_pp": -4.27,
  "C3_vs_C2_multi_pp": -3.91
 },
 "arti": "positif = mengalahkan. PT-E-012 (resnet18+ce) negatif di semua kolom; kalau tetap negatif di sini, jalur modul C bertahan tertutup"
}
-> /workspace/project-expertise/pipeline-pertandan/results/pt_e_014_c_convnext_tiny_coral_s1.json  (2190.2 s)
