train: 7427 tandan (5546 multi-tampak)
val: 992 tandan (760 multi-tampak)
test: 1404 tandan (1022 multi-tampak)
backbone=resnet18 loss=ce
melatih C2 (per-tampak)...
  C2 epoch 1/25 loss 0.8605
  C2 epoch 2/25 loss 0.6959
  C2 epoch 3/25 loss 0.6024
  C2 epoch 4/25 loss 0.5055
  C2 epoch 5/25 loss 0.4005
  C2 epoch 6/25 loss 0.2999
  C2 epoch 7/25 loss 0.2370
  C2 epoch 8/25 loss 0.1813
  C2 epoch 9/25 loss 0.1289
  C2 epoch 10/25 loss 0.0908
  C2 epoch 11/25 loss 0.0668
  C2 epoch 12/25 loss 0.0449
  C2 epoch 13/25 loss 0.0389
  C2 epoch 14/25 loss 0.0270
  C2 epoch 15/25 loss 0.0155
  C2 epoch 16/25 loss 0.0106
  C2 epoch 17/25 loss 0.0083
  C2 epoch 18/25 loss 0.0048
  C2 epoch 19/25 loss 0.0047
  C2 epoch 20/25 loss 0.0038
  C2 epoch 21/25 loss 0.0027
  C2 epoch 22/25 loss 0.0023
  C2 epoch 23/25 loss 0.0020
  C2 epoch 24/25 loss 0.0018
  C2 epoch 25/25 loss 0.0019
melatih C3 (multi-tampak)...
  C3 epoch 1/25 loss 0.8523
  C3 epoch 2/25 loss 0.7262
  C3 epoch 3/25 loss 0.6646
  C3 epoch 4/25 loss 0.6399
  C3 epoch 5/25 loss 0.5806
  C3 epoch 6/25 loss 0.5219
  C3 epoch 7/25 loss 0.4567
  C3 epoch 8/25 loss 0.4088
  C3 epoch 9/25 loss 0.3016
  C3 epoch 10/25 loss 0.2638
  C3 epoch 11/25 loss 0.1805
  C3 epoch 12/25 loss 0.1489
  C3 epoch 13/25 loss 0.1144
  C3 epoch 14/25 loss 0.0852
  C3 epoch 15/25 loss 0.0537
  C3 epoch 16/25 loss 0.0432
  C3 epoch 17/25 loss 0.0296
  C3 epoch 18/25 loss 0.0265
  C3 epoch 19/25 loss 0.0197
  C3 epoch 20/25 loss 0.0102
  C3 epoch 21/25 loss 0.0083
  C3 epoch 22/25 loss 0.0066
  C3 epoch 23/25 loss 0.0046
  C3 epoch 24/25 loss 0.0031
  C3 epoch 25/25 loss 0.0033
tau val: {'C1': (0.5, 1.7, 2.6), 'C2': (0.15, 1.45, 2.45)}
--- val ---
  C1: R0 0.6776  R4 0.7339  R4 multi 0.75
  C2: R0 0.6349  R4 0.6784  R4 multi 0.7066
  C3: 0.6653  multi 0.675  macroF1 0.6314
--- test ---
  C1: R0 0.6811  R4 0.7208  R4 multi 0.7583
  C2: R0 0.6657  R4 0.698  R4 multi 0.7211
  C3: 0.6859  multi 0.7133  macroF1 0.6561
{
 "C2_vs_C1_pp": -2.28,
 "C3_vs_C2_pp": -1.21,
 "C3_vs_C1_pp": -3.49,
 "C3_vs_C2_multi_pp": -0.78,
 "acuan_pt_e_012": {
  "C2_vs_C1_pp": -1.21,
  "C3_vs_C2_pp": -3.06,
  "C3_vs_C1_pp": -4.27,
  "C3_vs_C2_multi_pp": -3.91
 },
 "arti": "positif = mengalahkan. PT-E-012 (resnet18+ce) negatif di semua kolom; kalau tetap negatif di sini, jalur modul C bertahan tertutup"
}
-> /workspace/project-expertise/pipeline-pertandan/results/pt_e_014_c_resnet18_ce_s1.json  (1712.1 s)
