conf deteksi dikunci dari PT-E-001: 0.1
membangun graf RUANG DETEKSI (baca citra, jadi lambat)...
  train: 200/716
  train: 400/716
  train: 600/716
  train: 713 pohon, 234127 sisi, 6541 positif (2.8%)
  val: 96 pohon, 31531 sisi, 784 positif (2.5%)
  test: 139 pohon, 42869 sisi, 1033 positif (2.4%)
=== A: HistGB dilatih di pasangan KOTAK GT (cara repo sekarang) ===
  [A] ambang 0.050: F1 0.1847 ARI 0.1203 cakupan(terdeteksi) 0.1823 palsu 0.134
  [A] ambang 0.100: F1 0.1826 ARI 0.1152 cakupan(terdeteksi) 0.1770 palsu 0.135
  [A] ambang 0.150: F1 0.1843 ARI 0.1171 cakupan(terdeteksi) 0.1752 palsu 0.135
  [A] ambang 0.200: F1 0.1831 ARI 0.1226 cakupan(terdeteksi) 0.1699 palsu 0.131
  [A] ambang 0.250: F1 0.1790 ARI 0.1189 cakupan(terdeteksi) 0.1628 palsu 0.135
  [A] ambang 0.300: F1 0.1795 ARI 0.1187 cakupan(terdeteksi) 0.1611 palsu 0.132
  [A] ambang 0.350: F1 0.1784 ARI 0.1147 cakupan(terdeteksi) 0.1575 palsu 0.136
  [A] ambang 0.400: F1 0.1751 ARI 0.1100 cakupan(terdeteksi) 0.1504 palsu 0.138
  [A] ambang 0.450: F1 0.1758 ARI 0.1110 cakupan(terdeteksi) 0.1504 palsu 0.139
  [A] ambang 0.500: F1 0.1744 ARI 0.1098 cakupan(terdeteksi) 0.1469 palsu 0.135
  [A] ambang 0.550: F1 0.1736 ARI 0.1065 cakupan(terdeteksi) 0.1434 palsu 0.130
  [A] ambang 0.600: F1 0.1741 ARI 0.1060 cakupan(terdeteksi) 0.1416 palsu 0.128
  [A] ambang 0.650: F1 0.1710 ARI 0.1027 cakupan(terdeteksi) 0.1363 palsu 0.128
  [A] ambang 0.700: F1 0.1699 ARI 0.1019 cakupan(terdeteksi) 0.1327 palsu 0.127
  [A] ambang 0.750: F1 0.1710 ARI 0.1028 cakupan(terdeteksi) 0.1327 palsu 0.132
  [A] ambang 0.800: F1 0.1657 ARI 0.0970 cakupan(terdeteksi) 0.1239 palsu 0.136
  [A] ambang 0.850: F1 0.1577 ARI 0.0877 cakupan(terdeteksi) 0.1115 palsu 0.140
  [A] ambang 0.900: F1 0.1550 ARI 0.0830 cakupan(terdeteksi) 0.1044 palsu 0.136
  [A] ambang 0.950: F1 0.1463 ARI 0.0692 cakupan(terdeteksi) 0.0903 palsu 0.136
  TEST A: {'presisi': 0.1793, 'recall': 0.1278, 'f1': 0.1492, 'ari': 0.1223, 'cakupan_atas_terdeteksi': 0.1425, 'cakupan_atas_semua': 0.1057, 'frac_pool_palsu': 0.1276, 'n_bisa': 758, 'n_semua': 1022}
=== B: HistGB dilatih di pasangan DETEKSI (domain yang benar) ===
  pasangan latih: 234127 (6541 positif, 2.8%)
  AUC val pasangan: A 0.5868 -> B 0.9015
  [B] ambang 0.050: F1 0.3529 ARI 0.3005 cakupan(terdeteksi) 0.4938 palsu 0.130
  [B] ambang 0.100: F1 0.3674 ARI 0.3197 cakupan(terdeteksi) 0.4566 palsu 0.118
  [B] ambang 0.150: F1 0.3646 ARI 0.3125 cakupan(terdeteksi) 0.4088 palsu 0.115
  [B] ambang 0.200: F1 0.3462 ARI 0.2730 cakupan(terdeteksi) 0.3416 palsu 0.107
  [B] ambang 0.250: F1 0.3284 ARI 0.2533 cakupan(terdeteksi) 0.2991 palsu 0.096
  [B] ambang 0.300: F1 0.3100 ARI 0.2246 cakupan(terdeteksi) 0.2513 palsu 0.099
  [B] ambang 0.350: F1 0.2712 ARI 0.1860 cakupan(terdeteksi) 0.2035 palsu 0.117
  [B] ambang 0.400: F1 0.2422 ARI 0.1651 cakupan(terdeteksi) 0.1717 palsu 0.128
  [B] ambang 0.450: F1 0.2243 ARI 0.1435 cakupan(terdeteksi) 0.1398 palsu 0.111
  [B] ambang 0.500: F1 0.1926 ARI 0.1326 cakupan(terdeteksi) 0.1168 palsu 0.106
  [B] ambang 0.550: F1 0.1711 ARI 0.1121 cakupan(terdeteksi) 0.0920 palsu 0.103
  [B] ambang 0.600: F1 0.1317 ARI 0.0897 cakupan(terdeteksi) 0.0673 palsu 0.120
  [B] ambang 0.650: F1 0.1029 ARI 0.0799 cakupan(terdeteksi) 0.0549 palsu 0.094
  [B] ambang 0.700: F1 0.0748 ARI 0.0510 cakupan(terdeteksi) 0.0354 palsu 0.065
  [B] ambang 0.750: F1 0.0420 ARI 0.0367 cakupan(terdeteksi) 0.0230 palsu 0.000
  [B] ambang 0.800: F1 0.0176 ARI 0.0275 cakupan(terdeteksi) 0.0088 palsu 0.000
  [B] ambang 0.850: F1 0.0051 ARI 0.0227 cakupan(terdeteksi) 0.0035 palsu 0.000
  [B] ambang 0.900: F1 0.0025 ARI 0.0222 cakupan(terdeteksi) 0.0018 palsu 0.000
  [B] ambang 0.950: F1 0.0000 ARI 0.0208 cakupan(terdeteksi) 0.0000 palsu 0.000
/workspace/project-expertise/pipeline-pertandan/scripts/gnn_penaut.py:137: UserWarning: index_reduce() is in beta and the API may change at any time. (Triggered internally at /pytorch/aten/src/ATen/native/cuda/Indexing.cu:1432.)
  m = torch.full((len(V),), -1e4, device=s.device).index_reduce_(
  TEST B: {'presisi': 0.2771, 'recall': 0.3466, 'f1': 0.308, 'ari': 0.2707, 'cakupan_atas_terdeteksi': 0.3799, 'cakupan_atas_semua': 0.2818, 'frac_pool_palsu': 0.147, 'n_bisa': 758, 'n_semua': 1022}
=== C: GNN dilatih di pasangan DETEKSI ===
  prevalensi 0.0279 -> pos_weight 34.8
  epoch 1/40 loss 0.6994 AUC val 0.9002
  epoch 2/40 loss 0.4746 AUC val 0.9105
  epoch 3/40 loss 0.4496 AUC val 0.9181
  epoch 4/40 loss 0.4418 AUC val 0.9274
  epoch 5/40 loss 0.4397 AUC val 0.9235
  epoch 6/40 loss 0.4148 AUC val 0.9342
  epoch 7/40 loss 0.3954 AUC val 0.9281
  epoch 8/40 loss 0.3860 AUC val 0.9395
  epoch 9/40 loss 0.3737 AUC val 0.9368
  epoch 10/40 loss 0.3736 AUC val 0.9342
  epoch 11/40 loss 0.3511 AUC val 0.9366
  epoch 12/40 loss 0.3468 AUC val 0.9378
  epoch 13/40 loss 0.3365 AUC val 0.9340
  epoch 14/40 loss 0.3306 AUC val 0.9334
  epoch 15/40 loss 0.3222 AUC val 0.9407
  epoch 16/40 loss 0.3247 AUC val 0.9337
  epoch 17/40 loss 0.3099 AUC val 0.9422
  epoch 18/40 loss 0.3014 AUC val 0.9369
  epoch 19/40 loss 0.2974 AUC val 0.9374
  epoch 20/40 loss 0.2839 AUC val 0.9377
  epoch 21/40 loss 0.2726 AUC val 0.9311
  epoch 22/40 loss 0.2711 AUC val 0.9340
  epoch 23/40 loss 0.2550 AUC val 0.9376
  epoch 24/40 loss 0.2462 AUC val 0.9364
  epoch 25/40 loss 0.2465 AUC val 0.9350
  epoch 26/40 loss 0.2334 AUC val 0.9391
  epoch 27/40 loss 0.2208 AUC val 0.9304
  epoch 28/40 loss 0.2158 AUC val 0.9360
  epoch 29/40 loss 0.2046 AUC val 0.9342
  epoch 30/40 loss 0.1948 AUC val 0.9329
  epoch 31/40 loss 0.1876 AUC val 0.9334
  epoch 32/40 loss 0.1799 AUC val 0.9323
  epoch 33/40 loss 0.1739 AUC val 0.9305
  epoch 34/40 loss 0.1688 AUC val 0.9302
  epoch 35/40 loss 0.1646 AUC val 0.9303
  epoch 36/40 loss 0.1611 AUC val 0.9296
  epoch 37/40 loss 0.1586 AUC val 0.9291
  epoch 38/40 loss 0.1566 AUC val 0.9291
  epoch 39/40 loss 0.1555 AUC val 0.9291
  epoch 40/40 loss 0.1550 AUC val 0.9291
  [C] ambang 0.050: F1 0.3048 ARI 0.2769 cakupan(terdeteksi) 0.5681 palsu 0.129
  [C] ambang 0.100: F1 0.3111 ARI 0.2852 cakupan(terdeteksi) 0.5664 palsu 0.124
  [C] ambang 0.150: F1 0.3154 ARI 0.2884 cakupan(terdeteksi) 0.5664 palsu 0.120
  [C] ambang 0.200: F1 0.3194 ARI 0.2931 cakupan(terdeteksi) 0.5664 palsu 0.114
  [C] ambang 0.250: F1 0.3232 ARI 0.2962 cakupan(terdeteksi) 0.5664 palsu 0.112
  [C] ambang 0.300: F1 0.3280 ARI 0.2998 cakupan(terdeteksi) 0.5646 palsu 0.108
  [C] ambang 0.350: F1 0.3323 ARI 0.3054 cakupan(terdeteksi) 0.5646 palsu 0.106
  [C] ambang 0.400: F1 0.3357 ARI 0.3125 cakupan(terdeteksi) 0.5628 palsu 0.106
  [C] ambang 0.450: F1 0.3383 ARI 0.3163 cakupan(terdeteksi) 0.5593 palsu 0.102
  [C] ambang 0.500: F1 0.3443 ARI 0.3242 cakupan(terdeteksi) 0.5593 palsu 0.099
  [C] ambang 0.550: F1 0.3511 ARI 0.3314 cakupan(terdeteksi) 0.5575 palsu 0.097
  [C] ambang 0.600: F1 0.3532 ARI 0.3351 cakupan(terdeteksi) 0.5504 palsu 0.088
  [C] ambang 0.650: F1 0.3670 ARI 0.3409 cakupan(terdeteksi) 0.5469 palsu 0.084
  [C] ambang 0.700: F1 0.3736 ARI 0.3540 cakupan(terdeteksi) 0.5398 palsu 0.077
  [C] ambang 0.750: F1 0.3849 ARI 0.3710 cakupan(terdeteksi) 0.5239 palsu 0.072
  [C] ambang 0.800: F1 0.3975 ARI 0.3827 cakupan(terdeteksi) 0.5168 palsu 0.071
  [C] ambang 0.850: F1 0.4109 ARI 0.3859 cakupan(terdeteksi) 0.4938 palsu 0.064
  [C] ambang 0.900: F1 0.4406 ARI 0.3997 cakupan(terdeteksi) 0.4673 palsu 0.049
  [C] ambang 0.950: F1 0.4256 ARI 0.3714 cakupan(terdeteksi) 0.3735 palsu 0.031
  TEST C: {'presisi': 0.3915, 'recall': 0.3669, 'f1': 0.3788, 'ari': 0.3221, 'cakupan_atas_terdeteksi': 0.3839, 'cakupan_atas_semua': 0.2847, 'frac_pool_palsu': 0.04, 'n_bisa': 758, 'n_semua': 1022}
{
 "acuan_pt_e_003": {
  "f1": 0.1766,
  "recall": 0.12,
  "cakupan": 0.29
 },
 "A_f1": 0.1492,
 "B_f1": 0.308,
 "C_f1": 0.3788,
 "domain_shift_B_minus_A_f1_pp": 15.88,
 "gnn_C_minus_B_f1_pp": 7.08,
 "cakupan_terdeteksi": {
  "A": 0.1425,
  "B": 0.3799,
  "C": 0.3839
 },
 "cakupan_semua": {
  "A": 0.1057,
  "B": 0.2818,
  "C": 0.2847
 },
 "target_IDEA_cakupan": 0.7,
 "arti": "B-A memisahkan nilai melatih di domain yang benar; C-B memisahkan nilai penalaran bersama di atasnya"
}
-> /workspace/project-expertise/pipeline-pertandan/results/pt_e_017_gnn_deteksi.json  (1857.5 s)
