New https://pypi.org/project/ultralytics/8.4.120 available 😃 Update with 'pip install -U ultralytics'
Ultralytics 8.4.103 🚀 Python-3.12.3 torch-2.8.0+cu128 CUDA:0 (NVIDIA RTX 2000 Ada Generation, 15947MiB)
engine/trainer: agnostic_nms=False, amp=True, angle=1.0, augment=False, auto_augment=randaugment, batch=4, bgr=0.0, box=7.5, cache=False, cfg=None, classes=None, close_mosaic=10, cls=0.5, cls_pw=0.0, cls_remap=True, compile=False, conf=None, copy_paste=0.0, copy_paste_mode=flip, cos_lr=True, cutmix=0.0, data=/workspace/d352_rgbedgemono/data.yaml, degrees=0.0, deterministic=True, device=, dfl=1.5, dis=6.0, distill_model=None, dnn=False, dropout=0.0, dynamic=False, embed=None, end2end=None, epochs=1, erasing=0.4, exist_ok=False, fliplr=0.5, flipud=0.0, format=torchscript, fraction=1.0, freeze=None, hsv_h=0.015, hsv_s=0.7, hsv_v=0.4, imgsz=1280, iou=0.7, keras=False, kobj=1.0, line_width=None, lr0=0.01, lrf=0.01, mask_ratio=4, max_det=300, mixup=0.0, mode=train, model=yolo26l.pt, momentum=0.937, mosaic=1.0, multi_scale=0.0, name=uji5ch, nbs=64, nms=False, opset=None, optimize=False, optimizer=auto, overlap_mask=True, patience=1, perspective=0.0, plots=True, pose=12.0, pretrained=True, profile=False, project=/workspace/project-expertise/runs, quantize=None, rect=False, resume=False, retina_masks=False, rle=1.0, save=True, save_conf=False, save_crop=False, save_dir=/workspace/project-expertise/runs/uji5ch, save_frames=False, save_json=False, save_period=-1, save_txt=False, scale=0.5, seed=42, shear=0.0, show=False, show_boxes=True, show_conf=True, show_labels=True, simplify=True, single_cls=False, source=None, split=val, stream_buffer=False, task=detect, time=None, tracker=tracktrack.yaml, translate=0.1, val=True, verbose=True, vid_stride=1, visualize=False, warmup_bias_lr=0.1, warmup_epochs=3.0, warmup_momentum=0.8, weight_decay=0.0005, workers=8, workspace=None
Overriding model.yaml nc=80 with nc=4
                   from  n    params  module                                       arguments                     
  0                  -1  1      3008  ultralytics.nn.modules.conv.Conv             [5, 64, 3, 2]                 
  1                  -1  1     73984  ultralytics.nn.modules.conv.Conv             [64, 128, 3, 2]               
  2                  -1  2    173824  ultralytics.nn.modules.block.C3k2            [128, 256, 2, True, 0.25]     
  3                  -1  1    590336  ultralytics.nn.modules.conv.Conv             [256, 256, 3, 2]              
  4                  -1  2    691712  ultralytics.nn.modules.block.C3k2            [256, 512, 2, True, 0.25]     
  5                  -1  1   2360320  ultralytics.nn.modules.conv.Conv             [512, 512, 3, 2]              
  6                  -1  2   2234368  ultralytics.nn.modules.block.C3k2            [512, 512, 2, True]           
  7                  -1  1   2360320  ultralytics.nn.modules.conv.Conv             [512, 512, 3, 2]              
  8                  -1  2   2234368  ultralytics.nn.modules.block.C3k2            [512, 512, 2, True]           
  9                  -1  1    656896  ultralytics.nn.modules.block.SPPF            [512, 512, 5, 3, True]        
 10                  -1  2   1455616  ultralytics.nn.modules.block.C2PSA           [512, 512, 2]                 
 11                  -1  1         0  torch.nn.modules.upsampling.Upsample         [None, 2, 'nearest']          
 12             [-1, 6]  1         0  ultralytics.nn.modules.conv.Concat           [1]                           
 13                  -1  2   2496512  ultralytics.nn.modules.block.C3k2            [1024, 512, 2, True]          
 14                  -1  1         0  torch.nn.modules.upsampling.Upsample         [None, 2, 'nearest']          
 15             [-1, 4]  1         0  ultralytics.nn.modules.conv.Concat           [1]                           
 16                  -1  2    756736  ultralytics.nn.modules.block.C3k2            [1024, 256, 2, True]          
 17                  -1  1    590336  ultralytics.nn.modules.conv.Conv             [256, 256, 3, 2]              
 18            [-1, 13]  1         0  ultralytics.nn.modules.conv.Concat           [1]                           
 19                  -1  2   2365440  ultralytics.nn.modules.block.C3k2            [768, 512, 2, True]           
 20                  -1  1   2360320  ultralytics.nn.modules.conv.Conv             [512, 512, 3, 2]              
 21            [-1, 10]  1         0  ultralytics.nn.modules.conv.Concat           [1]                           
 22                  -1  1   1974784  ultralytics.nn.modules.block.C3k2            [1024, 512, 1, True, 0.5, True]
 23        [16, 19, 22]  1   2804784  ultralytics.nn.modules.head.Detect           [4, 1, True, [256, 512, 512]] 
YOLO26l summary: 392 layers, 26,183,664 parameters, 26,183,664 gradients, 93.4 GFLOPs
Transferred 1080/1092 items from pretrained weights
AMP: running Automatic Mixed Precision (AMP) checks...
AMP: checks passed ✅
train: Fast image access ✅ (ping: 2.6±1.3 ms, read: 131.3±32.8 MB/s, size: 3412.2 KB)
train: Scanning /workspace/d352_rgbedgemono/labels/train... 1 images, 0 backgrounds, 0 corrupt: 0% ──────────── 1/980 2.9it/s 0.1s<5:32
train: Scanning /workspace/d352_rgbedgemono/labels/train... 27 images, 0 backgrounds, 0 corrupt: 2% ──────────── 27/980 79.7it/s 0.2s<12.0s
train: Scanning /workspace/d352_rgbedgemono/labels/train... 56 images, 4 backgrounds, 0 corrupt: 5% ╸─────────── 56/980 126.3it/s 0.3s<7.3s
train: Scanning /workspace/d352_rgbedgemono/labels/train... 85 images, 9 backgrounds, 0 corrupt: 8% ━─────────── 85/980 174.6it/s 0.4s<5.1s
train: Scanning /workspace/d352_rgbedgemono/labels/train... 108 images, 9 backgrounds, 0 corrupt: 11% ━─────────── 108/980 190.8it/s 0.5s<4.6s
train: Scanning /workspace/d352_rgbedgemono/labels/train... 137 images, 13 backgrounds, 0 corrupt: 13% ━╸────────── 137/980 218.7it/s 0.6s<3.9s
train: Scanning /workspace/d352_rgbedgemono/labels/train... 166 images, 19 backgrounds, 0 corrupt: 16% ━━────────── 166/980 238.5it/s 0.7s<3.4s
train: Scanning /workspace/d352_rgbedgemono/labels/train... 197 images, 27 backgrounds, 0 corrupt: 20% ━━────────── 197/980 253.3it/s 0.8s<3.1s
train: Scanning /workspace/d352_rgbedgemono/labels/train... 229 images, 31 backgrounds, 0 corrupt: 23% ━━╸───────── 229/980 268.5it/s 0.9s<2.8s
train: Scanning /workspace/d352_rgbedgemono/labels/train... 253 images, 36 backgrounds, 0 corrupt: 25% ━━━───────── 253/980 259.2it/s 1.0s<2.8s
train: Scanning /workspace/d352_rgbedgemono/labels/train... 278 images, 47 backgrounds, 0 corrupt: 28% ━━━───────── 278/980 256.3it/s 1.1s<2.7s
train: Scanning /workspace/d352_rgbedgemono/labels/train... 311 images, 55 backgrounds, 0 corrupt: 31% ━━━╸──────── 311/980 275.0it/s 1.2s<2.4s
train: Scanning /workspace/d352_rgbedgemono/labels/train... 342 images, 59 backgrounds, 0 corrupt: 34% ━━━━──────── 342/980 284.7it/s 1.3s<2.2s
train: Scanning /workspace/d352_rgbedgemono/labels/train... 373 images, 64 backgrounds, 0 corrupt: 38% ━━━━╸─────── 373/980 291.3it/s 1.5s<2.1s
train: Scanning /workspace/d352_rgbedgemono/labels/train... 404 images, 69 backgrounds, 0 corrupt: 41% ━━━━╸─────── 404/980 289.6it/s 1.6s<2.0s
train: Scanning /workspace/d352_rgbedgemono/labels/train... 436 images, 71 backgrounds, 0 corrupt: 44% ━━━━━─────── 436/980 292.6it/s 1.7s<1.9s
train: Scanning /workspace/d352_rgbedgemono/labels/train... 452 images, 72 backgrounds, 0 corrupt: 46% ━━━━━╸────── 452/980 252.1it/s 1.8s<2.1s
train: Scanning /workspace/d352_rgbedgemono/labels/train... 478 images, 77 backgrounds, 0 corrupt: 48% ━━━━━╸────── 478/980 249.6it/s 1.9s<2.0s
train: Scanning /workspace/d352_rgbedgemono/labels/train... 509 images, 82 backgrounds, 0 corrupt: 51% ━━━━━━────── 509/980 267.5it/s 2.0s<1.8s
train: Scanning /workspace/d352_rgbedgemono/labels/train... 536 images, 85 backgrounds, 0 corrupt: 54% ━━━━━━╸───── 536/980 261.8it/s 2.1s<1.7s
train: Scanning /workspace/d352_rgbedgemono/labels/train... 562 images, 92 backgrounds, 0 corrupt: 57% ━━━━━━╸───── 562/980 261.0it/s 2.2s<1.6s
train: Scanning /workspace/d352_rgbedgemono/labels/train... 592 images, 95 backgrounds, 0 corrupt: 60% ━━━━━━━───── 592/980 267.1it/s 2.3s<1.5s
train: Scanning /workspace/d352_rgbedgemono/labels/train... 618 images, 96 backgrounds, 0 corrupt: 63% ━━━━━━━╸──── 618/980 258.0it/s 2.4s<1.4s
train: Scanning /workspace/d352_rgbedgemono/labels/train... 643 images, 97 backgrounds, 0 corrupt: 65% ━━━━━━━╸──── 643/980 254.8it/s 2.5s<1.3s
train: Scanning /workspace/d352_rgbedgemono/labels/train... 674 images, 101 backgrounds, 0 corrupt: 68% ━━━━━━━━──── 674/980 252.7it/s 2.6s<1.2s
train: Scanning /workspace/d352_rgbedgemono/labels/train... 700 images, 105 backgrounds, 0 corrupt: 71% ━━━━━━━━╸─── 700/980 250.9it/s 2.7s<1.1s
train: Scanning /workspace/d352_rgbedgemono/labels/train... 726 images, 109 backgrounds, 0 corrupt: 74% ━━━━━━━━╸─── 726/980 252.3it/s 2.8s<1.0s
train: Scanning /workspace/d352_rgbedgemono/labels/train... 753 images, 121 backgrounds, 0 corrupt: 76% ━━━━━━━━━─── 753/980 256.2it/s 2.9s<0.9s
train: Scanning /workspace/d352_rgbedgemono/labels/train... 772 images, 123 backgrounds, 0 corrupt: 78% ━━━━━━━━━─── 772/980 233.8it/s 3.0s<0.9s
train: Scanning /workspace/d352_rgbedgemono/labels/train... 800 images, 129 backgrounds, 0 corrupt: 81% ━━━━━━━━━╸── 800/980 242.0it/s 3.1s<0.7s
train: Scanning /workspace/d352_rgbedgemono/labels/train... 819 images, 130 backgrounds, 0 corrupt: 83% ━━━━━━━━━━── 819/980 225.2it/s 3.2s<0.7s
train: Scanning /workspace/d352_rgbedgemono/labels/train... 847 images, 131 backgrounds, 0 corrupt: 86% ━━━━━━━━━━── 847/980 240.3it/s 3.4s<0.6s
train: Scanning /workspace/d352_rgbedgemono/labels/train... 874 images, 133 backgrounds, 0 corrupt: 89% ━━━━━━━━━━╸─ 874/980 246.1it/s 3.5s<0.4s
train: Scanning /workspace/d352_rgbedgemono/labels/train... 902 images, 138 backgrounds, 0 corrupt: 92% ━━━━━━━━━━━─ 902/980 251.4it/s 3.6s<0.3s
train: Scanning /workspace/d352_rgbedgemono/labels/train... 935 images, 141 backgrounds, 0 corrupt: 95% ━━━━━━━━━━━─ 935/980 266.1it/s 3.7s<0.2s
train: Scanning /workspace/d352_rgbedgemono/labels/train... 965 images, 144 backgrounds, 0 corrupt: 98% ━━━━━━━━━━━╸ 965/980 270.1it/s 3.8s<0.1s
train: Scanning /workspace/d352_rgbedgemono/labels/train... 980 images, 144 backgrounds, 0 corrupt: 100% ━━━━━━━━━━━━ 980/980 254.2it/s 3.9s
train: New cache created: /workspace/d352_rgbedgemono/labels/train.cache
val: Fast image access ✅ (ping: 2.4±0.6 ms, read: 127.7±31.8 MB/s, size: 3514.0 KB)
val: Scanning /workspace/d352_rgbedgemono/labels/val... 24 images, 0 backgrounds, 0 corrupt: 11% ━─────────── 24/208 71.8it/s 0.1s<2.6s
val: Scanning /workspace/d352_rgbedgemono/labels/val... 43 images, 2 backgrounds, 0 corrupt: 20% ━━────────── 43/208 105.1it/s 0.2s<1.6s
val: Scanning /workspace/d352_rgbedgemono/labels/val... 79 images, 10 backgrounds, 0 corrupt: 37% ━━━━╸─────── 79/208 174.8it/s 0.3s<0.7s
val: Scanning /workspace/d352_rgbedgemono/labels/val... 106 images, 14 backgrounds, 0 corrupt: 50% ━━━━━━────── 106/208 193.8it/s 0.4s<0.5s
val: Scanning /workspace/d352_rgbedgemono/labels/val... 136 images, 19 backgrounds, 0 corrupt: 65% ━━━━━━━╸──── 136/208 208.7it/s 0.5s<0.3s
val: Scanning /workspace/d352_rgbedgemono/labels/val... 162 images, 25 backgrounds, 0 corrupt: 77% ━━━━━━━━━─── 162/208 223.7it/s 0.6s<0.2s
val: Scanning /workspace/d352_rgbedgemono/labels/val... 182 images, 25 backgrounds, 0 corrupt: 87% ━━━━━━━━━━── 182/208 203.1it/s 0.8s<0.1s
val: Scanning /workspace/d352_rgbedgemono/labels/val... 205 images, 27 backgrounds, 0 corrupt: 98% ━━━━━━━━━━━╸ 205/208 166.3it/s 1.1s<0.0s
val: Scanning /workspace/d352_rgbedgemono/labels/val... 208 images, 29 backgrounds, 0 corrupt: 100% ━━━━━━━━━━━━ 208/208 195.2it/s 1.1s
val: New cache created: /workspace/d352_rgbedgemono/labels/val.cache
optimizer: 'optimizer=auto' found, ignoring 'lr0=0.01' and 'momentum=0.937' and determining best 'optimizer', 'lr0' and 'momentum' automatically... 
optimizer: AdamW(lr=0.00125, momentum=0.9) with parameter groups 178 weight(decay=0.0), 190 weight(decay=0.0005), 190 bias(decay=0.0)
Plotting labels to /workspace/project-expertise/runs/uji5ch/labels.jpg... 
Image sizes 1280 train, 1280 val
Using 8 dataloader workers
Logging results to /workspace/project-expertise/runs/uji5ch
Starting training for 1 epochs...
      Epoch    GPU_mem   box_loss   cls_loss   dfl_loss  Instances       Size
        1/1      11.9G      3.172      44.82    0.01334         11       1280: 0% ──────────── 0/245  7.1s
        1/1      11.9G       3.32      54.67    0.02344          8       1280: 0% ──────────── 1/245 2.2s/it 7.8s<8:49
        1/1      11.9G      3.265      48.06     0.0245         15       1280: 0% ──────────── 2/245 1.3s/it 8.4s<5:11
        1/1      11.9G      3.201      46.74     0.0237         11       1280: 1% ──────────── 3/245 1.0s/it 9.1s<4:03
        1/1      11.9G      3.069      49.21    0.02218          7       1280: 1% ──────────── 4/245 1.2it/s 9.7s<3:26
        1/1      11.9G      3.099       46.1     0.0208         17       1280: 2% ──────────── 5/245 1.3it/s 10.4s<3:06
        1/1      11.9G      2.994      46.84    0.02116          8       1280: 2% ──────────── 6/245 1.4it/s 11.0s<2:54
        1/1      11.9G      2.927       45.4    0.02081         12       1280: 2% ──────────── 7/245 1.4it/s 11.6s<2:46
        1/1      11.9G      2.913      43.72    0.02061         16       1280: 3% ──────────── 8/245 1.5it/s 12.3s<2:41
        1/1      11.9G      2.949      43.17    0.02035         13       1280: 3% ──────────── 9/245 1.5it/s 12.9s<2:37
        1/1      11.9G      2.955      47.59    0.02044          5       1280: 4% ──────────── 10/245 1.5it/s 13.5s<2:34
        1/1      11.9G      2.929      46.81    0.02029         12       1280: 4% ╸─────────── 11/245 1.5it/s 14.2s<2:32
        1/1      11.9G      2.912      46.06    0.02014         12       1280: 4% ╸─────────── 12/245 1.5it/s 14.8s<2:31
        1/1      11.9G      2.915      46.36    0.01989          9       1280: 5% ╸─────────── 13/245 1.6it/s 15.5s<2:30
        1/1      11.9G      2.885      45.81    0.01996         11       1280: 5% ╸─────────── 14/245 1.6it/s 16.1s<2:28
        1/1      11.9G      2.892      45.85    0.01965         10       1280: 6% ╸─────────── 15/245 1.5it/s 16.8s<2:31
        1/1      11.9G      2.927      46.43    0.01926         10       1280: 6% ╸─────────── 16/245 1.5it/s 17.4s<2:29
        1/1      11.9G      2.887      46.08    0.01913         10       1280: 6% ╸─────────── 17/245 1.5it/s 18.1s<2:27
        1/1      11.9G      2.878      45.26    0.01904         15       1280: 7% ╸─────────── 18/245 1.6it/s 18.7s<2:26
        1/1      11.9G      2.849      45.81    0.01878          7       1280: 7% ╸─────────── 19/245 1.6it/s 19.3s<2:25
        1/1      11.9G      2.836      45.34    0.01883         12       1280: 8% ╸─────────── 20/245 1.6it/s 20.0s<2:24
        1/1      11.9G      2.842      48.45    0.01862          4       1280: 8% ━─────────── 21/245 1.6it/s 20.6s<2:24
        1/1      11.9G      2.797      50.21    0.01841          4       1280: 8% ━─────────── 22/245 1.6it/s 21.3s<2:23
        1/1      11.9G      2.799      49.21     0.0181         19       1280: 9% ━─────────── 23/245 1.6it/s 21.9s<2:22
        1/1      11.9G      2.797      48.85    0.01792         11       1280: 9% ━─────────── 24/245 1.6it/s 22.5s<2:21
        1/1      11.9G      2.792      47.75    0.01771         25       1280: 10% ━─────────── 25/245 1.6it/s 23.2s<2:21
        1/1      11.9G      2.807      47.11    0.01763         17       1280: 10% ━─────────── 26/245 1.6it/s 23.8s<2:21
        1/1      11.9G      2.815      46.98    0.01776         11       1280: 11% ━─────────── 27/245 1.6it/s 24.5s<2:20
        1/1      11.9G      2.797      46.39    0.01757         14       1280: 11% ━─────────── 28/245 1.6it/s 25.1s<2:19
        1/1      11.9G      2.792       46.6    0.01759          8       1280: 11% ━─────────── 29/245 1.6it/s 25.7s<2:18
        1/1      11.9G      2.779      46.94    0.01768          7       1280: 12% ━─────────── 30/245 1.6it/s 26.4s<2:17
        1/1      11.9G      2.768      47.27    0.01788          7       1280: 12% ━╸────────── 31/245 1.5it/s 27.0s<2:18
        1/1      11.9G      2.751      46.73    0.01772         14       1280: 13% ━╸────────── 32/245 1.6it/s 27.7s<2:17
        1/1      11.9G      2.728      46.41    0.01762         11       1280: 13% ━╸────────── 33/245 1.5it/s 28.3s<2:17
        1/1      11.9G      2.735      45.78    0.01745         21       1280: 13% ━╸────────── 34/245 1.6it/s 29.0s<2:16
        1/1      11.9G      2.738      45.67    0.01738         11       1280: 14% ━╸────────── 35/245 1.5it/s 29.6s<2:16
        1/1      11.9G      2.732      46.06    0.01735          7       1280: 14% ━╸────────── 36/245 1.5it/s 30.3s<2:16
        1/1      11.9G      2.718      45.89    0.01721         10       1280: 15% ━╸────────── 37/245 1.5it/s 30.9s<2:15
        1/1      11.9G       2.72         46    0.01713          9       1280: 15% ━╸────────── 38/245 1.6it/s 31.6s<2:13
        1/1      11.9G      2.714      46.13    0.01712          8       1280: 15% ━╸────────── 39/245 1.6it/s 32.2s<2:12
        1/1      11.9G      2.712       45.7    0.01709         16       1280: 16% ━╸────────── 40/245 1.6it/s 32.8s<2:11
        1/1      11.9G      2.722      45.51    0.01709         13       1280: 16% ━━────────── 41/245 1.6it/s 33.5s<2:11
        1/1      11.9G      2.725      45.62     0.0172          9       1280: 17% ━━────────── 42/245 1.6it/s 34.1s<2:11
        1/1      11.9G      2.729      45.48    0.01725         12       1280: 17% ━━────────── 43/245 1.6it/s 34.8s<2:10
        1/1      11.9G      2.737      45.12    0.01731         17       1280: 17% ━━────────── 44/245 1.6it/s 35.4s<2:09
        1/1      11.9G      2.738      44.83    0.01719         15       1280: 18% ━━────────── 45/245 1.6it/s 36.1s<2:08
        1/1      11.9G      2.734      44.98    0.01722          8       1280: 18% ━━────────── 46/245 1.6it/s 36.7s<2:08
        1/1      11.9G      2.739      45.94    0.01731          5       1280: 19% ━━────────── 47/245 1.5it/s 37.4s<2:08
        1/1      11.9G      2.742      46.05    0.01739          9       1280: 19% ━━────────── 48/245 1.6it/s 38.0s<2:07
        1/1      11.9G      2.749      46.02    0.01734         11       1280: 20% ━━────────── 49/245 1.5it/s 38.6s<2:06
        1/1      11.9G      2.738      45.54    0.01723         20       1280: 20% ━━────────── 50/245 1.6it/s 39.3s<2:06
        1/1      11.9G      2.731      45.47     0.0172         10       1280: 20% ━━────────── 51/245 1.6it/s 39.9s<2:05
        1/1      11.9G      2.737      45.31    0.01711         13       1280: 21% ━━╸───────── 52/245 1.6it/s 40.6s<2:04
        1/1      11.9G      2.725      45.93    0.01715          5       1280: 21% ━━╸───────── 53/245 1.6it/s 41.2s<2:04
        1/1      11.9G      2.727      46.46    0.01719          6       1280: 22% ━━╸───────── 54/245 1.6it/s 41.9s<2:03
        1/1      11.9G      2.721      46.66    0.01712          7       1280: 22% ━━╸───────── 55/245 1.6it/s 42.5s<2:02
        1/1      11.9G      2.732      46.77    0.01712         10       1280: 22% ━━╸───────── 56/245 1.6it/s 43.1s<2:01
        1/1      11.9G      2.743      46.56    0.01706         15       1280: 23% ━━╸───────── 57/245 1.6it/s 43.8s<2:00
        1/1      11.9G      2.749      46.66    0.01707          9       1280: 23% ━━╸───────── 58/245 1.6it/s 44.4s<1:60
        1/1      11.9G      2.743      46.74    0.01716          8       1280: 24% ━━╸───────── 59/245 1.6it/s 45.1s<1:60
        1/1      11.9G      2.742       46.3    0.01708         25       1280: 24% ━━╸───────── 60/245 1.6it/s 45.7s<1:59
        1/1      11.9G      2.744      46.05    0.01707         16       1280: 24% ━━╸───────── 61/245 1.6it/s 46.4s<1:59
        1/1      11.9G      2.739      46.96    0.01715          4       1280: 25% ━━━───────── 62/245 1.6it/s 47.0s<1:58
        1/1      11.9G      2.735      48.25    0.01718          3       1280: 25% ━━━───────── 63/245 1.5it/s 47.7s<1:58
        1/1      11.9G      2.729      48.08    0.01714         11       1280: 26% ━━━───────── 64/245 1.5it/s 48.3s<1:57
        1/1      11.9G      2.735      47.98     0.0172         12       1280: 26% ━━━───────── 65/245 1.5it/s 48.9s<1:56
        1/1      11.9G      2.734      47.79    0.01724         13       1280: 26% ━━━───────── 66/245 1.6it/s 49.6s<1:55
        1/1      11.9G      2.729      47.77    0.01719          9       1280: 27% ━━━───────── 67/245 1.5it/s 50.2s<1:55
        1/1      11.9G      2.735      47.86    0.01719          9       1280: 27% ━━━───────── 68/245 1.5it/s 50.9s<1:54
        1/1      11.9G      2.726      48.08    0.01709          6       1280: 28% ━━━───────── 69/245 1.5it/s 51.5s<1:54
        1/1      11.9G      2.724      47.78    0.01708         17       1280: 28% ━━━───────── 70/245 1.5it/s 52.2s<1:53
        1/1      11.9G      2.722      47.87    0.01704          8       1280: 28% ━━━───────── 71/245 1.5it/s 52.8s<1:53
        1/1      11.9G      2.716       47.9    0.01705          8       1280: 29% ━━━╸──────── 72/245 1.5it/s 53.5s<1:52
        1/1      11.9G      2.714      47.75    0.01705         12       1280: 29% ━━━╸──────── 73/245 1.6it/s 54.1s<1:51
        1/1      11.9G      2.714      47.63    0.01705         12       1280: 30% ━━━╸──────── 74/245 1.6it/s 54.8s<1:50
        1/1      11.9G       2.71      47.41    0.01699         14       1280: 30% ━━━╸──────── 75/245 1.6it/s 55.4s<1:49
        1/1      11.9G      2.702       47.2    0.01691         13       1280: 31% ━━━╸──────── 76/245 1.6it/s 56.0s<1:49
        1/1      11.9G      2.701      47.03    0.01685         14       1280: 31% ━━━╸──────── 77/245 1.6it/s 56.7s<1:48
        1/1      11.9G      2.698      47.08    0.01678          8       1280: 31% ━━━╸──────── 78/245 1.6it/s 57.3s<1:48
        1/1      11.9G      2.701      47.07    0.01674         10       1280: 32% ━━━╸──────── 79/245 1.5it/s 58.0s<1:47
        1/1      11.9G      2.704      47.23    0.01679          8       1280: 32% ━━━╸──────── 80/245 1.5it/s 58.6s<1:47
        1/1      11.9G      2.704      47.15    0.01678         11       1280: 33% ━━━╸──────── 81/245 1.5it/s 59.3s<1:46
        1/1      11.9G      2.707       47.2    0.01689          9       1280: 33% ━━━━──────── 82/245 1.5it/s 59.9s<1:46
        1/1      11.9G      2.708      47.17    0.01686         10       1280: 33% ━━━━──────── 83/245 1.5it/s 1:01<1:45
        1/1      11.9G      2.706      46.92     0.0168         17       1280: 34% ━━━━──────── 84/245 1.5it/s 1:01<1:45
        1/1      11.9G        2.7      46.74    0.01675         13       1280: 34% ━━━━──────── 85/245 1.5it/s 1:02<1:44
        1/1      11.9G      2.695      47.66    0.01672          3       1280: 35% ━━━━──────── 86/245 1.5it/s 1:03<1:43
        1/1      11.9G        2.7      47.59    0.01671         12       1280: 35% ━━━━──────── 87/245 1.5it/s 1:03<1:42
        1/1      11.9G      2.702       47.4     0.0167         16       1280: 35% ━━━━──────── 88/245 1.5it/s 1:04<1:42
        1/1      11.9G      2.703      47.86    0.01677          5       1280: 36% ━━━━──────── 89/245 1.6it/s 1:04<1:41
        1/1      11.9G      2.702         48    0.01681          7       1280: 36% ━━━━──────── 90/245 1.6it/s 1:05<1:40
        1/1      11.9G      2.703      48.17    0.01685          7       1280: 37% ━━━━──────── 91/245 1.6it/s 1:06<1:39
        1/1      11.9G      2.705      48.26    0.01694          8       1280: 37% ━━━━╸─────── 92/245 1.6it/s 1:06<1:39
        1/1      11.9G      2.706      48.31    0.01699          8       1280: 37% ━━━━╸─────── 93/245 1.5it/s 1:07<1:38
        1/1      11.9G      2.711      48.06    0.01696         22       1280: 38% ━━━━╸─────── 94/245 1.6it/s 1:08<1:37
        1/1      11.9G      2.712      47.92    0.01696         14       1280: 38% ━━━━╸─────── 95/245 1.5it/s 1:08<1:38
        1/1      11.9G       2.71      48.04      0.017          7       1280: 39% ━━━━╸─────── 96/245 1.5it/s 1:09<1:37
        1/1      11.9G      2.711      47.87    0.01697         15       1280: 39% ━━━━╸─────── 97/245 1.5it/s 1:10<1:36
        1/1      11.9G      2.711      47.68    0.01692         16       1280: 40% ━━━━╸─────── 98/245 1.5it/s 1:10<1:35
        1/1      11.9G      2.714      47.67    0.01695         10       1280: 40% ━━━━╸─────── 99/245 1.5it/s 1:11<1:35
        1/1      11.9G       2.71      47.58    0.01692         11       1280: 40% ━━━━╸─────── 100/245 1.5it/s 1:12<1:34
        1/1      11.9G       2.71      47.38    0.01692         17       1280: 41% ━━━━╸─────── 101/245 1.5it/s 1:12<1:33
        1/1      11.9G      2.705      48.15    0.01688          3       1280: 41% ━━━━╸─────── 102/245 1.5it/s 1:13<1:33
        1/1      11.9G      2.706      47.91    0.01685         21       1280: 42% ━━━━━─────── 103/245 1.5it/s 1:14<1:32
        1/1      11.9G      2.709      47.84     0.0169         12       1280: 42% ━━━━━─────── 104/245 1.5it/s 1:14<1:32
        1/1      11.9G      2.705      47.72    0.01685         12       1280: 42% ━━━━━─────── 105/245 1.5it/s 1:15<1:31
        1/1      11.9G      2.704      47.95    0.01683          6       1280: 43% ━━━━━─────── 106/245 1.5it/s 1:15<1:30
        1/1      11.9G      2.703      47.91    0.01686         10       1280: 43% ━━━━━─────── 107/245 1.5it/s 1:16<1:30
        1/1      11.9G        2.7      47.93    0.01687          8       1280: 44% ━━━━━─────── 108/245 1.5it/s 1:17<1:29
        1/1      11.9G      2.698      47.83    0.01684         12       1280: 44% ━━━━━─────── 109/245 1.5it/s 1:17<1:29
        1/1      11.9G      2.706      47.89    0.01686         10       1280: 44% ━━━━━─────── 110/245 1.5it/s 1:18<1:28
        1/1      11.9G      2.704       47.9    0.01685          9       1280: 45% ━━━━━─────── 111/245 1.5it/s 1:19<1:28
        1/1      11.9G      2.702      47.99    0.01681          7       1280: 45% ━━━━━─────── 112/245 1.5it/s 1:19<1:27
        1/1      11.9G      2.699      47.98    0.01681          9       1280: 46% ━━━━━╸────── 113/245 1.5it/s 1:20<1:26
        1/1      11.9G      2.699      47.94     0.0168         10       1280: 46% ━━━━━╸────── 114/245 1.5it/s 1:21<1:25
        1/1      11.9G      2.699       47.9     0.0168         10       1280: 46% ━━━━━╸────── 115/245 1.5it/s 1:21<1:24
        1/1      11.9G        2.7      48.79    0.01693          3       1280: 47% ━━━━━╸────── 116/245 1.5it/s 1:22<1:24
        1/1      11.9G        2.7      48.77    0.01694          9       1280: 47% ━━━━━╸────── 117/245 1.5it/s 1:23<1:23
        1/1      11.9G      2.697      48.79    0.01693          8       1280: 48% ━━━━━╸────── 118/245 1.5it/s 1:23<1:23
        1/1      11.9G      2.701       48.7    0.01693         13       1280: 48% ━━━━━╸────── 119/245 1.5it/s 1:24<1:22
        1/1      11.9G      2.706       48.6    0.01693         14       1280: 48% ━━━━━╸────── 120/245 1.5it/s 1:25<1:21
        1/1      11.9G      2.703      48.68     0.0169          7       1280: 49% ━━━━━╸────── 121/245 1.5it/s 1:25<1:21
        1/1      11.9G      2.707      48.57     0.0169         15       1280: 49% ━━━━━╸────── 122/245 1.5it/s 1:26<1:20
        1/1      11.9G      2.708      48.47    0.01688         13       1280: 50% ━━━━━━────── 123/245 1.5it/s 1:27<1:19
        1/1      11.9G       2.71      48.31    0.01687         18       1280: 50% ━━━━━━────── 124/245 1.5it/s 1:27<1:19
        1/1      11.9G       2.71      48.35    0.01691          8       1280: 51% ━━━━━━────── 125/245 1.5it/s 1:28<1:18
        1/1      11.9G       2.71      48.28    0.01694         12       1280: 51% ━━━━━━────── 126/245 1.5it/s 1:28<1:17
        1/1      11.9G      2.717      48.49    0.01702          7       1280: 51% ━━━━━━────── 127/245 1.5it/s 1:29<1:17
        1/1      11.9G      2.717      48.38    0.01705         13       1280: 52% ━━━━━━────── 128/245 1.5it/s 1:30<1:17
        1/1      11.9G      2.717      48.35    0.01709         10       1280: 52% ━━━━━━────── 129/245 1.5it/s 1:30<1:16
        1/1      11.9G      2.714      48.98    0.01709          3       1280: 53% ━━━━━━────── 130/245 1.5it/s 1:31<1:15
        1/1      11.9G      2.711      48.85    0.01706         13       1280: 53% ━━━━━━────── 131/245 1.5it/s 1:32<1:14
        1/1      11.9G      2.712      48.73    0.01708         14       1280: 53% ━━━━━━────── 132/245 1.5it/s 1:32<1:14
        1/1      11.9G      2.715       48.7    0.01712         11       1280: 54% ━━━━━━╸───── 133/245 1.5it/s 1:33<1:13
        1/1      11.9G      2.715      49.12     0.0171          4       1280: 54% ━━━━━━╸───── 134/245 1.5it/s 1:34<1:13
        1/1      11.9G      2.715      48.92    0.01706         22       1280: 55% ━━━━━━╸───── 135/245 1.5it/s 1:34<1:12
        1/1      11.9G      2.718      48.82    0.01708         14       1280: 55% ━━━━━━╸───── 136/245 1.5it/s 1:35<1:11
        1/1      11.9G       2.72      48.81     0.0171         10       1280: 55% ━━━━━━╸───── 137/245 1.5it/s 1:36<1:11
        1/1      11.9G       2.72      48.81     0.0171         10       1280: 56% ━━━━━━╸───── 138/245 3.7it/s 1:36<29.0s
        1/1      11.9G      2.717      48.83    0.01708          8       1280: 56% ━━━━━━╸───── 138/245 2.6it/s 1:37<41.4s
        1/1      11.9G      2.718      48.72    0.01708         14       1280: 56% ━━━━━━╸───── 139/245 2.3it/s 1:37<46.7s
        1/1      11.9G      2.717      48.71    0.01706          9       1280: 57% ━━━━━━╸───── 140/245 2.1it/s 1:38<51.1s
        1/1      11.9G      2.715      48.67    0.01704         10       1280: 57% ━━━━━━╸───── 141/245 1.9it/s 1:38<54.8s
        1/1      11.9G      2.711      48.65    0.01704          9       1280: 57% ━━━━━━╸───── 142/245 1.8it/s 1:39<57.5s
        1/1      11.9G      2.711      48.49    0.01701         19       1280: 58% ━━━━━━━───── 143/245 1.7it/s 1:40<59.6s
        1/1      11.9G      2.709      48.34    0.01699         17       1280: 58% ━━━━━━━───── 144/245 1.7it/s 1:40<1:01
        1/1      11.9G      2.707      48.36    0.01701          8       1280: 59% ━━━━━━━───── 145/245 1.6it/s 1:41<1:01
        1/1      11.9G      2.706      48.44    0.01702          7       1280: 59% ━━━━━━━───── 146/245 1.6it/s 1:42<1:02
        1/1      11.9G      2.707      48.38    0.01702         11       1280: 60% ━━━━━━━───── 147/245 1.6it/s 1:42<1:02
        1/1      11.9G      2.704      48.28    0.01701         12       1280: 60% ━━━━━━━───── 148/245 1.6it/s 1:43<1:02
        1/1      11.9G      2.701      48.21      0.017         11       1280: 60% ━━━━━━━───── 149/245 1.6it/s 1:44<1:02
        1/1      11.9G        2.7      48.13    0.01699         12       1280: 61% ━━━━━━━───── 150/245 1.6it/s 1:44<1:01
        1/1      11.9G      2.703      47.96      0.017         25       1280: 61% ━━━━━━━───── 151/245 1.6it/s 1:45<1:01
        1/1      11.9G      2.705       47.8      0.017         21       1280: 62% ━━━━━━━───── 152/245 1.5it/s 1:46<1:00
        1/1      11.9G      2.705      48.04      0.017          5       1280: 62% ━━━━━━━───── 153/245 1.5it/s 1:46<59.5s
        1/1      11.9G      2.706      47.91    0.01697         17       1280: 62% ━━━━━━━╸──── 154/245 1.5it/s 1:47<58.9s
        1/1      11.9G      2.705      47.86    0.01697         11       1280: 63% ━━━━━━━╸──── 155/245 1.5it/s 1:48<58.3s
        1/1      11.9G      2.706      47.88    0.01707          9       1280: 63% ━━━━━━━╸──── 156/245 1.5it/s 1:48<57.6s
        1/1      11.9G      2.706      47.92    0.01706          8       1280: 64% ━━━━━━━╸──── 157/245 1.5it/s 1:49<57.1s
        1/1      11.9G      2.706      47.88    0.01706         11       1280: 64% ━━━━━━━╸──── 158/245 1.5it/s 1:49<56.3s
        1/1        12G      2.709      47.96    0.01708          8       1280: 64% ━━━━━━━╸──── 159/245 1.5it/s 1:50<58.1s
        1/1        12G      2.709      47.81    0.01708         15       1280: 65% ━━━━━━━╸──── 160/245 1.5it/s 1:51<56.7s
        1/1        12G      2.708      47.76     0.0171          8       1280: 65% ━━━━━━━╸──── 161/245 1.5it/s 1:52<55.8s
        1/1        12G      2.709      47.69    0.01713          9       1280: 66% ━━━━━━━╸──── 162/245 1.5it/s 1:52<54.6s
        1/1        12G      2.712      47.65    0.01713          9       1280: 66% ━━━━━━━╸──── 163/245 1.5it/s 1:53<53.8s
        1/1        12G      2.709      47.69    0.01711          5       1280: 66% ━━━━━━━━──── 164/245 1.5it/s 1:53<52.9s
        1/1        12G      2.711      47.62    0.01709         10       1280: 67% ━━━━━━━━──── 165/245 1.5it/s 1:54<52.2s
        1/1        12G      2.712      47.58    0.01713          8       1280: 67% ━━━━━━━━──── 166/245 1.5it/s 1:55<51.4s
        1/1        12G      2.711      47.43    0.01712         16       1280: 68% ━━━━━━━━──── 167/245 1.5it/s 1:55<50.8s
        1/1        12G      2.708      47.34    0.01709          9       1280: 68% ━━━━━━━━──── 168/245 1.5it/s 1:56<49.9s
        1/1        12G      2.709      47.39    0.01714          6       1280: 68% ━━━━━━━━──── 169/245 1.5it/s 1:57<49.5s
        1/1        12G      2.707      47.26    0.01712         13       1280: 69% ━━━━━━━━──── 170/245 1.5it/s 1:57<48.9s
        1/1        12G      2.707      47.16     0.0171         11       1280: 69% ━━━━━━━━──── 171/245 1.5it/s 1:58<48.2s
        1/1        12G      2.708      47.04    0.01716         13       1280: 70% ━━━━━━━━──── 172/245 1.5it/s 1:59<47.3s
        1/1        12G      2.708      47.38    0.01723          3       1280: 70% ━━━━━━━━──── 173/245 1.5it/s 1:59<46.9s
        1/1        12G      2.707      47.22     0.0172         20       1280: 71% ━━━━━━━━╸─── 174/245 1.5it/s 1:60<46.1s
        1/1        12G      2.706       47.1    0.01718         13       1280: 71% ━━━━━━━━╸─── 175/245 1.5it/s 2:01<46.0s
        1/1        12G      2.704      46.99    0.01717          8       1280: 71% ━━━━━━━━╸─── 176/245 1.5it/s 2:01<45.0s
        1/1        12G      2.705      46.89    0.01722          8       1280: 72% ━━━━━━━━╸─── 177/245 1.5it/s 2:02<44.2s
        1/1        12G      2.704      46.89    0.01724          5       1280: 72% ━━━━━━━━╸─── 178/245 1.5it/s 2:03<43.9s
        1/1        12G      2.703      46.72    0.01722         16       1280: 73% ━━━━━━━━╸─── 179/245 1.5it/s 2:03<43.0s
        1/1        12G      2.701      46.55    0.01718         16       1280: 73% ━━━━━━━━╸─── 180/245 1.5it/s 2:04<42.2s
        1/1        12G        2.7      46.38    0.01716         17       1280: 73% ━━━━━━━━╸─── 181/245 1.5it/s 2:05<41.5s
        1/1        12G      2.702      46.25    0.01718         11       1280: 74% ━━━━━━━━╸─── 182/245 1.5it/s 2:05<40.8s
        1/1        12G      2.702      46.09    0.01716         15       1280: 74% ━━━━━━━━╸─── 183/245 1.5it/s 2:06<40.2s
        1/1        12G        2.7      45.94    0.01715         13       1280: 75% ━━━━━━━━━─── 184/245 1.5it/s 2:06<39.5s
        1/1        12G      2.698      45.81    0.01712         10       1280: 75% ━━━━━━━━━─── 185/245 1.5it/s 2:07<38.8s
        1/1        12G      2.698      45.69    0.01709         11       1280: 75% ━━━━━━━━━─── 186/245 1.5it/s 2:08<38.1s
        1/1        12G      2.698      45.51    0.01706         26       1280: 76% ━━━━━━━━━─── 187/245 1.5it/s 2:08<37.7s
        1/1        12G      2.696      45.37    0.01705         11       1280: 76% ━━━━━━━━━─── 188/245 1.5it/s 2:09<37.0s
        1/1        12G      2.696      45.27    0.01706          9       1280: 77% ━━━━━━━━━─── 189/245 1.5it/s 2:10<36.6s
        1/1        12G      2.694      45.11    0.01704         15       1280: 77% ━━━━━━━━━─── 190/245 1.5it/s 2:10<35.8s
        1/1        12G      2.693      45.01    0.01704          9       1280: 77% ━━━━━━━━━─── 191/245 1.5it/s 2:11<35.4s
        1/1        12G       2.69         45    0.01701          3       1280: 78% ━━━━━━━━━─── 192/245 1.5it/s 2:12<34.5s
        1/1        12G      2.688      44.85    0.01699         10       1280: 78% ━━━━━━━━━─── 193/245 1.5it/s 2:12<33.9s
        1/1        12G      2.684      44.69    0.01697         12       1280: 79% ━━━━━━━━━╸── 194/245 1.5it/s 2:13<33.1s
        1/1        12G      2.684      44.53    0.01696         12       1280: 79% ━━━━━━━━━╸── 195/245 1.5it/s 2:14<32.4s
        1/1        12G      2.681      44.41    0.01694          7       1280: 80% ━━━━━━━━━╸── 196/245 1.5it/s 2:14<31.7s
        1/1        12G      2.678      44.27    0.01694         10       1280: 80% ━━━━━━━━━╸── 197/245 1.5it/s 2:15<31.0s
        1/1        12G      2.676      44.12    0.01692         11       1280: 80% ━━━━━━━━━╸── 198/245 1.5it/s 2:16<30.3s
        1/1        12G      2.673      43.97     0.0169         10       1280: 81% ━━━━━━━━━╸── 199/245 1.5it/s 2:16<29.9s
        1/1        12G       2.67      43.86    0.01689          7       1280: 81% ━━━━━━━━━╸── 200/245 1.5it/s 2:17<29.1s
        1/1        12G      2.668      43.73    0.01688          9       1280: 82% ━━━━━━━━━╸── 201/245 1.5it/s 2:18<28.6s
        1/1        12G      2.664      43.59    0.01685          9       1280: 82% ━━━━━━━━━╸── 202/245 1.5it/s 2:18<28.0s
        1/1        12G      2.662      43.45    0.01683         11       1280: 82% ━━━━━━━━━╸── 203/245 1.5it/s 2:19<27.3s
        1/1        12G      2.659       43.3    0.01679         13       1280: 83% ━━━━━━━━━╸── 204/245 1.5it/s 2:19<26.6s
        1/1        12G      2.655      43.14    0.01675         16       1280: 83% ━━━━━━━━━━── 205/245 1.5it/s 2:20<26.1s
        1/1        12G      2.655      43.03    0.01676          8       1280: 84% ━━━━━━━━━━── 206/245 1.5it/s 2:21<25.3s
        1/1        12G      2.651      42.89    0.01673         12       1280: 84% ━━━━━━━━━━── 207/245 1.5it/s 2:21<24.9s
        1/1        12G      2.646      42.75     0.0167          7       1280: 84% ━━━━━━━━━━── 208/245 1.5it/s 2:22<24.1s
        1/1        12G      2.644      42.59    0.01667         16       1280: 85% ━━━━━━━━━━── 209/245 1.5it/s 2:23<23.4s
        1/1        12G       2.64      42.44    0.01664         13       1280: 85% ━━━━━━━━━━── 210/245 1.5it/s 2:23<22.7s
        1/1        12G      2.639      42.29    0.01662         12       1280: 86% ━━━━━━━━━━── 211/245 1.5it/s 2:24<22.1s
        1/1        12G      2.637      42.16    0.01661          9       1280: 86% ━━━━━━━━━━── 212/245 1.5it/s 2:25<21.4s
        1/1        12G      2.635      42.01     0.0166         12       1280: 86% ━━━━━━━━━━── 213/245 1.5it/s 2:25<20.8s
        1/1        12G      2.633      41.87    0.01659         10       1280: 87% ━━━━━━━━━━── 214/245 1.5it/s 2:26<20.1s
        1/1        12G       2.63      41.72    0.01657         15       1280: 87% ━━━━━━━━━━╸─ 215/245 1.5it/s 2:27<19.5s
        1/1        12G      2.628      41.59    0.01653          9       1280: 88% ━━━━━━━━━━╸─ 216/245 1.5it/s 2:27<18.8s
        1/1        12G      2.625      41.46     0.0165          9       1280: 88% ━━━━━━━━━━╸─ 217/245 1.5it/s 2:28<18.3s
        1/1        12G      2.625      41.43    0.01653          3       1280: 88% ━━━━━━━━━━╸─ 218/245 1.5it/s 2:29<17.5s
        1/1        12G      2.623      41.29     0.0165         12       1280: 89% ━━━━━━━━━━╸─ 219/245 1.5it/s 2:29<16.9s
        1/1        12G      2.619      41.17    0.01647          7       1280: 89% ━━━━━━━━━━╸─ 220/245 1.5it/s 2:30<16.2s
        1/1        12G      2.617      41.03    0.01645         19       1280: 90% ━━━━━━━━━━╸─ 221/245 1.5it/s 2:31<15.6s
        1/1        12G      2.615       40.9    0.01643         10       1280: 90% ━━━━━━━━━━╸─ 222/245 1.5it/s 2:31<14.9s
        1/1        12G      2.616      40.79    0.01643          8       1280: 91% ━━━━━━━━━━╸─ 223/245 1.5it/s 2:32<14.5s
        1/1        12G      2.613      40.67    0.01641          6       1280: 91% ━━━━━━━━━━╸─ 224/245 1.5it/s 2:33<13.7s
        1/1        12G      2.611      40.53     0.0164         11       1280: 91% ━━━━━━━━━━━─ 225/245 1.5it/s 2:33<13.0s
        1/1        12G      2.609      40.38    0.01641         16       1280: 92% ━━━━━━━━━━━─ 226/245 1.5it/s 2:34<12.3s
        1/1        12G      2.606      40.24    0.01638         14       1280: 92% ━━━━━━━━━━━─ 227/245 1.5it/s 2:34<11.7s
        1/1        12G      2.604       40.1    0.01635         16       1280: 93% ━━━━━━━━━━━─ 228/245 1.5it/s 2:35<11.0s
        1/1        12G      2.603      39.96    0.01634         17       1280: 93% ━━━━━━━━━━━─ 229/245 1.5it/s 2:36<10.4s
        1/1        12G      2.602      39.82    0.01631         18       1280: 93% ━━━━━━━━━━━─ 230/245 1.5it/s 2:36<9.8s
        1/1        12G      2.599       39.7     0.0163          9       1280: 94% ━━━━━━━━━━━─ 231/245 1.5it/s 2:37<9.1s
        1/1        12G      2.599      39.57    0.01631          9       1280: 94% ━━━━━━━━━━━─ 232/245 1.5it/s 2:38<8.4s
        1/1        12G      2.598      39.44     0.0163         11       1280: 95% ━━━━━━━━━━━─ 233/245 1.5it/s 2:38<7.8s
        1/1        12G      2.595       39.3    0.01628         19       1280: 95% ━━━━━━━━━━━─ 234/245 1.5it/s 2:39<7.1s
        1/1        12G      2.591      39.18    0.01625          9       1280: 95% ━━━━━━━━━━━╸ 235/245 1.5it/s 2:40<6.5s
        1/1        12G      2.587      39.06    0.01622          8       1280: 96% ━━━━━━━━━━━╸ 236/245 1.5it/s 2:40<5.8s
        1/1        12G      2.587      38.93     0.0162         14       1280: 96% ━━━━━━━━━━━╸ 237/245 1.5it/s 2:41<5.2s
        1/1        12G      2.585      38.81    0.01618         12       1280: 97% ━━━━━━━━━━━╸ 238/245 1.5it/s 2:42<4.5s
        1/1        12G      2.583      38.68    0.01616         16       1280: 97% ━━━━━━━━━━━╸ 239/245 1.5it/s 2:42<3.9s
        1/1        12G      2.581      38.56    0.01614          9       1280: 97% ━━━━━━━━━━━╸ 240/245 1.5it/s 2:43<3.3s
        1/1        12G      2.578      38.44    0.01612          7       1280: 98% ━━━━━━━━━━━╸ 241/245 1.5it/s 2:44<2.6s
        1/1        12G      2.575      38.32    0.01609          9       1280: 98% ━━━━━━━━━━━╸ 242/245 1.5it/s 2:44<1.9s
        1/1        12G      2.573      38.19    0.01608         14       1280: 99% ━━━━━━━━━━━╸ 243/245 1.5it/s 2:45<1.3s
        1/1        12G      2.573      38.06    0.01606         14       1280: 99% ━━━━━━━━━━━╸ 244/245 1.5it/s 2:45<0.6s
        1/1        12G      2.573      38.06    0.01606         14       1280: 100% ━━━━━━━━━━━━ 245/245 1.5it/s 2:45
                 Class     Images  Instances      Box(P          R      mAP50  mAP50-95): 3% ──────────── 1/26 6.4s/it 1.9s<2:41
                 Class     Images  Instances      Box(P          R      mAP50  mAP50-95): 7% ╸─────────── 2/26 1.1it/s 2.2s<22.5s
                 Class     Images  Instances      Box(P          R      mAP50  mAP50-95): 11% ━─────────── 3/26 1.7it/s 2.5s<13.3s
                 Class     Images  Instances      Box(P          R      mAP50  mAP50-95): 15% ━╸────────── 4/26 2.2it/s 2.9s<10.1s
                 Class     Images  Instances      Box(P          R      mAP50  mAP50-95): 19% ━━────────── 5/26 2.5it/s 3.2s<8.4s
                 Class     Images  Instances      Box(P          R      mAP50  mAP50-95): 23% ━━╸───────── 6/26 2.8it/s 3.5s<7.2s
                 Class     Images  Instances      Box(P          R      mAP50  mAP50-95): 26% ━━━───────── 7/26 2.9it/s 3.8s<6.5s
                 Class     Images  Instances      Box(P          R      mAP50  mAP50-95): 30% ━━━╸──────── 8/26 3.1it/s 4.1s<5.9s
                 Class     Images  Instances      Box(P          R      mAP50  mAP50-95): 34% ━━━━──────── 9/26 3.1it/s 4.4s<5.4s
                 Class     Images  Instances      Box(P          R      mAP50  mAP50-95): 38% ━━━━╸─────── 10/26 3.2it/s 4.7s<5.0s
                 Class     Images  Instances      Box(P          R      mAP50  mAP50-95): 42% ━━━━━─────── 11/26 3.2it/s 5.0s<4.7s
                 Class     Images  Instances      Box(P          R      mAP50  mAP50-95): 46% ━━━━━╸────── 12/26 3.2it/s 5.3s<4.4s
                 Class     Images  Instances      Box(P          R      mAP50  mAP50-95): 50% ━━━━━━────── 13/26 2.8it/s 5.8s<4.6s
                 Class     Images  Instances      Box(P          R      mAP50  mAP50-95): 53% ━━━━━━────── 14/26 3.0it/s 6.1s<4.0s
                 Class     Images  Instances      Box(P          R      mAP50  mAP50-95): 57% ━━━━━━╸───── 15/26 3.1it/s 6.4s<3.6s
                 Class     Images  Instances      Box(P          R      mAP50  mAP50-95): 61% ━━━━━━━───── 16/26 3.1it/s 6.7s<3.2s
                 Class     Images  Instances      Box(P          R      mAP50  mAP50-95): 65% ━━━━━━━╸──── 17/26 3.2it/s 7.0s<2.8s
                 Class     Images  Instances      Box(P          R      mAP50  mAP50-95): 69% ━━━━━━━━──── 18/26 3.2it/s 7.3s<2.5s
                 Class     Images  Instances      Box(P          R      mAP50  mAP50-95): 73% ━━━━━━━━╸─── 19/26 3.2it/s 7.6s<2.2s
                 Class     Images  Instances      Box(P          R      mAP50  mAP50-95): 76% ━━━━━━━━━─── 20/26 2.8it/s 8.1s<2.1s
                 Class     Images  Instances      Box(P          R      mAP50  mAP50-95): 80% ━━━━━━━━━╸── 21/26 3.0it/s 8.4s<1.7s
                 Class     Images  Instances      Box(P          R      mAP50  mAP50-95): 84% ━━━━━━━━━━── 22/26 3.1it/s 8.7s<1.3s
                 Class     Images  Instances      Box(P          R      mAP50  mAP50-95): 88% ━━━━━━━━━━╸─ 23/26 3.2it/s 9.0s<0.9s
                 Class     Images  Instances      Box(P          R      mAP50  mAP50-95): 92% ━━━━━━━━━━━─ 24/26 3.2it/s 9.3s<0.6s
                 Class     Images  Instances      Box(P          R      mAP50  mAP50-95): 96% ━━━━━━━━━━━╸ 25/26 3.2it/s 9.6s<0.3s
                 Class     Images  Instances      Box(P          R      mAP50  mAP50-95): 100% ━━━━━━━━━━━━ 26/26 2.6it/s 9.9s
1 epochs completed in 0.050 hours.
Optimizer stripped from /workspace/project-expertise/runs/uji5ch/weights/last.pt, 53.1MB
Optimizer stripped from /workspace/project-expertise/runs/uji5ch/weights/best.pt, 53.1MB
Validating /workspace/project-expertise/runs/uji5ch/weights/best.pt...
Ultralytics 8.4.103 🚀 Python-3.12.3 torch-2.8.0+cu128 CUDA:0 (NVIDIA RTX 2000 Ada Generation, 15947MiB)
YOLO26l summary (fused): 190 layers, 24,749,976 parameters, 0 gradients, 86.3 GFLOPs
                 Class     Images  Instances      Box(P          R      mAP50  mAP50-95): 3% ──────────── 1/26 1.3it/s 0.2s<19.0s
                 Class     Images  Instances      Box(P          R      mAP50  mAP50-95): 7% ╸─────────── 2/26 2.2it/s 0.5s<11.0s
                 Class     Images  Instances      Box(P          R      mAP50  mAP50-95): 11% ━─────────── 3/26 2.6it/s 0.7s<8.8s
                 Class     Images  Instances      Box(P          R      mAP50  mAP50-95): 15% ━╸────────── 4/26 3.1it/s 1.0s<7.1s
                 Class     Images  Instances      Box(P          R      mAP50  mAP50-95): 19% ━━────────── 5/26 3.5it/s 1.2s<6.0s
                 Class     Images  Instances      Box(P          R      mAP50  mAP50-95): 23% ━━╸───────── 6/26 3.8it/s 1.4s<5.3s
                 Class     Images  Instances      Box(P          R      mAP50  mAP50-95): 26% ━━━───────── 7/26 3.9it/s 1.7s<4.9s
                 Class     Images  Instances      Box(P          R      mAP50  mAP50-95): 30% ━━━╸──────── 8/26 4.1it/s 1.9s<4.4s
                 Class     Images  Instances      Box(P          R      mAP50  mAP50-95): 34% ━━━━──────── 9/26 4.2it/s 2.1s<4.1s
                 Class     Images  Instances      Box(P          R      mAP50  mAP50-95): 38% ━━━━╸─────── 10/26 4.2it/s 2.3s<3.8s
                 Class     Images  Instances      Box(P          R      mAP50  mAP50-95): 42% ━━━━━─────── 11/26 4.3it/s 2.6s<3.5s
                 Class     Images  Instances      Box(P          R      mAP50  mAP50-95): 46% ━━━━━╸────── 12/26 4.3it/s 2.8s<3.3s
                 Class     Images  Instances      Box(P          R      mAP50  mAP50-95): 50% ━━━━━━────── 13/26 4.3it/s 3.0s<3.0s
                 Class     Images  Instances      Box(P          R      mAP50  mAP50-95): 53% ━━━━━━────── 14/26 4.3it/s 3.3s<2.8s
                 Class     Images  Instances      Box(P          R      mAP50  mAP50-95): 57% ━━━━━━╸───── 15/26 4.3it/s 3.5s<2.5s
                 Class     Images  Instances      Box(P          R      mAP50  mAP50-95): 61% ━━━━━━━───── 16/26 4.4it/s 3.7s<2.3s
                 Class     Images  Instances      Box(P          R      mAP50  mAP50-95): 65% ━━━━━━━╸──── 17/26 4.4it/s 3.9s<2.0s
                 Class     Images  Instances      Box(P          R      mAP50  mAP50-95): 69% ━━━━━━━━──── 18/26 4.4it/s 4.2s<1.8s
                 Class     Images  Instances      Box(P          R      mAP50  mAP50-95): 73% ━━━━━━━━╸─── 19/26 4.4it/s 4.4s<1.6s
                 Class     Images  Instances      Box(P          R      mAP50  mAP50-95): 76% ━━━━━━━━━─── 20/26 4.3it/s 4.6s<1.4s
                 Class     Images  Instances      Box(P          R      mAP50  mAP50-95): 80% ━━━━━━━━━╸── 21/26 4.3it/s 4.9s<1.2s
                 Class     Images  Instances      Box(P          R      mAP50  mAP50-95): 84% ━━━━━━━━━━── 22/26 4.3it/s 5.1s<0.9s
                 Class     Images  Instances      Box(P          R      mAP50  mAP50-95): 88% ━━━━━━━━━━╸─ 23/26 4.4it/s 5.3s<0.7s
                 Class     Images  Instances      Box(P          R      mAP50  mAP50-95): 92% ━━━━━━━━━━━─ 24/26 4.4it/s 5.5s<0.5s
                 Class     Images  Instances      Box(P          R      mAP50  mAP50-95): 96% ━━━━━━━━━━━╸ 25/26 4.4it/s 5.8s<0.2s
                 Class     Images  Instances      Box(P          R      mAP50  mAP50-95): 100% ━━━━━━━━━━━━ 26/26 4.3it/s 6.0s
Speed: 0.7ms preprocess, 25.5ms inference, 0.0ms loss, 0.1ms postprocess per image
Results saved to /workspace/project-expertise/runs/uji5ch
{
  "modal": "rgbd_encoding_screening",
  "data": "/workspace/d352_rgbedgemono/data.yaml",
  "epochs": 1,
  "patience": 1,
  "imgsz": 1280,
  "batch": 4,
  "durasi_detik": 225.8
}
