New https://pypi.org/project/ultralytics/8.4.120 available 😃 Update with 'pip install -U ultralytics'
Ultralytics 8.4.103 🚀 Python-3.12.3 torch-2.8.0+cu128 CUDA:0 (NVIDIA RTX 2000 Ada Generation, 15947MiB)
engine/trainer: agnostic_nms=False, amp=True, angle=1.0, augment=False, auto_augment=randaugment, batch=4, bgr=0.0, box=7.5, cache=False, cfg=None, classes=None, close_mosaic=10, cls=0.5, cls_pw=0.0, cls_remap=True, compile=False, conf=None, copy_paste=0.0, copy_paste_mode=flip, cos_lr=True, cutmix=0.0, data=/workspace/d352_rgbmono/data.yaml, degrees=0.0, deterministic=True, device=, dfl=1.5, dis=6.0, distill_model=None, dnn=False, dropout=0.0, dynamic=False, embed=None, end2end=None, epochs=60, erasing=0.4, exist_ok=False, fliplr=0.5, flipud=0.0, format=torchscript, fraction=1.0, freeze=None, hsv_h=0.015, hsv_s=0.7, hsv_v=0.4, imgsz=1280, iou=0.7, keras=False, kobj=1.0, line_width=None, lr0=0.01, lrf=0.01, mask_ratio=4, max_det=300, mixup=0.0, mode=train, model=yolo26l.pt, momentum=0.937, mosaic=1.0, multi_scale=0.0, name=sel3_352_rgbmono, nbs=64, nms=False, opset=None, optimize=False, optimizer=auto, overlap_mask=True, patience=60, perspective=0.0, plots=True, pose=12.0, pretrained=True, profile=False, project=/workspace/project-expertise/runs, quantize=None, rect=False, resume=False, retina_masks=False, rle=1.0, save=True, save_conf=False, save_crop=False, save_dir=/workspace/project-expertise/runs/sel3_352_rgbmono, save_frames=False, save_json=False, save_period=-1, save_txt=False, scale=0.5, seed=42, shear=0.0, show=False, show_boxes=True, show_conf=True, show_labels=True, simplify=True, single_cls=False, source=None, split=val, stream_buffer=False, task=detect, time=None, tracker=tracktrack.yaml, translate=0.1, val=True, verbose=True, vid_stride=1, visualize=False, warmup_bias_lr=0.1, warmup_epochs=3.0, warmup_momentum=0.8, weight_decay=0.0005, workers=8, workspace=None
Overriding model.yaml nc=80 with nc=4
                   from  n    params  module                                       arguments                     
  0                  -1  1      2432  ultralytics.nn.modules.conv.Conv             [4, 64, 3, 2]                 
  1                  -1  1     73984  ultralytics.nn.modules.conv.Conv             [64, 128, 3, 2]               
  2                  -1  2    173824  ultralytics.nn.modules.block.C3k2            [128, 256, 2, True, 0.25]     
  3                  -1  1    590336  ultralytics.nn.modules.conv.Conv             [256, 256, 3, 2]              
  4                  -1  2    691712  ultralytics.nn.modules.block.C3k2            [256, 512, 2, True, 0.25]     
  5                  -1  1   2360320  ultralytics.nn.modules.conv.Conv             [512, 512, 3, 2]              
  6                  -1  2   2234368  ultralytics.nn.modules.block.C3k2            [512, 512, 2, True]           
  7                  -1  1   2360320  ultralytics.nn.modules.conv.Conv             [512, 512, 3, 2]              
  8                  -1  2   2234368  ultralytics.nn.modules.block.C3k2            [512, 512, 2, True]           
  9                  -1  1    656896  ultralytics.nn.modules.block.SPPF            [512, 512, 5, 3, True]        
 10                  -1  2   1455616  ultralytics.nn.modules.block.C2PSA           [512, 512, 2]                 
 11                  -1  1         0  torch.nn.modules.upsampling.Upsample         [None, 2, 'nearest']          
 12             [-1, 6]  1         0  ultralytics.nn.modules.conv.Concat           [1]                           
 13                  -1  2   2496512  ultralytics.nn.modules.block.C3k2            [1024, 512, 2, True]          
 14                  -1  1         0  torch.nn.modules.upsampling.Upsample         [None, 2, 'nearest']          
 15             [-1, 4]  1         0  ultralytics.nn.modules.conv.Concat           [1]                           
 16                  -1  2    756736  ultralytics.nn.modules.block.C3k2            [1024, 256, 2, True]          
 17                  -1  1    590336  ultralytics.nn.modules.conv.Conv             [256, 256, 3, 2]              
 18            [-1, 13]  1         0  ultralytics.nn.modules.conv.Concat           [1]                           
 19                  -1  2   2365440  ultralytics.nn.modules.block.C3k2            [768, 512, 2, True]           
 20                  -1  1   2360320  ultralytics.nn.modules.conv.Conv             [512, 512, 3, 2]              
 21            [-1, 10]  1         0  ultralytics.nn.modules.conv.Concat           [1]                           
 22                  -1  1   1974784  ultralytics.nn.modules.block.C3k2            [1024, 512, 1, True, 0.5, True]
 23        [16, 19, 22]  1   2804784  ultralytics.nn.modules.head.Detect           [4, 1, True, [256, 512, 512]] 
YOLO26l summary: 392 layers, 26,183,088 parameters, 26,183,088 gradients, 93.3 GFLOPs
Transferred 1080/1092 items from pretrained weights
AMP: running Automatic Mixed Precision (AMP) checks...
AMP: checks passed ✅
train: Fast image access ✅ (ping: 3.1±1.6 ms, read: 111.5±20.6 MB/s, size: 2970.6 KB)
train: Scanning /workspace/d352_rgbmono/labels/train... 1 images, 0 backgrounds, 0 corrupt: 0% ──────────── 1/980 2.8it/s 0.1s<5:45
train: Scanning /workspace/d352_rgbmono/labels/train... 25 images, 0 backgrounds, 0 corrupt: 2% ──────────── 25/980 68.6it/s 0.2s<13.9s
train: Scanning /workspace/d352_rgbmono/labels/train... 53 images, 4 backgrounds, 0 corrupt: 5% ╸─────────── 53/980 129.9it/s 0.3s<7.1s
train: Scanning /workspace/d352_rgbmono/labels/train... 75 images, 7 backgrounds, 0 corrupt: 7% ╸─────────── 75/980 146.0it/s 0.4s<6.2s
train: Scanning /workspace/d352_rgbmono/labels/train... 100 images, 9 backgrounds, 0 corrupt: 10% ━─────────── 100/980 176.3it/s 0.5s<5.0s
train: Scanning /workspace/d352_rgbmono/labels/train... 123 images, 11 backgrounds, 0 corrupt: 12% ━╸────────── 123/980 192.0it/s 0.6s<4.5s
train: Scanning /workspace/d352_rgbmono/labels/train... 146 images, 17 backgrounds, 0 corrupt: 14% ━╸────────── 146/980 198.5it/s 0.7s<4.2s
train: Scanning /workspace/d352_rgbmono/labels/train... 170 images, 21 backgrounds, 0 corrupt: 17% ━━────────── 170/980 205.7it/s 0.9s<3.9s
train: Scanning /workspace/d352_rgbmono/labels/train... 190 images, 25 backgrounds, 0 corrupt: 19% ━━────────── 190/980 203.4it/s 1.0s<3.9s
train: Scanning /workspace/d352_rgbmono/labels/train... 212 images, 30 backgrounds, 0 corrupt: 21% ━━╸───────── 212/980 207.7it/s 1.1s<3.7s
train: Scanning /workspace/d352_rgbmono/labels/train... 236 images, 31 backgrounds, 0 corrupt: 24% ━━╸───────── 236/980 217.1it/s 1.2s<3.4s
train: Scanning /workspace/d352_rgbmono/labels/train... 261 images, 41 backgrounds, 0 corrupt: 26% ━━━───────── 261/980 224.5it/s 1.3s<3.2s
train: Scanning /workspace/d352_rgbmono/labels/train... 283 images, 50 backgrounds, 0 corrupt: 28% ━━━───────── 283/980 222.6it/s 1.4s<3.1s/workspace/project-expertise/.venv/lib/python3.12/site-packages/PIL/TiffImagePlugin.py:950: UserWarning: Truncated File Read
  warnings.warn(str(msg))
train: Scanning /workspace/d352_rgbmono/labels/train... 291 images, 50 backgrounds, 1 corrupt: 29% ━━━╸──────── 292/980 157.7it/s 2.8s<4.4s
train: Scanning /workspace/d352_rgbmono/labels/train... 322 images, 55 backgrounds, 4 corrupt: 33% ━━━╸──────── 326/980 163.9it/s 3.0s<4.0s
train: Scanning /workspace/d352_rgbmono/labels/train... 429 images, 69 backgrounds, 6 corrupt: 44% ━━━━━─────── 435/980 424.7it/s 3.1s<1.3s
train: Scanning /workspace/d352_rgbmono/labels/train... 451 images, 70 backgrounds, 6 corrupt: 46% ━━━━━╸────── 457/980 357.6it/s 3.2s<1.5s
train: Scanning /workspace/d352_rgbmono/labels/train... 471 images, 75 backgrounds, 6 corrupt: 48% ━━━━━╸────── 477/980 308.6it/s 3.3s<1.6s
train: Scanning /workspace/d352_rgbmono/labels/train... 491 images, 78 backgrounds, 6 corrupt: 50% ━━━━━━────── 497/980 274.6it/s 3.4s<1.8s
train: Scanning /workspace/d352_rgbmono/labels/train... 512 images, 82 backgrounds, 6 corrupt: 52% ━━━━━━────── 518/980 252.8it/s 3.5s<1.8s
train: Scanning /workspace/d352_rgbmono/labels/train... 533 images, 84 backgrounds, 6 corrupt: 55% ━━━━━━╸───── 539/980 235.1it/s 3.6s<1.9s
train: Scanning /workspace/d352_rgbmono/labels/train... 551 images, 88 backgrounds, 6 corrupt: 56% ━━━━━━╸───── 557/980 218.2it/s 3.7s<1.9s
train: Scanning /workspace/d352_rgbmono/labels/train... 573 images, 91 backgrounds, 6 corrupt: 59% ━━━━━━━───── 579/980 211.5it/s 3.8s<1.9s
train: Scanning /workspace/d352_rgbmono/labels/train... 596 images, 94 backgrounds, 6 corrupt: 61% ━━━━━━━───── 602/980 214.8it/s 3.9s<1.8s
train: Scanning /workspace/d352_rgbmono/labels/train... 620 images, 94 backgrounds, 6 corrupt: 63% ━━━━━━━╸──── 626/980 217.7it/s 4.0s<1.6s
train: Scanning /workspace/d352_rgbmono/labels/train... 642 images, 95 backgrounds, 6 corrupt: 66% ━━━━━━━╸──── 648/980 216.7it/s 4.2s<1.5s
train: Scanning /workspace/d352_rgbmono/labels/train... 662 images, 99 backgrounds, 6 corrupt: 68% ━━━━━━━━──── 668/980 210.4it/s 4.3s<1.5s
train: Scanning /workspace/d352_rgbmono/labels/train... 679 images, 101 backgrounds, 6 corrupt: 69% ━━━━━━━━──── 685/980 195.7it/s 4.4s<1.5s
train: Scanning /workspace/d352_rgbmono/labels/train... 702 images, 104 backgrounds, 6 corrupt: 72% ━━━━━━━━╸─── 708/980 204.3it/s 4.5s<1.3s
train: Scanning /workspace/d352_rgbmono/labels/train... 726 images, 107 backgrounds, 6 corrupt: 74% ━━━━━━━━╸─── 732/980 205.8it/s 4.6s<1.2s
train: Scanning /workspace/d352_rgbmono/labels/train... 749 images, 119 backgrounds, 6 corrupt: 77% ━━━━━━━━━─── 755/980 199.6it/s 4.7s<1.1s
train: Scanning /workspace/d352_rgbmono/labels/train... 771 images, 121 backgrounds, 6 corrupt: 79% ━━━━━━━━━╸── 777/980 204.3it/s 4.8s<1.0s
train: Scanning /workspace/d352_rgbmono/labels/train... 795 images, 127 backgrounds, 6 corrupt: 81% ━━━━━━━━━╸── 801/980 213.1it/s 4.9s<0.8s
train: Scanning /workspace/d352_rgbmono/labels/train... 818 images, 129 backgrounds, 6 corrupt: 84% ━━━━━━━━━━── 824/980 216.8it/s 5.0s<0.7s
train: Scanning /workspace/d352_rgbmono/labels/train... 837 images, 129 backgrounds, 6 corrupt: 86% ━━━━━━━━━━── 843/980 208.0it/s 5.1s<0.7s
train: Scanning /workspace/d352_rgbmono/labels/train... 860 images, 130 backgrounds, 6 corrupt: 88% ━━━━━━━━━━╸─ 866/980 209.7it/s 5.2s<0.5s
train: Scanning /workspace/d352_rgbmono/labels/train... 884 images, 135 backgrounds, 6 corrupt: 90% ━━━━━━━━━━╸─ 890/980 217.3it/s 5.3s<0.4s
train: Scanning /workspace/d352_rgbmono/labels/train... 906 images, 138 backgrounds, 6 corrupt: 93% ━━━━━━━━━━━─ 912/980 215.1it/s 5.4s<0.3s
train: Scanning /workspace/d352_rgbmono/labels/train... 926 images, 139 backgrounds, 6 corrupt: 95% ━━━━━━━━━━━─ 932/980 206.5it/s 5.5s<0.2s
train: Scanning /workspace/d352_rgbmono/labels/train... 950 images, 142 backgrounds, 6 corrupt: 97% ━━━━━━━━━━━╸ 956/980 211.8it/s 5.6s<0.1s
train: Scanning /workspace/d352_rgbmono/labels/train... 973 images, 142 backgrounds, 6 corrupt: 99% ━━━━━━━━━━━╸ 979/980 209.2it/s 5.8s<0.0s
train: Scanning /workspace/d352_rgbmono/labels/train... 974 images, 142 backgrounds, 6 corrupt: 100% ━━━━━━━━━━━━ 980/980 170.4it/s 5.8s
train: /workspace/d352_rgbmono/images/train/DAMIMAS_A21B_0105_4.tiff: ignoring corrupt image/label: cannot identify image file '/workspace/d352_rgbmono/images/train/DAMIMAS_A21B_0105_4.tiff'
train: /workspace/d352_rgbmono/images/train/DAMIMAS_A21B_0106_3.tiff: ignoring corrupt image/label: cannot identify image file '/workspace/d352_rgbmono/images/train/DAMIMAS_A21B_0106_3.tiff'
train: /workspace/d352_rgbmono/images/train/DAMIMAS_A21B_0109_1.tiff: ignoring corrupt image/label: cannot identify image file '/workspace/d352_rgbmono/images/train/DAMIMAS_A21B_0109_1.tiff'
train: /workspace/d352_rgbmono/images/train/DAMIMAS_A21B_0120_2.tiff: ignoring corrupt image/label: cannot identify image file '/workspace/d352_rgbmono/images/train/DAMIMAS_A21B_0120_2.tiff'
train: /workspace/d352_rgbmono/images/train/DAMIMAS_A21B_0120_4.tiff: ignoring corrupt image/label: cannot identify image file '/workspace/d352_rgbmono/images/train/DAMIMAS_A21B_0120_4.tiff'
train: /workspace/d352_rgbmono/images/train/DAMIMAS_A21B_0122_4.tiff: ignoring corrupt image/label: cannot identify image file '/workspace/d352_rgbmono/images/train/DAMIMAS_A21B_0122_4.tiff'
train: New cache created: /workspace/d352_rgbmono/labels/train.cache
val: Fast image access ✅ (ping: 2.4±0.7 ms, read: 109.5±26.9 MB/s, size: 3056.2 KB)
val: Scanning /workspace/d352_rgbmono/labels/val... 17 images, 0 backgrounds, 0 corrupt: 8% ╸─────────── 17/208 45.2it/s 0.1s<4.2s
val: Scanning /workspace/d352_rgbmono/labels/val... 38 images, 2 backgrounds, 0 corrupt: 18% ━━────────── 38/208 89.1it/s 0.2s<1.9s
val: Scanning /workspace/d352_rgbmono/labels/val... 61 images, 7 backgrounds, 0 corrupt: 29% ━━━╸──────── 61/208 129.8it/s 0.3s<1.1s
val: Scanning /workspace/d352_rgbmono/labels/val... 78 images, 10 backgrounds, 0 corrupt: 37% ━━━━──────── 78/208 133.7it/s 0.4s<1.0s
val: Scanning /workspace/d352_rgbmono/labels/val... 96 images, 12 backgrounds, 0 corrupt: 46% ━━━━━╸────── 96/208 146.7it/s 0.5s<0.8s
val: Scanning /workspace/d352_rgbmono/labels/val... 112 images, 16 backgrounds, 0 corrupt: 53% ━━━━━━────── 112/208 139.2it/s 0.7s<0.7s
val: Scanning /workspace/d352_rgbmono/labels/val... 134 images, 19 backgrounds, 0 corrupt: 64% ━━━━━━━╸──── 134/208 163.2it/s 0.8s<0.5s
val: Scanning /workspace/d352_rgbmono/labels/val... 152 images, 23 backgrounds, 0 corrupt: 73% ━━━━━━━━╸─── 152/208 167.3it/s 0.9s<0.3s
val: Scanning /workspace/d352_rgbmono/labels/val... 171 images, 25 backgrounds, 0 corrupt: 82% ━━━━━━━━━╸── 171/208 167.5it/s 1.0s<0.2s
val: Scanning /workspace/d352_rgbmono/labels/val... 183 images, 25 backgrounds, 0 corrupt: 87% ━━━━━━━━━━╸─ 183/208 151.4it/s 1.1s<0.2s
val: Scanning /workspace/d352_rgbmono/labels/val... 198 images, 27 backgrounds, 0 corrupt: 95% ━━━━━━━━━━━─ 198/208 133.3it/s 1.3s<0.1s
val: Scanning /workspace/d352_rgbmono/labels/val... 208 images, 29 backgrounds, 0 corrupt: 100% ━━━━━━━━━━━━ 208/208 160.7it/s 1.3s
val: New cache created: /workspace/d352_rgbmono/labels/val.cache
optimizer: 'optimizer=auto' found, ignoring 'lr0=0.01' and 'momentum=0.937' and determining best 'optimizer', 'lr0' and 'momentum' automatically... 
optimizer: AdamW(lr=0.00125, momentum=0.9) with parameter groups 178 weight(decay=0.0), 190 weight(decay=0.0005), 190 bias(decay=0.0)
Plotting labels to /workspace/project-expertise/runs/sel3_352_rgbmono/labels.jpg... 
Image sizes 1280 train, 1280 val
Using 8 dataloader workers
Logging results to /workspace/project-expertise/runs/sel3_352_rgbmono
Starting training for 60 epochs...
      Epoch    GPU_mem   box_loss   cls_loss   dfl_loss  Instances       Size
WARNING ⚠️ CUDA out of memory with batch=4. Reducing to batch=2 and retrying (1/3).
WARNING ⚠️ train: Slow image access detected (ping: 16.5±29.5 ms, read: 111.8±120.7 MB/s, size: 3057.0 KB). Use local storage instead of remote/mounted storage for better performance. See https://docs.ultralytics.com/guides/model-training-tips/
train: Scanning /workspace/d352_rgbmono/labels/train.cache... 974 images, 142 backgrounds, 6 corrupt: 100% ━━━━━━━━━━━━ 980/980 373.7Mit/s 0.0s
train: /workspace/d352_rgbmono/images/train/DAMIMAS_A21B_0105_4.tiff: ignoring corrupt image/label: cannot identify image file '/workspace/d352_rgbmono/images/train/DAMIMAS_A21B_0105_4.tiff'
train: /workspace/d352_rgbmono/images/train/DAMIMAS_A21B_0106_3.tiff: ignoring corrupt image/label: cannot identify image file '/workspace/d352_rgbmono/images/train/DAMIMAS_A21B_0106_3.tiff'
train: /workspace/d352_rgbmono/images/train/DAMIMAS_A21B_0109_1.tiff: ignoring corrupt image/label: cannot identify image file '/workspace/d352_rgbmono/images/train/DAMIMAS_A21B_0109_1.tiff'
train: /workspace/d352_rgbmono/images/train/DAMIMAS_A21B_0120_2.tiff: ignoring corrupt image/label: cannot identify image file '/workspace/d352_rgbmono/images/train/DAMIMAS_A21B_0120_2.tiff'
train: /workspace/d352_rgbmono/images/train/DAMIMAS_A21B_0120_4.tiff: ignoring corrupt image/label: cannot identify image file '/workspace/d352_rgbmono/images/train/DAMIMAS_A21B_0120_4.tiff'
train: /workspace/d352_rgbmono/images/train/DAMIMAS_A21B_0122_4.tiff: ignoring corrupt image/label: cannot identify image file '/workspace/d352_rgbmono/images/train/DAMIMAS_A21B_0122_4.tiff'
val: Fast image access ✅ (ping: 2.5±1.1 ms, read: 210.4±48.1 MB/s, size: 2933.4 KB)
val: Scanning /workspace/d352_rgbmono/labels/val.cache... 208 images, 29 backgrounds, 0 corrupt: 100% ━━━━━━━━━━━━ 208/208 11.2Mit/s 0.0s
optimizer: 'optimizer=auto' found, ignoring 'lr0=0.01' and 'momentum=0.937' and determining best 'optimizer', 'lr0' and 'momentum' automatically... 
optimizer: AdamW(lr=0.00125, momentum=0.9) with parameter groups 178 weight(decay=0.0), 190 weight(decay=0.0005), 190 bias(decay=0.0)
: 0% ──────────── 0/244  7.7s
      Epoch    GPU_mem   box_loss   cls_loss   dfl_loss  Instances       Size
Ultralytics 8.4.103 🚀 Python-3.12.3 torch-2.8.0+cu128 CUDA:0 (NVIDIA RTX 2000 Ada Generation, 15947MiB)
                   from  n    params  module                                       arguments                     
  0                  -1  1      2432  ultralytics.nn.modules.conv.Conv             [4, 64, 3, 2]                 
  1                  -1  1     73984  ultralytics.nn.modules.conv.Conv             [64, 128, 3, 2]               
  2                  -1  2    173824  ultralytics.nn.modules.block.C3k2            [128, 256, 2, True, 0.25]     
  3                  -1  1    590336  ultralytics.nn.modules.conv.Conv             [256, 256, 3, 2]              
  4                  -1  2    691712  ultralytics.nn.modules.block.C3k2            [256, 512, 2, True, 0.25]     
  5                  -1  1   2360320  ultralytics.nn.modules.conv.Conv             [512, 512, 3, 2]              
  6                  -1  2   2234368  ultralytics.nn.modules.block.C3k2            [512, 512, 2, True]           
  7                  -1  1   2360320  ultralytics.nn.modules.conv.Conv             [512, 512, 3, 2]              
  8                  -1  2   2234368  ultralytics.nn.modules.block.C3k2            [512, 512, 2, True]           
  9                  -1  1    656896  ultralytics.nn.modules.block.SPPF            [512, 512, 5, 3, True]        
 10                  -1  2   1455616  ultralytics.nn.modules.block.C2PSA           [512, 512, 2]                 
 11                  -1  1         0  torch.nn.modules.upsampling.Upsample         [None, 2, 'nearest']          
 12             [-1, 6]  1         0  ultralytics.nn.modules.conv.Concat           [1]                           
 13                  -1  2   2496512  ultralytics.nn.modules.block.C3k2            [1024, 512, 2, True]          
 14                  -1  1         0  torch.nn.modules.upsampling.Upsample         [None, 2, 'nearest']          
 15             [-1, 4]  1         0  ultralytics.nn.modules.conv.Concat           [1]                           
 16                  -1  2    756736  ultralytics.nn.modules.block.C3k2            [1024, 256, 2, True]          
 17                  -1  1    590336  ultralytics.nn.modules.conv.Conv             [256, 256, 3, 2]              
 18            [-1, 13]  1         0  ultralytics.nn.modules.conv.Concat           [1]                           
 19                  -1  2   2365440  ultralytics.nn.modules.block.C3k2            [768, 512, 2, True]           
 20                  -1  1   2360320  ultralytics.nn.modules.conv.Conv             [512, 512, 3, 2]              
 21            [-1, 10]  1         0  ultralytics.nn.modules.conv.Concat           [1]                           
 22                  -1  1   1974784  ultralytics.nn.modules.block.C3k2            [1024, 512, 1, True, 0.5, True]
Transferred 1080/1092 items from pretrained weights
train: Fast image access ✅ (ping: 3.7±2.2 ms, read: 154.3±35.7 MB/s, size: 2970.6 KB)
train: Scanning /workspace/d352_rgbmono/labels/train.cache... 974 images, 142 backgrounds, 6 corrupt: 100% ━━━━━━━━━━━━ 980/980 178.7Mit/s 0.0s
train: /workspace/d352_rgbmono/images/train/DAMIMAS_A21B_0105_4.tiff: ignoring corrupt image/label: cannot identify image file '/workspace/d352_rgbmono/images/train/DAMIMAS_A21B_0105_4.tiff'
train: /workspace/d352_rgbmono/images/train/DAMIMAS_A21B_0106_3.tiff: ignoring corrupt image/label: cannot identify image file '/workspace/d352_rgbmono/images/train/DAMIMAS_A21B_0106_3.tiff'
train: /workspace/d352_rgbmono/images/train/DAMIMAS_A21B_0109_1.tiff: ignoring corrupt image/label: cannot identify image file '/workspace/d352_rgbmono/images/train/DAMIMAS_A21B_0109_1.tiff'
train: /workspace/d352_rgbmono/images/train/DAMIMAS_A21B_0120_2.tiff: ignoring corrupt image/label: cannot identify image file '/workspace/d352_rgbmono/images/train/DAMIMAS_A21B_0120_2.tiff'
train: /workspace/d352_rgbmono/images/train/DAMIMAS_A21B_0120_4.tiff: ignoring corrupt image/label: cannot identify image file '/workspace/d352_rgbmono/images/train/DAMIMAS_A21B_0120_4.tiff'
train: /workspace/d352_rgbmono/images/train/DAMIMAS_A21B_0122_4.tiff: ignoring corrupt image/label: cannot identify image file '/workspace/d352_rgbmono/images/train/DAMIMAS_A21B_0122_4.tiff'
val: Scanning /workspace/d352_rgbmono/labels/val.cache... 208 images, 29 backgrounds, 0 corrupt: 100% ━━━━━━━━━━━━ 208/208 8.7Mit/s 0.0s
Using 8 dataloader workers
Logging results to /workspace/project-expertise/runs/sel3_352_rgbmono-2
Starting training for 60 epochs...
      Epoch    GPU_mem   box_loss   cls_loss   dfl_loss  Instances       Size
train: Fast image access ✅ (ping: 4.3±5.6 ms, read: 277.8±33.7 MB/s, size: 3057.0 KB)
train: Scanning /workspace/d352_rgbmono/labels/train.cache... 974 images, 142 backgrounds, 6 corrupt: 100% ━━━━━━━━━━━━ 980/980 342.5Mit/s 0.0s
train: /workspace/d352_rgbmono/images/train/DAMIMAS_A21B_0105_4.tiff: ignoring corrupt image/label: cannot identify image file '/workspace/d352_rgbmono/images/train/DAMIMAS_A21B_0105_4.tiff'
train: /workspace/d352_rgbmono/images/train/DAMIMAS_A21B_0106_3.tiff: ignoring corrupt image/label: cannot identify image file '/workspace/d352_rgbmono/images/train/DAMIMAS_A21B_0106_3.tiff'
train: /workspace/d352_rgbmono/images/train/DAMIMAS_A21B_0109_1.tiff: ignoring corrupt image/label: cannot identify image file '/workspace/d352_rgbmono/images/train/DAMIMAS_A21B_0109_1.tiff'
train: /workspace/d352_rgbmono/images/train/DAMIMAS_A21B_0120_2.tiff: ignoring corrupt image/label: cannot identify image file '/workspace/d352_rgbmono/images/train/DAMIMAS_A21B_0120_2.tiff'
train: /workspace/d352_rgbmono/images/train/DAMIMAS_A21B_0120_4.tiff: ignoring corrupt image/label: cannot identify image file '/workspace/d352_rgbmono/images/train/DAMIMAS_A21B_0120_4.tiff'
train: /workspace/d352_rgbmono/images/train/DAMIMAS_A21B_0122_4.tiff: ignoring corrupt image/label: cannot identify image file '/workspace/d352_rgbmono/images/train/DAMIMAS_A21B_0122_4.tiff'
val: Scanning /workspace/d352_rgbmono/labels/val.cache... 208 images, 29 backgrounds, 0 corrupt: 100% ━━━━━━━━━━━━ 208/208 13.2Mit/s 0.0s
: 0% ──────────── 0/244  7.8s
      Epoch    GPU_mem   box_loss   cls_loss   dfl_loss  Instances       Size
train: Scanning /workspace/d352_rgbmono/labels/train.cache... 974 images, 142 backgrounds, 6 corrupt: 100% ━━━━━━━━━━━━ 980/980 342.5Mit/s 0.0s
train: /workspace/d352_rgbmono/images/train/DAMIMAS_A21B_0105_4.tiff: ignoring corrupt image/label: cannot identify image file '/workspace/d352_rgbmono/images/train/DAMIMAS_A21B_0105_4.tiff'
train: /workspace/d352_rgbmono/images/train/DAMIMAS_A21B_0106_3.tiff: ignoring corrupt image/label: cannot identify image file '/workspace/d352_rgbmono/images/train/DAMIMAS_A21B_0106_3.tiff'
train: /workspace/d352_rgbmono/images/train/DAMIMAS_A21B_0109_1.tiff: ignoring corrupt image/label: cannot identify image file '/workspace/d352_rgbmono/images/train/DAMIMAS_A21B_0109_1.tiff'
train: /workspace/d352_rgbmono/images/train/DAMIMAS_A21B_0120_2.tiff: ignoring corrupt image/label: cannot identify image file '/workspace/d352_rgbmono/images/train/DAMIMAS_A21B_0120_2.tiff'
train: /workspace/d352_rgbmono/images/train/DAMIMAS_A21B_0120_4.tiff: ignoring corrupt image/label: cannot identify image file '/workspace/d352_rgbmono/images/train/DAMIMAS_A21B_0120_4.tiff'
train: /workspace/d352_rgbmono/images/train/DAMIMAS_A21B_0122_4.tiff: ignoring corrupt image/label: cannot identify image file '/workspace/d352_rgbmono/images/train/DAMIMAS_A21B_0122_4.tiff'
val: Scanning /workspace/d352_rgbmono/labels/val.cache... 208 images, 29 backgrounds, 0 corrupt: 100% ━━━━━━━━━━━━ 208/208 12.6Mit/s 0.0s
optimizer: AdamW(lr=0.00125, momentum=0.9) with parameter groups 178 weight(decay=0.0), 190 weight(decay=0.0005), 190 bias(decay=0.0)
: 0% ──────────── 0/487  11.6s
      Epoch    GPU_mem   box_loss   cls_loss   dfl_loss  Instances       Size
: 0% ──────────── 0/974  2.3s
Traceback (most recent call last):
  File "/workspace/project-expertise/scripts/train_yolo_4ch_screening.py", line 68, in <module>
    raise SystemExit(main())
                     ^^^^^^
  File "/workspace/project-expertise/scripts/train_yolo_4ch_screening.py", line 39, in main
    model.train(
  File "/workspace/project-expertise/.venv/lib/python3.12/site-packages/ultralytics/engine/model.py", line 816, in train
    self.trainer.train()
  File "/workspace/project-expertise/.venv/lib/python3.12/site-packages/ultralytics/engine/trainer.py", line 241, in train
    self._do_train()
  File "/workspace/project-expertise/.venv/lib/python3.12/site-packages/ultralytics/engine/trainer.py", line 481, in _do_train
    self.scaler.scale(self.loss).backward()
  File "/usr/local/lib/python3.12/dist-packages/torch/_tensor.py", line 647, in backward
    torch.autograd.backward(
  File "/usr/local/lib/python3.12/dist-packages/torch/autograd/__init__.py", line 354, in backward
    _engine_run_backward(
  File "/usr/local/lib/python3.12/dist-packages/torch/autograd/graph.py", line 829, in _engine_run_backward
    return Variable._execution_engine.run_backward(  # Calls into the C++ engine to run the backward pass
           ^^^^^^^^^^^^^^^^^^^^^^^^^^^^^^^^^^^^^^^^^^^^^^^^^^^^^^^^^^^^^^^^^^^^^^^^^^^^^^^^^^^^^^^^^^^^^^
torch.AcceleratorError: CUDA error: unknown error
CUDA kernel errors might be asynchronously reported at some other API call, so the stacktrace below might be incorrect.
For debugging consider passing CUDA_LAUNCH_BLOCKING=1
Compile with `TORCH_USE_CUDA_DSA` to enable device-side assertions.
                 Class     Images  Instances      Box(P          R      mAP50  mAP50-95): 3% ──────────── 1/26 6.9s/it 2.1s<2:53
                 Class     Images  Instances      Box(P          R      mAP50  mAP50-95): 7% ╸─────────── 2/26 1.7s/it 2.7s<41.6s
                 Class     Images  Instances      Box(P          R      mAP50  mAP50-95): 11% ━─────────── 3/26 1.1s/it 3.3s<26.0s
                 Class     Images  Instances      Box(P          R      mAP50  mAP50-95): 15% ━╸────────── 4/26 1.1it/s 4.0s<20.1s
                 Class     Images  Instances      Box(P          R      mAP50  mAP50-95): 19% ━━────────── 5/26 1.2it/s 4.6s<17.1s
                 Class     Images  Instances      Box(P          R      mAP50  mAP50-95): 23% ━━╸───────── 6/26 1.3it/s 5.2s<15.0s
                 Class     Images  Instances      Box(P          R      mAP50  mAP50-95): 26% ━━━───────── 7/26 1.4it/s 5.9s<13.5s
                 Class     Images  Instances      Box(P          R      mAP50  mAP50-95): 30% ━━━╸──────── 8/26 1.5it/s 6.5s<12.3s
                 Class     Images  Instances      Box(P          R      mAP50  mAP50-95): 34% ━━━━──────── 9/26 1.5it/s 7.1s<11.4s
                 Class     Images  Instances      Box(P          R      mAP50  mAP50-95): 38% ━━━━╸─────── 10/26 1.5it/s 7.8s<10.5s
                 Class     Images  Instances      Box(P          R      mAP50  mAP50-95): 42% ━━━━━─────── 11/26 1.5it/s 8.4s<9.8s
                 Class     Images  Instances      Box(P          R      mAP50  mAP50-95): 46% ━━━━━╸────── 12/26 1.5it/s 9.0s<9.0s
                 Class     Images  Instances      Box(P          R      mAP50  mAP50-95): 50% ━━━━━━────── 13/26 1.5it/s 9.7s<8.4s
                 Class     Images  Instances      Box(P          R      mAP50  mAP50-95): 53% ━━━━━━────── 14/26 1.6it/s 10.3s<7.7s
                 Class     Images  Instances      Box(P          R      mAP50  mAP50-95): 57% ━━━━━━╸───── 15/26 1.5it/s 11.0s<7.2s
                 Class     Images  Instances      Box(P          R      mAP50  mAP50-95): 61% ━━━━━━━───── 16/26 1.5it/s 11.7s<6.7s
                 Class     Images  Instances      Box(P          R      mAP50  mAP50-95): 65% ━━━━━━━╸──── 17/26 1.5it/s 12.4s<6.1s
                 Class     Images  Instances      Box(P          R      mAP50  mAP50-95): 69% ━━━━━━━━──── 18/26 1.5it/s 13.1s<5.4s
                 Class     Images  Instances      Box(P          R      mAP50  mAP50-95): 73% ━━━━━━━━╸─── 19/26 1.6it/s 13.7s<4.5s
                 Class     Images  Instances      Box(P          R      mAP50  mAP50-95): 76% ━━━━━━━━━─── 20/26 1.5it/s 14.3s<3.9s
                 Class     Images  Instances      Box(P          R      mAP50  mAP50-95): 80% ━━━━━━━━━╸── 21/26 1.6it/s 14.9s<3.2s
                 Class     Images  Instances      Box(P          R      mAP50  mAP50-95): 84% ━━━━━━━━━━── 22/26 1.6it/s 15.5s<2.5s
                 Class     Images  Instances      Box(P          R      mAP50  mAP50-95): 88% ━━━━━━━━━━╸─ 23/26 1.6it/s 16.2s<1.9s
                 Class     Images  Instances      Box(P          R      mAP50  mAP50-95): 92% ━━━━━━━━━━━─ 24/26 1.6it/s 16.8s<1.3s
                 Class     Images  Instances      Box(P          R      mAP50  mAP50-95): 96% ━━━━━━━━━━━╸ 25/26 1.6it/s 17.4s<0.6s
                 Class     Images  Instances      Box(P          R      mAP50  mAP50-95): 100% ━━━━━━━━━━━━ 26/26 1.4it/s 18.0s
      Epoch    GPU_mem   box_loss   cls_loss   dfl_loss  Instances       Size
                 Class     Images  Instances      Box(P          R      mAP50  mAP50-95): 3% ──────────── 1/26 2.2s/it 0.7s<56.0s
                 Class     Images  Instances      Box(P          R      mAP50  mAP50-95): 7% ╸─────────── 2/26 1.3s/it 1.4s<31.8s
                 Class     Images  Instances      Box(P          R      mAP50  mAP50-95): 11% ━─────────── 3/26 1.0it/s 2.0s<23.0s
                 Class     Images  Instances      Box(P          R      mAP50  mAP50-95): 15% ━╸────────── 4/26 1.2it/s 2.6s<18.7s
                 Class     Images  Instances      Box(P          R      mAP50  mAP50-95): 19% ━━────────── 5/26 1.3it/s 3.2s<16.2s
                 Class     Images  Instances      Box(P          R      mAP50  mAP50-95): 23% ━━╸───────── 6/26 1.4it/s 3.9s<14.4s
                 Class     Images  Instances      Box(P          R      mAP50  mAP50-95): 26% ━━━───────── 7/26 1.4it/s 4.5s<13.1s
                 Class     Images  Instances      Box(P          R      mAP50  mAP50-95): 30% ━━━╸──────── 8/26 1.5it/s 5.2s<12.3s
                 Class     Images  Instances      Box(P          R      mAP50  mAP50-95): 34% ━━━━──────── 9/26 1.5it/s 5.8s<11.5s
                 Class     Images  Instances      Box(P          R      mAP50  mAP50-95): 38% ━━━━╸─────── 10/26 1.5it/s 6.4s<10.4s
                 Class     Images  Instances      Box(P          R      mAP50  mAP50-95): 42% ━━━━━─────── 11/26 1.6it/s 7.0s<9.5s
                 Class     Images  Instances      Box(P          R      mAP50  mAP50-95): 46% ━━━━━╸────── 12/26 1.6it/s 7.7s<8.9s
                 Class     Images  Instances      Box(P          R      mAP50  mAP50-95): 50% ━━━━━━────── 13/26 1.6it/s 8.3s<8.2s
                 Class     Images  Instances      Box(P          R      mAP50  mAP50-95): 53% ━━━━━━────── 14/26 1.6it/s 8.9s<7.6s
                 Class     Images  Instances      Box(P          R      mAP50  mAP50-95): 57% ━━━━━━╸───── 15/26 1.6it/s 9.6s<7.0s
                 Class     Images  Instances      Box(P          R      mAP50  mAP50-95): 61% ━━━━━━━───── 16/26 1.6it/s 10.2s<6.3s
                 Class     Images  Instances      Box(P          R      mAP50  mAP50-95): 65% ━━━━━━━╸──── 17/26 1.6it/s 10.8s<5.7s
                 Class     Images  Instances      Box(P          R      mAP50  mAP50-95): 69% ━━━━━━━━──── 18/26 1.6it/s 11.4s<5.0s
                 Class     Images  Instances      Box(P          R      mAP50  mAP50-95): 73% ━━━━━━━━╸─── 19/26 1.6it/s 12.1s<4.4s
                 Class     Images  Instances      Box(P          R      mAP50  mAP50-95): 76% ━━━━━━━━━─── 20/26 1.6it/s 12.7s<3.8s
                 Class     Images  Instances      Box(P          R      mAP50  mAP50-95): 80% ━━━━━━━━━╸── 21/26 1.6it/s 13.3s<3.2s
                 Class     Images  Instances      Box(P          R      mAP50  mAP50-95): 84% ━━━━━━━━━━── 22/26 1.6it/s 14.0s<2.5s
                 Class     Images  Instances      Box(P          R      mAP50  mAP50-95): 88% ━━━━━━━━━━╸─ 23/26 1.6it/s 14.6s<1.9s
                 Class     Images  Instances      Box(P          R      mAP50  mAP50-95): 92% ━━━━━━━━━━━─ 24/26 1.6it/s 15.2s<1.3s
                 Class     Images  Instances      Box(P          R      mAP50  mAP50-95): 96% ━━━━━━━━━━━╸ 25/26 1.6it/s 15.9s<0.6s
                 Class     Images  Instances      Box(P          R      mAP50  mAP50-95): 100% ━━━━━━━━━━━━ 26/26 1.6it/s 16.5s
      Epoch    GPU_mem   box_loss   cls_loss   dfl_loss  Instances       Size
                 Class     Images  Instances      Box(P          R      mAP50  mAP50-95): 3% ──────────── 1/26 2.2s/it 0.7s<55.5s
                 Class     Images  Instances      Box(P          R      mAP50  mAP50-95): 7% ╸─────────── 2/26 1.3s/it 1.3s<30.4s
                 Class     Images  Instances      Box(P          R      mAP50  mAP50-95): 11% ━─────────── 3/26 1.0it/s 2.0s<22.8s
                 Class     Images  Instances      Box(P          R      mAP50  mAP50-95): 15% ━╸────────── 4/26 1.2it/s 2.6s<18.7s
                 Class     Images  Instances      Box(P          R      mAP50  mAP50-95): 19% ━━────────── 5/26 1.3it/s 3.2s<16.1s
                 Class     Images  Instances      Box(P          R      mAP50  mAP50-95): 23% ━━╸───────── 6/26 1.4it/s 3.9s<14.4s
                 Class     Images  Instances      Box(P          R      mAP50  mAP50-95): 26% ━━━───────── 7/26 1.4it/s 4.5s<13.2s
                 Class     Images  Instances      Box(P          R      mAP50  mAP50-95): 30% ━━━╸──────── 8/26 1.5it/s 5.1s<12.2s
                 Class     Images  Instances      Box(P          R      mAP50  mAP50-95): 34% ━━━━──────── 9/26 1.5it/s 5.8s<11.2s
                 Class     Images  Instances      Box(P          R      mAP50  mAP50-95): 38% ━━━━╸─────── 10/26 1.5it/s 6.4s<10.4s
                 Class     Images  Instances      Box(P          R      mAP50  mAP50-95): 42% ━━━━━─────── 11/26 1.6it/s 7.0s<9.7s
                 Class     Images  Instances      Box(P          R      mAP50  mAP50-95): 46% ━━━━━╸────── 12/26 1.5it/s 7.7s<9.1s
                 Class     Images  Instances      Box(P          R      mAP50  mAP50-95): 50% ━━━━━━────── 13/26 1.5it/s 8.3s<8.4s
                 Class     Images  Instances      Box(P          R      mAP50  mAP50-95): 53% ━━━━━━────── 14/26 1.6it/s 8.9s<7.6s
                 Class     Images  Instances      Box(P          R      mAP50  mAP50-95): 57% ━━━━━━╸───── 15/26 1.6it/s 9.5s<6.9s
                 Class     Images  Instances      Box(P          R      mAP50  mAP50-95): 61% ━━━━━━━───── 16/26 1.6it/s 10.2s<6.3s
                 Class     Images  Instances      Box(P          R      mAP50  mAP50-95): 65% ━━━━━━━╸──── 17/26 1.6it/s 10.8s<5.6s
                 Class     Images  Instances      Box(P          R      mAP50  mAP50-95): 69% ━━━━━━━━──── 18/26 1.6it/s 11.4s<5.0s
                 Class     Images  Instances      Box(P          R      mAP50  mAP50-95): 73% ━━━━━━━━╸─── 19/26 1.6it/s 12.0s<4.4s
                 Class     Images  Instances      Box(P          R      mAP50  mAP50-95): 76% ━━━━━━━━━─── 20/26 1.6it/s 12.7s<3.8s
                 Class     Images  Instances      Box(P          R      mAP50  mAP50-95): 80% ━━━━━━━━━╸── 21/26 1.6it/s 13.3s<3.1s
                 Class     Images  Instances      Box(P          R      mAP50  mAP50-95): 84% ━━━━━━━━━━── 22/26 1.6it/s 13.9s<2.5s
                 Class     Images  Instances      Box(P          R      mAP50  mAP50-95): 88% ━━━━━━━━━━╸─ 23/26 1.6it/s 14.6s<1.9s
                 Class     Images  Instances      Box(P          R      mAP50  mAP50-95): 92% ━━━━━━━━━━━─ 24/26 1.6it/s 15.2s<1.3s
                 Class     Images  Instances      Box(P          R      mAP50  mAP50-95): 96% ━━━━━━━━━━━╸ 25/26 1.6it/s 15.8s<0.6s
                 Class     Images  Instances      Box(P          R      mAP50  mAP50-95): 100% ━━━━━━━━━━━━ 26/26 1.6it/s 16.4s
      Epoch    GPU_mem   box_loss   cls_loss   dfl_loss  Instances       Size
                 Class     Images  Instances      Box(P          R      mAP50  mAP50-95): 3% ──────────── 1/26 2.3s/it 0.7s<56.9s
                 Class     Images  Instances      Box(P          R      mAP50  mAP50-95): 7% ╸─────────── 2/26 1.3s/it 1.3s<31.4s
                 Class     Images  Instances      Box(P          R      mAP50  mAP50-95): 11% ━─────────── 3/26 1.0it/s 2.0s<22.8s
                 Class     Images  Instances      Box(P          R      mAP50  mAP50-95): 15% ━╸────────── 4/26 1.2it/s 2.6s<18.6s
                 Class     Images  Instances      Box(P          R      mAP50  mAP50-95): 19% ━━────────── 5/26 1.3it/s 3.3s<16.3s
                 Class     Images  Instances      Box(P          R      mAP50  mAP50-95): 23% ━━╸───────── 6/26 1.4it/s 3.9s<14.4s
                 Class     Images  Instances      Box(P          R      mAP50  mAP50-95): 26% ━━━───────── 7/26 1.4it/s 4.5s<13.1s
                 Class     Images  Instances      Box(P          R      mAP50  mAP50-95): 30% ━━━╸──────── 8/26 1.5it/s 5.1s<12.1s
                 Class     Images  Instances      Box(P          R      mAP50  mAP50-95): 34% ━━━━──────── 9/26 1.5it/s 5.8s<11.2s
                 Class     Images  Instances      Box(P          R      mAP50  mAP50-95): 38% ━━━━╸─────── 10/26 1.4it/s 6.6s<11.1s
                 Class     Images  Instances      Box(P          R      mAP50  mAP50-95): 42% ━━━━━─────── 11/26 1.4it/s 7.3s<10.5s
                 Class     Images  Instances      Box(P          R      mAP50  mAP50-95): 46% ━━━━━╸────── 12/26 1.5it/s 7.9s<9.6s
                 Class     Images  Instances      Box(P          R      mAP50  mAP50-95): 50% ━━━━━━────── 13/26 1.5it/s 8.6s<8.7s
                 Class     Images  Instances      Box(P          R      mAP50  mAP50-95): 53% ━━━━━━────── 14/26 1.5it/s 9.2s<7.9s
                 Class     Images  Instances      Box(P          R      mAP50  mAP50-95): 57% ━━━━━━╸───── 15/26 1.5it/s 9.8s<7.1s
                 Class     Images  Instances      Box(P          R      mAP50  mAP50-95): 61% ━━━━━━━───── 16/26 1.6it/s 10.4s<6.4s
                 Class     Images  Instances      Box(P          R      mAP50  mAP50-95): 65% ━━━━━━━╸──── 17/26 1.6it/s 11.1s<5.7s
                 Class     Images  Instances      Box(P          R      mAP50  mAP50-95): 69% ━━━━━━━━──── 18/26 1.6it/s 11.7s<5.1s
                 Class     Images  Instances      Box(P          R      mAP50  mAP50-95): 73% ━━━━━━━━╸─── 19/26 1.6it/s 12.3s<4.5s
                 Class     Images  Instances      Box(P          R      mAP50  mAP50-95): 76% ━━━━━━━━━─── 20/26 1.6it/s 13.0s<3.8s
                 Class     Images  Instances      Box(P          R      mAP50  mAP50-95): 80% ━━━━━━━━━╸── 21/26 1.6it/s 13.6s<3.2s
                 Class     Images  Instances      Box(P          R      mAP50  mAP50-95): 84% ━━━━━━━━━━── 22/26 1.6it/s 14.3s<2.6s
                 Class     Images  Instances      Box(P          R      mAP50  mAP50-95): 88% ━━━━━━━━━━╸─ 23/26 1.5it/s 15.0s<2.0s
                 Class     Images  Instances      Box(P          R      mAP50  mAP50-95): 92% ━━━━━━━━━━━─ 24/26 1.5it/s 15.6s<1.3s
                 Class     Images  Instances      Box(P          R      mAP50  mAP50-95): 96% ━━━━━━━━━━━╸ 25/26 1.5it/s 16.3s<0.7s
                 Class     Images  Instances      Box(P          R      mAP50  mAP50-95): 100% ━━━━━━━━━━━━ 26/26 1.5it/s 16.9s
      Epoch    GPU_mem   box_loss   cls_loss   dfl_loss  Instances       Size
                 Class     Images  Instances      Box(P          R      mAP50  mAP50-95): 3% ──────────── 1/26 2.1s/it 0.6s<52.3s
                 Class     Images  Instances      Box(P          R      mAP50  mAP50-95): 7% ╸─────────── 2/26 1.2s/it 1.3s<29.6s
                 Class     Images  Instances      Box(P          R      mAP50  mAP50-95): 11% ━─────────── 3/26 1.0it/s 1.9s<22.0s
                 Class     Images  Instances      Box(P          R      mAP50  mAP50-95): 15% ━╸────────── 4/26 1.2it/s 2.5s<18.2s
                 Class     Images  Instances      Box(P          R      mAP50  mAP50-95): 19% ━━────────── 5/26 1.3it/s 3.1s<15.9s
                 Class     Images  Instances      Box(P          R      mAP50  mAP50-95): 23% ━━╸───────── 6/26 1.4it/s 3.8s<14.3s
                 Class     Images  Instances      Box(P          R      mAP50  mAP50-95): 26% ━━━───────── 7/26 1.5it/s 4.4s<13.0s
                 Class     Images  Instances      Box(P          R      mAP50  mAP50-95): 30% ━━━╸──────── 8/26 1.5it/s 5.0s<12.0s
                 Class     Images  Instances      Box(P          R      mAP50  mAP50-95): 34% ━━━━──────── 9/26 1.5it/s 5.7s<11.2s
                 Class     Images  Instances      Box(P          R      mAP50  mAP50-95): 38% ━━━━╸─────── 10/26 1.5it/s 6.3s<10.4s
                 Class     Images  Instances      Box(P          R      mAP50  mAP50-95): 42% ━━━━━─────── 11/26 1.6it/s 6.9s<9.7s
                 Class     Images  Instances      Box(P          R      mAP50  mAP50-95): 46% ━━━━━╸────── 12/26 1.6it/s 7.6s<9.0s
                 Class     Images  Instances      Box(P          R      mAP50  mAP50-95): 50% ━━━━━━────── 13/26 1.6it/s 8.2s<8.3s
                 Class     Images  Instances      Box(P          R      mAP50  mAP50-95): 53% ━━━━━━────── 14/26 1.7it/s 8.7s<7.1s
                 Class     Images  Instances      Box(P          R      mAP50  mAP50-95): 57% ━━━━━━╸───── 15/26 1.6it/s 9.4s<6.7s
                 Class     Images  Instances      Box(P          R      mAP50  mAP50-95): 61% ━━━━━━━───── 16/26 1.6it/s 10.1s<6.3s
                 Class     Images  Instances      Box(P          R      mAP50  mAP50-95): 65% ━━━━━━━╸──── 17/26 1.6it/s 10.7s<5.7s
                 Class     Images  Instances      Box(P          R      mAP50  mAP50-95): 69% ━━━━━━━━──── 18/26 1.6it/s 11.3s<5.1s
                 Class     Images  Instances      Box(P          R      mAP50  mAP50-95): 73% ━━━━━━━━╸─── 19/26 1.5it/s 12.0s<4.5s
                 Class     Images  Instances      Box(P          R      mAP50  mAP50-95): 76% ━━━━━━━━━─── 20/26 1.5it/s 12.7s<3.9s
                 Class     Images  Instances      Box(P          R      mAP50  mAP50-95): 80% ━━━━━━━━━╸── 21/26 1.5it/s 13.4s<3.3s
                 Class     Images  Instances      Box(P          R      mAP50  mAP50-95): 84% ━━━━━━━━━━── 22/26 1.5it/s 14.0s<2.7s
                 Class     Images  Instances      Box(P          R      mAP50  mAP50-95): 88% ━━━━━━━━━━╸─ 23/26 1.5it/s 14.7s<2.0s
                 Class     Images  Instances      Box(P          R      mAP50  mAP50-95): 92% ━━━━━━━━━━━─ 24/26 1.5it/s 15.3s<1.3s
                 Class     Images  Instances      Box(P          R      mAP50  mAP50-95): 96% ━━━━━━━━━━━╸ 25/26 1.6it/s 15.9s<0.6s
                 Class     Images  Instances      Box(P          R      mAP50  mAP50-95): 100% ━━━━━━━━━━━━ 26/26 1.6it/s 16.6s
      Epoch    GPU_mem   box_loss   cls_loss   dfl_loss  Instances       Size
                 Class     Images  Instances      Box(P          R      mAP50  mAP50-95): 3% ──────────── 1/26 2.3s/it 0.7s<56.8s
                 Class     Images  Instances      Box(P          R      mAP50  mAP50-95): 7% ╸─────────── 2/26 1.3s/it 1.3s<31.1s
                 Class     Images  Instances      Box(P          R      mAP50  mAP50-95): 11% ━─────────── 3/26 1.0it/s 2.0s<22.6s
                 Class     Images  Instances      Box(P          R      mAP50  mAP50-95): 15% ━╸────────── 4/26 1.2it/s 2.6s<18.5s
                 Class     Images  Instances      Box(P          R      mAP50  mAP50-95): 19% ━━────────── 5/26 1.3it/s 3.2s<16.1s
                 Class     Images  Instances      Box(P          R      mAP50  mAP50-95): 23% ━━╸───────── 6/26 1.4it/s 3.9s<14.6s
                 Class     Images  Instances      Box(P          R      mAP50  mAP50-95): 26% ━━━───────── 7/26 1.4it/s 4.5s<13.2s
                 Class     Images  Instances      Box(P          R      mAP50  mAP50-95): 30% ━━━╸──────── 8/26 1.5it/s 5.1s<12.1s
                 Class     Images  Instances      Box(P          R      mAP50  mAP50-95): 34% ━━━━──────── 9/26 1.5it/s 5.8s<11.3s
                 Class     Images  Instances      Box(P          R      mAP50  mAP50-95): 38% ━━━━╸─────── 10/26 1.5it/s 6.4s<10.4s
                 Class     Images  Instances      Box(P          R      mAP50  mAP50-95): 42% ━━━━━─────── 11/26 1.5it/s 7.0s<9.7s
                 Class     Images  Instances      Box(P          R      mAP50  mAP50-95): 46% ━━━━━╸────── 12/26 1.6it/s 7.7s<9.0s
                 Class     Images  Instances      Box(P          R      mAP50  mAP50-95): 50% ━━━━━━────── 13/26 1.6it/s 8.3s<8.3s
                 Class     Images  Instances      Box(P          R      mAP50  mAP50-95): 53% ━━━━━━────── 14/26 1.6it/s 8.9s<7.6s
                 Class     Images  Instances      Box(P          R      mAP50  mAP50-95): 57% ━━━━━━╸───── 15/26 1.6it/s 9.6s<7.0s
                 Class     Images  Instances      Box(P          R      mAP50  mAP50-95): 61% ━━━━━━━───── 16/26 1.6it/s 10.2s<6.3s
                 Class     Images  Instances      Box(P          R      mAP50  mAP50-95): 65% ━━━━━━━╸──── 17/26 1.6it/s 10.8s<5.7s
                 Class     Images  Instances      Box(P          R      mAP50  mAP50-95): 69% ━━━━━━━━──── 18/26 1.6it/s 11.5s<5.1s
                 Class     Images  Instances      Box(P          R      mAP50  mAP50-95): 73% ━━━━━━━━╸─── 19/26 1.6it/s 12.1s<4.5s
                 Class     Images  Instances      Box(P          R      mAP50  mAP50-95): 76% ━━━━━━━━━─── 20/26 1.5it/s 12.8s<3.9s
                 Class     Images  Instances      Box(P          R      mAP50  mAP50-95): 80% ━━━━━━━━━╸── 21/26 1.5it/s 13.5s<3.4s
                 Class     Images  Instances      Box(P          R      mAP50  mAP50-95): 84% ━━━━━━━━━━── 22/26 1.5it/s 14.2s<2.6s
                 Class     Images  Instances      Box(P          R      mAP50  mAP50-95): 88% ━━━━━━━━━━╸─ 23/26 1.5it/s 14.8s<1.9s
                 Class     Images  Instances      Box(P          R      mAP50  mAP50-95): 92% ━━━━━━━━━━━─ 24/26 1.5it/s 15.4s<1.3s
                 Class     Images  Instances      Box(P          R      mAP50  mAP50-95): 96% ━━━━━━━━━━━╸ 25/26 1.5it/s 16.1s<0.7s
                 Class     Images  Instances      Box(P          R      mAP50  mAP50-95): 100% ━━━━━━━━━━━━ 26/26 1.6it/s 16.8s
      Epoch    GPU_mem   box_loss   cls_loss   dfl_loss  Instances       Size
                 Class     Images  Instances      Box(P          R      mAP50  mAP50-95): 3% ──────────── 1/26 2.1s/it 0.6s<52.3s
                 Class     Images  Instances      Box(P          R      mAP50  mAP50-95): 7% ╸─────────── 2/26 1.2s/it 1.2s<29.3s
                 Class     Images  Instances      Box(P          R      mAP50  mAP50-95): 11% ━─────────── 3/26 1.1it/s 1.9s<21.8s
                 Class     Images  Instances      Box(P          R      mAP50  mAP50-95): 15% ━╸────────── 4/26 1.2it/s 2.5s<18.0s
                 Class     Images  Instances      Box(P          R      mAP50  mAP50-95): 19% ━━────────── 5/26 1.3it/s 3.1s<15.7s
                 Class     Images  Instances      Box(P          R      mAP50  mAP50-95): 23% ━━╸───────── 6/26 1.4it/s 3.8s<14.4s
                 Class     Images  Instances      Box(P          R      mAP50  mAP50-95): 26% ━━━───────── 7/26 1.5it/s 4.3s<12.7s
                 Class     Images  Instances      Box(P          R      mAP50  mAP50-95): 30% ━━━╸──────── 8/26 1.5it/s 5.0s<11.8s
                 Class     Images  Instances      Box(P          R      mAP50  mAP50-95): 34% ━━━━──────── 9/26 1.5it/s 5.6s<11.1s
                 Class     Images  Instances      Box(P          R      mAP50  mAP50-95): 38% ━━━━╸─────── 10/26 1.5it/s 6.3s<10.4s
                 Class     Images  Instances      Box(P          R      mAP50  mAP50-95): 42% ━━━━━─────── 11/26 1.5it/s 6.9s<9.9s
                 Class     Images  Instances      Box(P          R      mAP50  mAP50-95): 46% ━━━━━╸────── 12/26 1.5it/s 7.6s<9.1s
                 Class     Images  Instances      Box(P          R      mAP50  mAP50-95): 50% ━━━━━━────── 13/26 1.6it/s 8.2s<8.4s
                 Class     Images  Instances      Box(P          R      mAP50  mAP50-95): 53% ━━━━━━────── 14/26 1.6it/s 8.8s<7.7s
                 Class     Images  Instances      Box(P          R      mAP50  mAP50-95): 57% ━━━━━━╸───── 15/26 1.6it/s 9.5s<7.0s
                 Class     Images  Instances      Box(P          R      mAP50  mAP50-95): 61% ━━━━━━━───── 16/26 1.6it/s 10.1s<6.3s
                 Class     Images  Instances      Box(P          R      mAP50  mAP50-95): 65% ━━━━━━━╸──── 17/26 1.6it/s 10.7s<5.7s
                 Class     Images  Instances      Box(P          R      mAP50  mAP50-95): 69% ━━━━━━━━──── 18/26 1.6it/s 11.4s<5.1s
                 Class     Images  Instances      Box(P          R      mAP50  mAP50-95): 73% ━━━━━━━━╸─── 19/26 1.6it/s 12.0s<4.4s
                 Class     Images  Instances      Box(P          R      mAP50  mAP50-95): 76% ━━━━━━━━━─── 20/26 1.6it/s 12.6s<3.8s
                 Class     Images  Instances      Box(P          R      mAP50  mAP50-95): 80% ━━━━━━━━━╸── 21/26 1.6it/s 13.2s<3.2s
                 Class     Images  Instances      Box(P          R      mAP50  mAP50-95): 84% ━━━━━━━━━━── 22/26 1.6it/s 13.9s<2.5s
                 Class     Images  Instances      Box(P          R      mAP50  mAP50-95): 88% ━━━━━━━━━━╸─ 23/26 1.6it/s 14.5s<1.9s
                 Class     Images  Instances      Box(P          R      mAP50  mAP50-95): 92% ━━━━━━━━━━━─ 24/26 1.6it/s 15.1s<1.3s
                 Class     Images  Instances      Box(P          R      mAP50  mAP50-95): 96% ━━━━━━━━━━━╸ 25/26 1.6it/s 15.8s<0.6s
                 Class     Images  Instances      Box(P          R      mAP50  mAP50-95): 100% ━━━━━━━━━━━━ 26/26 1.6it/s 16.4s
      Epoch    GPU_mem   box_loss   cls_loss   dfl_loss  Instances       Size
                 Class     Images  Instances      Box(P          R      mAP50  mAP50-95): 3% ──────────── 1/26 2.0s/it 0.6s<50.0s
                 Class     Images  Instances      Box(P          R      mAP50  mAP50-95): 7% ╸─────────── 2/26 1.2s/it 1.2s<29.0s
                 Class     Images  Instances      Box(P          R      mAP50  mAP50-95): 11% ━─────────── 3/26 1.1it/s 1.9s<21.8s
                 Class     Images  Instances      Box(P          R      mAP50  mAP50-95): 15% ━╸────────── 4/26 1.2it/s 2.5s<18.1s
                 Class     Images  Instances      Box(P          R      mAP50  mAP50-95): 19% ━━────────── 5/26 1.3it/s 3.2s<16.2s
                 Class     Images  Instances      Box(P          R      mAP50  mAP50-95): 23% ━━╸───────── 6/26 1.4it/s 3.8s<14.6s
                 Class     Images  Instances      Box(P          R      mAP50  mAP50-95): 26% ━━━───────── 7/26 1.4it/s 4.5s<13.6s
                 Class     Images  Instances      Box(P          R      mAP50  mAP50-95): 30% ━━━╸──────── 8/26 1.4it/s 5.2s<12.7s
                 Class     Images  Instances      Box(P          R      mAP50  mAP50-95): 34% ━━━━──────── 9/26 1.4it/s 5.8s<11.8s
                 Class     Images  Instances      Box(P          R      mAP50  mAP50-95): 38% ━━━━╸─────── 10/26 1.4it/s 6.5s<11.1s
                 Class     Images  Instances      Box(P          R      mAP50  mAP50-95): 42% ━━━━━─────── 11/26 1.5it/s 7.2s<10.1s
                 Class     Images  Instances      Box(P          R      mAP50  mAP50-95): 46% ━━━━━╸────── 12/26 1.6it/s 7.7s<8.6s
                 Class     Images  Instances      Box(P          R      mAP50  mAP50-95): 50% ━━━━━━────── 13/26 1.6it/s 8.3s<8.0s
                 Class     Images  Instances      Box(P          R      mAP50  mAP50-95): 53% ━━━━━━────── 14/26 1.6it/s 9.0s<7.5s
                 Class     Images  Instances      Box(P          R      mAP50  mAP50-95): 57% ━━━━━━╸───── 15/26 1.6it/s 9.6s<7.0s
                 Class     Images  Instances      Box(P          R      mAP50  mAP50-95): 61% ━━━━━━━───── 16/26 1.6it/s 10.3s<6.4s
                 Class     Images  Instances      Box(P          R      mAP50  mAP50-95): 65% ━━━━━━━╸──── 17/26 1.6it/s 10.9s<5.8s
                 Class     Images  Instances      Box(P          R      mAP50  mAP50-95): 69% ━━━━━━━━──── 18/26 1.6it/s 11.5s<5.1s
                 Class     Images  Instances      Box(P          R      mAP50  mAP50-95): 73% ━━━━━━━━╸─── 19/26 1.6it/s 12.2s<4.4s
                 Class     Images  Instances      Box(P          R      mAP50  mAP50-95): 76% ━━━━━━━━━─── 20/26 1.6it/s 12.8s<3.8s
                 Class     Images  Instances      Box(P          R      mAP50  mAP50-95): 80% ━━━━━━━━━╸── 21/26 1.6it/s 13.4s<3.2s
                 Class     Images  Instances      Box(P          R      mAP50  mAP50-95): 84% ━━━━━━━━━━── 22/26 1.6it/s 14.1s<2.5s
                 Class     Images  Instances      Box(P          R      mAP50  mAP50-95): 88% ━━━━━━━━━━╸─ 23/26 1.6it/s 14.7s<1.9s
                 Class     Images  Instances      Box(P          R      mAP50  mAP50-95): 92% ━━━━━━━━━━━─ 24/26 1.6it/s 15.3s<1.3s
                 Class     Images  Instances      Box(P          R      mAP50  mAP50-95): 96% ━━━━━━━━━━━╸ 25/26 1.6it/s 16.0s<0.6s
                 Class     Images  Instances      Box(P          R      mAP50  mAP50-95): 100% ━━━━━━━━━━━━ 26/26 1.6it/s 16.6s
      Epoch    GPU_mem   box_loss   cls_loss   dfl_loss  Instances       Size
                 Class     Images  Instances      Box(P          R      mAP50  mAP50-95): 3% ──────────── 1/26 2.3s/it 0.7s<58.0s
                 Class     Images  Instances      Box(P          R      mAP50  mAP50-95): 7% ╸─────────── 2/26 1.2s/it 1.2s<27.7s
                 Class     Images  Instances      Box(P          R      mAP50  mAP50-95): 11% ━─────────── 3/26 1.1it/s 1.8s<21.1s
                 Class     Images  Instances      Box(P          R      mAP50  mAP50-95): 15% ━╸────────── 4/26 1.2it/s 2.5s<17.7s
                 Class     Images  Instances      Box(P          R      mAP50  mAP50-95): 19% ━━────────── 5/26 1.3it/s 3.2s<16.0s
                 Class     Images  Instances      Box(P          R      mAP50  mAP50-95): 23% ━━╸───────── 6/26 1.4it/s 3.8s<14.6s
                 Class     Images  Instances      Box(P          R      mAP50  mAP50-95): 26% ━━━───────── 7/26 1.4it/s 4.5s<13.3s
                 Class     Images  Instances      Box(P          R      mAP50  mAP50-95): 30% ━━━╸──────── 8/26 1.5it/s 5.1s<12.2s
                 Class     Images  Instances      Box(P          R      mAP50  mAP50-95): 34% ━━━━──────── 9/26 1.5it/s 5.7s<11.3s
                 Class     Images  Instances      Box(P          R      mAP50  mAP50-95): 38% ━━━━╸─────── 10/26 1.5it/s 6.4s<10.5s
                 Class     Images  Instances      Box(P          R      mAP50  mAP50-95): 42% ━━━━━─────── 11/26 1.5it/s 7.0s<9.8s
                 Class     Images  Instances      Box(P          R      mAP50  mAP50-95): 46% ━━━━━╸────── 12/26 1.5it/s 7.7s<9.1s
                 Class     Images  Instances      Box(P          R      mAP50  mAP50-95): 50% ━━━━━━────── 13/26 1.5it/s 8.3s<8.4s
                 Class     Images  Instances      Box(P          R      mAP50  mAP50-95): 53% ━━━━━━────── 14/26 1.6it/s 8.9s<7.7s
                 Class     Images  Instances      Box(P          R      mAP50  mAP50-95): 57% ━━━━━━╸───── 15/26 1.5it/s 9.6s<7.2s
                 Class     Images  Instances      Box(P          R      mAP50  mAP50-95): 61% ━━━━━━━───── 16/26 1.5it/s 10.3s<6.5s
                 Class     Images  Instances      Box(P          R      mAP50  mAP50-95): 65% ━━━━━━━╸──── 17/26 1.5it/s 10.9s<5.9s
                 Class     Images  Instances      Box(P          R      mAP50  mAP50-95): 69% ━━━━━━━━──── 18/26 1.5it/s 11.6s<5.2s
                 Class     Images  Instances      Box(P          R      mAP50  mAP50-95): 73% ━━━━━━━━╸─── 19/26 1.5it/s 12.3s<4.7s
                 Class     Images  Instances      Box(P          R      mAP50  mAP50-95): 76% ━━━━━━━━━─── 20/26 1.5it/s 12.9s<4.0s
                 Class     Images  Instances      Box(P          R      mAP50  mAP50-95): 80% ━━━━━━━━━╸── 21/26 1.5it/s 13.6s<3.3s
                 Class     Images  Instances      Box(P          R      mAP50  mAP50-95): 84% ━━━━━━━━━━── 22/26 1.5it/s 14.2s<2.6s
                 Class     Images  Instances      Box(P          R      mAP50  mAP50-95): 88% ━━━━━━━━━━╸─ 23/26 1.6it/s 14.8s<1.9s
                 Class     Images  Instances      Box(P          R      mAP50  mAP50-95): 92% ━━━━━━━━━━━─ 24/26 1.6it/s 15.4s<1.3s
                 Class     Images  Instances      Box(P          R      mAP50  mAP50-95): 96% ━━━━━━━━━━━╸ 25/26 1.6it/s 16.1s<0.6s
                 Class     Images  Instances      Box(P          R      mAP50  mAP50-95): 100% ━━━━━━━━━━━━ 26/26 1.6it/s 16.7s
      Epoch    GPU_mem   box_loss   cls_loss   dfl_loss  Instances       Size
                 Class     Images  Instances      Box(P          R      mAP50  mAP50-95): 3% ──────────── 1/26 2.1s/it 0.6s<52.3s
                 Class     Images  Instances      Box(P          R      mAP50  mAP50-95): 7% ╸─────────── 2/26 1.2s/it 1.3s<29.5s
                 Class     Images  Instances      Box(P          R      mAP50  mAP50-95): 11% ━─────────── 3/26 1.0it/s 1.9s<21.9s
                 Class     Images  Instances      Box(P          R      mAP50  mAP50-95): 15% ━╸────────── 4/26 1.2it/s 2.5s<18.1s
                 Class     Images  Instances      Box(P          R      mAP50  mAP50-95): 19% ━━────────── 5/26 1.3it/s 3.1s<15.9s
                 Class     Images  Instances      Box(P          R      mAP50  mAP50-95): 23% ━━╸───────── 6/26 1.4it/s 3.8s<14.2s
                 Class     Images  Instances      Box(P          R      mAP50  mAP50-95): 26% ━━━───────── 7/26 1.5it/s 4.4s<13.0s
                 Class     Images  Instances      Box(P          R      mAP50  mAP50-95): 30% ━━━╸──────── 8/26 1.5it/s 5.0s<12.0s
                 Class     Images  Instances      Box(P          R      mAP50  mAP50-95): 34% ━━━━──────── 9/26 1.5it/s 5.7s<11.5s
                 Class     Images  Instances      Box(P          R      mAP50  mAP50-95): 38% ━━━━╸─────── 10/26 1.5it/s 6.3s<10.4s
                 Class     Images  Instances      Box(P          R      mAP50  mAP50-95): 42% ━━━━━─────── 11/26 1.5it/s 7.0s<9.9s
                 Class     Images  Instances      Box(P          R      mAP50  mAP50-95): 46% ━━━━━╸────── 12/26 1.5it/s 7.7s<9.4s
                 Class     Images  Instances      Box(P          R      mAP50  mAP50-95): 50% ━━━━━━────── 13/26 1.5it/s 8.4s<8.7s
                 Class     Images  Instances      Box(P          R      mAP50  mAP50-95): 53% ━━━━━━────── 14/26 1.5it/s 9.0s<7.9s
                 Class     Images  Instances      Box(P          R      mAP50  mAP50-95): 57% ━━━━━━╸───── 15/26 1.5it/s 9.7s<7.3s
                 Class     Images  Instances      Box(P          R      mAP50  mAP50-95): 61% ━━━━━━━───── 16/26 1.6it/s 10.2s<6.2s
                 Class     Images  Instances      Box(P          R      mAP50  mAP50-95): 65% ━━━━━━━╸──── 17/26 1.5it/s 10.9s<5.8s
                 Class     Images  Instances      Box(P          R      mAP50  mAP50-95): 69% ━━━━━━━━──── 18/26 1.5it/s 11.6s<5.2s
                 Class     Images  Instances      Box(P          R      mAP50  mAP50-95): 73% ━━━━━━━━╸─── 19/26 1.6it/s 12.2s<4.5s
                 Class     Images  Instances      Box(P          R      mAP50  mAP50-95): 76% ━━━━━━━━━─── 20/26 1.6it/s 12.8s<3.8s
                 Class     Images  Instances      Box(P          R      mAP50  mAP50-95): 80% ━━━━━━━━━╸── 21/26 1.6it/s 13.5s<3.2s
                 Class     Images  Instances      Box(P          R      mAP50  mAP50-95): 84% ━━━━━━━━━━── 22/26 1.6it/s 14.1s<2.6s
                 Class     Images  Instances      Box(P          R      mAP50  mAP50-95): 88% ━━━━━━━━━━╸─ 23/26 1.6it/s 14.7s<1.9s
                 Class     Images  Instances      Box(P          R      mAP50  mAP50-95): 92% ━━━━━━━━━━━─ 24/26 1.6it/s 15.4s<1.3s
                 Class     Images  Instances      Box(P          R      mAP50  mAP50-95): 96% ━━━━━━━━━━━╸ 25/26 1.6it/s 16.0s<0.6s
                 Class     Images  Instances      Box(P          R      mAP50  mAP50-95): 100% ━━━━━━━━━━━━ 26/26 1.6it/s 16.6s
      Epoch    GPU_mem   box_loss   cls_loss   dfl_loss  Instances       Size
                 Class     Images  Instances      Box(P          R      mAP50  mAP50-95): 3% ──────────── 1/26 2.4s/it 0.7s<59.7s
                 Class     Images  Instances      Box(P          R      mAP50  mAP50-95): 7% ╸─────────── 2/26 1.3s/it 1.4s<32.1s
                 Class     Images  Instances      Box(P          R      mAP50  mAP50-95): 11% ━─────────── 3/26 1.0s/it 2.0s<23.7s
                 Class     Images  Instances      Box(P          R      mAP50  mAP50-95): 15% ━╸────────── 4/26 1.1it/s 2.7s<19.2s
                 Class     Images  Instances      Box(P          R      mAP50  mAP50-95): 19% ━━────────── 5/26 1.3it/s 3.3s<16.3s
                 Class     Images  Instances      Box(P          R      mAP50  mAP50-95): 23% ━━╸───────── 6/26 1.3it/s 4.0s<14.9s
                 Class     Images  Instances      Box(P          R      mAP50  mAP50-95): 26% ━━━───────── 7/26 1.4it/s 4.7s<13.7s
                 Class     Images  Instances      Box(P          R      mAP50  mAP50-95): 30% ━━━╸──────── 8/26 1.4it/s 5.3s<12.4s
                 Class     Images  Instances      Box(P          R      mAP50  mAP50-95): 34% ━━━━──────── 9/26 1.5it/s 5.9s<11.4s
                 Class     Images  Instances      Box(P          R      mAP50  mAP50-95): 38% ━━━━╸─────── 10/26 1.5it/s 6.6s<10.6s
                 Class     Images  Instances      Box(P          R      mAP50  mAP50-95): 42% ━━━━━─────── 11/26 1.5it/s 7.2s<9.7s
                 Class     Images  Instances      Box(P          R      mAP50  mAP50-95): 46% ━━━━━╸────── 12/26 1.6it/s 7.8s<9.0s
                 Class     Images  Instances      Box(P          R      mAP50  mAP50-95): 50% ━━━━━━────── 13/26 1.6it/s 8.4s<8.3s
                 Class     Images  Instances      Box(P          R      mAP50  mAP50-95): 53% ━━━━━━────── 14/26 1.6it/s 9.1s<7.7s
                 Class     Images  Instances      Box(P          R      mAP50  mAP50-95): 57% ━━━━━━╸───── 15/26 1.5it/s 9.8s<7.2s
                 Class     Images  Instances      Box(P          R      mAP50  mAP50-95): 61% ━━━━━━━───── 16/26 1.5it/s 10.4s<6.5s
                 Class     Images  Instances      Box(P          R      mAP50  mAP50-95): 65% ━━━━━━━╸──── 17/26 1.5it/s 11.1s<6.0s
                 Class     Images  Instances      Box(P          R      mAP50  mAP50-95): 69% ━━━━━━━━──── 18/26 1.5it/s 11.8s<5.3s
                 Class     Images  Instances      Box(P          R      mAP50  mAP50-95): 73% ━━━━━━━━╸─── 19/26 1.5it/s 12.5s<4.8s
                 Class     Images  Instances      Box(P          R      mAP50  mAP50-95): 76% ━━━━━━━━━─── 20/26 1.5it/s 13.1s<4.0s
                 Class     Images  Instances      Box(P          R      mAP50  mAP50-95): 80% ━━━━━━━━━╸── 21/26 1.5it/s 13.7s<3.3s
                 Class     Images  Instances      Box(P          R      mAP50  mAP50-95): 84% ━━━━━━━━━━── 22/26 1.5it/s 14.4s<2.6s
                 Class     Images  Instances      Box(P          R      mAP50  mAP50-95): 88% ━━━━━━━━━━╸─ 23/26 1.5it/s 15.1s<2.0s
                 Class     Images  Instances      Box(P          R      mAP50  mAP50-95): 92% ━━━━━━━━━━━─ 24/26 1.5it/s 15.8s<1.3s
                 Class     Images  Instances      Box(P          R      mAP50  mAP50-95): 96% ━━━━━━━━━━━╸ 25/26 1.5it/s 16.4s<0.7s
                 Class     Images  Instances      Box(P          R      mAP50  mAP50-95): 100% ━━━━━━━━━━━━ 26/26 1.5it/s 17.1s
      Epoch    GPU_mem   box_loss   cls_loss   dfl_loss  Instances       Size
                 Class     Images  Instances      Box(P          R      mAP50  mAP50-95): 3% ──────────── 1/26 2.1s/it 0.6s<52.3s
                 Class     Images  Instances      Box(P          R      mAP50  mAP50-95): 7% ╸─────────── 2/26 1.2s/it 1.3s<29.6s
                 Class     Images  Instances      Box(P          R      mAP50  mAP50-95): 11% ━─────────── 3/26 1.0it/s 1.9s<22.0s
                 Class     Images  Instances      Box(P          R      mAP50  mAP50-95): 15% ━╸────────── 4/26 1.2it/s 2.5s<18.1s
                 Class     Images  Instances      Box(P          R      mAP50  mAP50-95): 19% ━━────────── 5/26 1.3it/s 3.1s<15.8s
                 Class     Images  Instances      Box(P          R      mAP50  mAP50-95): 23% ━━╸───────── 6/26 1.4it/s 3.8s<14.2s
                 Class     Images  Instances      Box(P          R      mAP50  mAP50-95): 26% ━━━───────── 7/26 1.5it/s 4.4s<13.0s
                 Class     Images  Instances      Box(P          R      mAP50  mAP50-95): 30% ━━━╸──────── 8/26 1.5it/s 5.0s<12.0s
                 Class     Images  Instances      Box(P          R      mAP50  mAP50-95): 34% ━━━━──────── 9/26 1.5it/s 5.7s<11.3s
                 Class     Images  Instances      Box(P          R      mAP50  mAP50-95): 38% ━━━━╸─────── 10/26 1.6it/s 6.3s<10.3s
                 Class     Images  Instances      Box(P          R      mAP50  mAP50-95): 42% ━━━━━─────── 11/26 1.6it/s 6.9s<9.6s
                 Class     Images  Instances      Box(P          R      mAP50  mAP50-95): 46% ━━━━━╸────── 12/26 1.6it/s 7.5s<8.9s
                 Class     Images  Instances      Box(P          R      mAP50  mAP50-95): 50% ━━━━━━────── 13/26 1.6it/s 8.2s<8.2s
                 Class     Images  Instances      Box(P          R      mAP50  mAP50-95): 53% ━━━━━━────── 14/26 1.6it/s 8.8s<7.6s
                 Class     Images  Instances      Box(P          R      mAP50  mAP50-95): 57% ━━━━━━╸───── 15/26 1.6it/s 9.4s<6.9s
                 Class     Images  Instances      Box(P          R      mAP50  mAP50-95): 61% ━━━━━━━───── 16/26 1.6it/s 10.0s<6.3s
                 Class     Images  Instances      Box(P          R      mAP50  mAP50-95): 65% ━━━━━━━╸──── 17/26 1.6it/s 10.7s<5.7s
                 Class     Images  Instances      Box(P          R      mAP50  mAP50-95): 69% ━━━━━━━━──── 18/26 1.6it/s 11.3s<5.0s
                 Class     Images  Instances      Box(P          R      mAP50  mAP50-95): 73% ━━━━━━━━╸─── 19/26 1.6it/s 11.9s<4.4s
                 Class     Images  Instances      Box(P          R      mAP50  mAP50-95): 76% ━━━━━━━━━─── 20/26 1.6it/s 12.6s<3.8s
                 Class     Images  Instances      Box(P          R      mAP50  mAP50-95): 80% ━━━━━━━━━╸── 21/26 1.6it/s 13.2s<3.2s
                 Class     Images  Instances      Box(P          R      mAP50  mAP50-95): 84% ━━━━━━━━━━── 22/26 1.5it/s 14.0s<2.7s
                 Class     Images  Instances      Box(P          R      mAP50  mAP50-95): 88% ━━━━━━━━━━╸─ 23/26 1.5it/s 14.7s<2.0s
                 Class     Images  Instances      Box(P          R      mAP50  mAP50-95): 92% ━━━━━━━━━━━─ 24/26 1.5it/s 15.3s<1.3s
                 Class     Images  Instances      Box(P          R      mAP50  mAP50-95): 96% ━━━━━━━━━━━╸ 25/26 1.6it/s 15.9s<0.6s
                 Class     Images  Instances      Box(P          R      mAP50  mAP50-95): 100% ━━━━━━━━━━━━ 26/26 1.6it/s 16.5s
      Epoch    GPU_mem   box_loss   cls_loss   dfl_loss  Instances       Size
                 Class     Images  Instances      Box(P          R      mAP50  mAP50-95): 3% ──────────── 1/26 2.3s/it 0.7s<56.3s
                 Class     Images  Instances      Box(P          R      mAP50  mAP50-95): 7% ╸─────────── 2/26 1.3s/it 1.3s<31.5s
                 Class     Images  Instances      Box(P          R      mAP50  mAP50-95): 11% ━─────────── 3/26 1.0it/s 2.0s<22.7s
                 Class     Images  Instances      Box(P          R      mAP50  mAP50-95): 15% ━╸────────── 4/26 1.2it/s 2.6s<18.6s
                 Class     Images  Instances      Box(P          R      mAP50  mAP50-95): 19% ━━────────── 5/26 1.3it/s 3.2s<16.1s
                 Class     Images  Instances      Box(P          R      mAP50  mAP50-95): 23% ━━╸───────── 6/26 1.4it/s 3.9s<14.4s
                 Class     Images  Instances      Box(P          R      mAP50  mAP50-95): 26% ━━━───────── 7/26 1.4it/s 4.5s<13.2s
                 Class     Images  Instances      Box(P          R      mAP50  mAP50-95): 30% ━━━╸──────── 8/26 1.5it/s 5.1s<12.0s
                 Class     Images  Instances      Box(P          R      mAP50  mAP50-95): 34% ━━━━──────── 9/26 1.5it/s 5.7s<11.2s
                 Class     Images  Instances      Box(P          R      mAP50  mAP50-95): 38% ━━━━╸─────── 10/26 1.5it/s 6.4s<10.4s
                 Class     Images  Instances      Box(P          R      mAP50  mAP50-95): 42% ━━━━━─────── 11/26 1.6it/s 7.0s<9.6s
                 Class     Images  Instances      Box(P          R      mAP50  mAP50-95): 46% ━━━━━╸────── 12/26 1.6it/s 7.6s<8.9s
                 Class     Images  Instances      Box(P          R      mAP50  mAP50-95): 50% ━━━━━━────── 13/26 1.6it/s 8.3s<8.4s
                 Class     Images  Instances      Box(P          R      mAP50  mAP50-95): 53% ━━━━━━────── 14/26 1.5it/s 9.1s<8.1s
                 Class     Images  Instances      Box(P          R      mAP50  mAP50-95): 57% ━━━━━━╸───── 15/26 1.5it/s 9.7s<7.5s
                 Class     Images  Instances      Box(P          R      mAP50  mAP50-95): 61% ━━━━━━━───── 16/26 1.5it/s 10.4s<6.8s
                 Class     Images  Instances      Box(P          R      mAP50  mAP50-95): 65% ━━━━━━━╸──── 17/26 1.5it/s 11.1s<6.0s
                 Class     Images  Instances      Box(P          R      mAP50  mAP50-95): 69% ━━━━━━━━──── 18/26 1.5it/s 11.7s<5.2s
                 Class     Images  Instances      Box(P          R      mAP50  mAP50-95): 73% ━━━━━━━━╸─── 19/26 1.5it/s 12.3s<4.5s
                 Class     Images  Instances      Box(P          R      mAP50  mAP50-95): 76% ━━━━━━━━━─── 20/26 1.6it/s 13.0s<3.8s
                 Class     Images  Instances      Box(P          R      mAP50  mAP50-95): 80% ━━━━━━━━━╸── 21/26 1.6it/s 13.6s<3.2s
                 Class     Images  Instances      Box(P          R      mAP50  mAP50-95): 84% ━━━━━━━━━━── 22/26 1.6it/s 14.2s<2.5s
                 Class     Images  Instances      Box(P          R      mAP50  mAP50-95): 88% ━━━━━━━━━━╸─ 23/26 1.6it/s 14.9s<1.9s
                 Class     Images  Instances      Box(P          R      mAP50  mAP50-95): 92% ━━━━━━━━━━━─ 24/26 1.6it/s 15.5s<1.3s
                 Class     Images  Instances      Box(P          R      mAP50  mAP50-95): 96% ━━━━━━━━━━━╸ 25/26 1.6it/s 16.1s<0.6s
                 Class     Images  Instances      Box(P          R      mAP50  mAP50-95): 100% ━━━━━━━━━━━━ 26/26 1.6it/s 16.7s
      Epoch    GPU_mem   box_loss   cls_loss   dfl_loss  Instances       Size
                 Class     Images  Instances      Box(P          R      mAP50  mAP50-95): 3% ──────────── 1/26 2.3s/it 0.7s<58.1s
                 Class     Images  Instances      Box(P          R      mAP50  mAP50-95): 7% ╸─────────── 2/26 1.2s/it 1.2s<27.7s
                 Class     Images  Instances      Box(P          R      mAP50  mAP50-95): 11% ━─────────── 3/26 1.1it/s 1.8s<21.0s
                 Class     Images  Instances      Box(P          R      mAP50  mAP50-95): 15% ━╸────────── 4/26 1.2it/s 2.5s<17.7s
                 Class     Images  Instances      Box(P          R      mAP50  mAP50-95): 19% ━━────────── 5/26 1.3it/s 3.1s<15.9s
                 Class     Images  Instances      Box(P          R      mAP50  mAP50-95): 23% ━━╸───────── 6/26 1.4it/s 3.8s<14.6s
                 Class     Images  Instances      Box(P          R      mAP50  mAP50-95): 26% ━━━───────── 7/26 1.4it/s 4.5s<13.3s
                 Class     Images  Instances      Box(P          R      mAP50  mAP50-95): 30% ━━━╸──────── 8/26 1.5it/s 5.1s<12.2s
                 Class     Images  Instances      Box(P          R      mAP50  mAP50-95): 34% ━━━━──────── 9/26 1.5it/s 5.7s<11.3s
                 Class     Images  Instances      Box(P          R      mAP50  mAP50-95): 38% ━━━━╸─────── 10/26 1.5it/s 6.4s<10.5s
                 Class     Images  Instances      Box(P          R      mAP50  mAP50-95): 42% ━━━━━─────── 11/26 1.5it/s 7.0s<9.7s
                 Class     Images  Instances      Box(P          R      mAP50  mAP50-95): 46% ━━━━━╸────── 12/26 1.6it/s 7.6s<8.9s
                 Class     Images  Instances      Box(P          R      mAP50  mAP50-95): 50% ━━━━━━────── 13/26 1.6it/s 8.2s<8.2s
                 Class     Images  Instances      Box(P          R      mAP50  mAP50-95): 53% ━━━━━━────── 14/26 1.6it/s 8.9s<7.6s
                 Class     Images  Instances      Box(P          R      mAP50  mAP50-95): 57% ━━━━━━╸───── 15/26 1.6it/s 9.5s<6.9s
                 Class     Images  Instances      Box(P          R      mAP50  mAP50-95): 61% ━━━━━━━───── 16/26 1.6it/s 10.1s<6.3s
                 Class     Images  Instances      Box(P          R      mAP50  mAP50-95): 65% ━━━━━━━╸──── 17/26 1.6it/s 10.7s<5.7s
                 Class     Images  Instances      Box(P          R      mAP50  mAP50-95): 69% ━━━━━━━━──── 18/26 1.6it/s 11.4s<5.0s
                 Class     Images  Instances      Box(P          R      mAP50  mAP50-95): 73% ━━━━━━━━╸─── 19/26 1.6it/s 12.0s<4.5s
                 Class     Images  Instances      Box(P          R      mAP50  mAP50-95): 76% ━━━━━━━━━─── 20/26 1.6it/s 12.7s<3.8s
                 Class     Images  Instances      Box(P          R      mAP50  mAP50-95): 80% ━━━━━━━━━╸── 21/26 1.6it/s 13.3s<3.2s
                 Class     Images  Instances      Box(P          R      mAP50  mAP50-95): 84% ━━━━━━━━━━── 22/26 1.6it/s 13.9s<2.5s
                 Class     Images  Instances      Box(P          R      mAP50  mAP50-95): 88% ━━━━━━━━━━╸─ 23/26 1.6it/s 14.5s<1.9s
                 Class     Images  Instances      Box(P          R      mAP50  mAP50-95): 92% ━━━━━━━━━━━─ 24/26 1.6it/s 15.1s<1.2s
                 Class     Images  Instances      Box(P          R      mAP50  mAP50-95): 96% ━━━━━━━━━━━╸ 25/26 1.6it/s 15.8s<0.6s
                 Class     Images  Instances      Box(P          R      mAP50  mAP50-95): 100% ━━━━━━━━━━━━ 26/26 1.6it/s 16.4s
      Epoch    GPU_mem   box_loss   cls_loss   dfl_loss  Instances       Size
                 Class     Images  Instances      Box(P          R      mAP50  mAP50-95): 3% ──────────── 1/26 2.2s/it 0.7s<56.2s
                 Class     Images  Instances      Box(P          R      mAP50  mAP50-95): 7% ╸─────────── 2/26 1.3s/it 1.3s<31.7s
                 Class     Images  Instances      Box(P          R      mAP50  mAP50-95): 11% ━─────────── 3/26 1.0it/s 2.0s<22.9s
                 Class     Images  Instances      Box(P          R      mAP50  mAP50-95): 15% ━╸────────── 4/26 1.2it/s 2.6s<18.6s
                 Class     Images  Instances      Box(P          R      mAP50  mAP50-95): 19% ━━────────── 5/26 1.3it/s 3.2s<16.2s
                 Class     Images  Instances      Box(P          R      mAP50  mAP50-95): 23% ━━╸───────── 6/26 1.4it/s 3.9s<14.4s
                 Class     Images  Instances      Box(P          R      mAP50  mAP50-95): 26% ━━━───────── 7/26 1.5it/s 4.5s<13.1s
                 Class     Images  Instances      Box(P          R      mAP50  mAP50-95): 30% ━━━╸──────── 8/26 1.5it/s 5.1s<12.1s
                 Class     Images  Instances      Box(P          R      mAP50  mAP50-95): 34% ━━━━──────── 9/26 1.5it/s 5.8s<11.2s
                 Class     Images  Instances      Box(P          R      mAP50  mAP50-95): 38% ━━━━╸─────── 10/26 1.5it/s 6.4s<10.4s
                 Class     Images  Instances      Box(P          R      mAP50  mAP50-95): 42% ━━━━━─────── 11/26 1.6it/s 7.0s<9.6s
                 Class     Images  Instances      Box(P          R      mAP50  mAP50-95): 46% ━━━━━╸────── 12/26 1.6it/s 7.7s<9.0s
                 Class     Images  Instances      Box(P          R      mAP50  mAP50-95): 50% ━━━━━━────── 13/26 1.6it/s 8.3s<8.3s
                 Class     Images  Instances      Box(P          R      mAP50  mAP50-95): 53% ━━━━━━────── 14/26 1.6it/s 8.9s<7.6s
                 Class     Images  Instances      Box(P          R      mAP50  mAP50-95): 57% ━━━━━━╸───── 15/26 1.6it/s 9.5s<7.0s
                 Class     Images  Instances      Box(P          R      mAP50  mAP50-95): 61% ━━━━━━━───── 16/26 1.6it/s 10.2s<6.4s
                 Class     Images  Instances      Box(P          R      mAP50  mAP50-95): 65% ━━━━━━━╸──── 17/26 1.6it/s 10.8s<5.7s
                 Class     Images  Instances      Box(P          R      mAP50  mAP50-95): 69% ━━━━━━━━──── 18/26 1.6it/s 11.4s<5.0s
                 Class     Images  Instances      Box(P          R      mAP50  mAP50-95): 73% ━━━━━━━━╸─── 19/26 1.6it/s 12.1s<4.4s
                 Class     Images  Instances      Box(P          R      mAP50  mAP50-95): 76% ━━━━━━━━━─── 20/26 1.6it/s 12.7s<3.8s
                 Class     Images  Instances      Box(P          R      mAP50  mAP50-95): 80% ━━━━━━━━━╸── 21/26 1.6it/s 13.3s<3.2s
                 Class     Images  Instances      Box(P          R      mAP50  mAP50-95): 84% ━━━━━━━━━━── 22/26 1.5it/s 14.0s<2.6s
                 Class     Images  Instances      Box(P          R      mAP50  mAP50-95): 88% ━━━━━━━━━━╸─ 23/26 1.6it/s 14.6s<1.9s
                 Class     Images  Instances      Box(P          R      mAP50  mAP50-95): 92% ━━━━━━━━━━━─ 24/26 1.6it/s 15.2s<1.3s
                 Class     Images  Instances      Box(P          R      mAP50  mAP50-95): 96% ━━━━━━━━━━━╸ 25/26 1.6it/s 15.8s<0.6s
                 Class     Images  Instances      Box(P          R      mAP50  mAP50-95): 100% ━━━━━━━━━━━━ 26/26 1.6it/s 16.4s
      Epoch    GPU_mem   box_loss   cls_loss   dfl_loss  Instances       Size
                 Class     Images  Instances      Box(P          R      mAP50  mAP50-95): 3% ──────────── 1/26 2.0s/it 0.6s<50.6s
                 Class     Images  Instances      Box(P          R      mAP50  mAP50-95): 7% ╸─────────── 2/26 1.3s/it 1.3s<30.5s
                 Class     Images  Instances      Box(P          R      mAP50  mAP50-95): 11% ━─────────── 3/26 1.0it/s 1.9s<22.9s
                 Class     Images  Instances      Box(P          R      mAP50  mAP50-95): 15% ━╸────────── 4/26 1.2it/s 2.6s<18.7s
                 Class     Images  Instances      Box(P          R      mAP50  mAP50-95): 19% ━━────────── 5/26 1.3it/s 3.2s<16.2s
                 Class     Images  Instances      Box(P          R      mAP50  mAP50-95): 23% ━━╸───────── 6/26 1.3it/s 4.0s<15.7s
                 Class     Images  Instances      Box(P          R      mAP50  mAP50-95): 26% ━━━───────── 7/26 1.4it/s 4.7s<14.0s
                 Class     Images  Instances      Box(P          R      mAP50  mAP50-95): 30% ━━━╸──────── 8/26 1.4it/s 5.3s<12.7s
                 Class     Images  Instances      Box(P          R      mAP50  mAP50-95): 34% ━━━━──────── 9/26 1.4it/s 6.0s<11.9s
                 Class     Images  Instances      Box(P          R      mAP50  mAP50-95): 38% ━━━━╸─────── 10/26 1.5it/s 6.6s<10.9s
                 Class     Images  Instances      Box(P          R      mAP50  mAP50-95): 42% ━━━━━─────── 11/26 1.4it/s 7.4s<10.6s
                 Class     Images  Instances      Box(P          R      mAP50  mAP50-95): 46% ━━━━━╸────── 12/26 1.4it/s 8.1s<9.7s
                 Class     Images  Instances      Box(P          R      mAP50  mAP50-95): 50% ━━━━━━────── 13/26 1.5it/s 8.7s<8.7s
                 Class     Images  Instances      Box(P          R      mAP50  mAP50-95): 53% ━━━━━━────── 14/26 1.5it/s 9.3s<7.9s
                 Class     Images  Instances      Box(P          R      mAP50  mAP50-95): 57% ━━━━━━╸───── 15/26 1.5it/s 10.0s<7.3s
                 Class     Images  Instances      Box(P          R      mAP50  mAP50-95): 61% ━━━━━━━───── 16/26 1.5it/s 10.7s<6.6sNew https://pypi.org/project/ultralytics/8.4.120 available 😃 Update with 'pip install -U ultralytics'
Ultralytics 8.4.103 🚀 Python-3.12.3 torch-2.8.0+cu128 CUDA:0 (NVIDIA RTX 2000 Ada Generation, 15947MiB)
engine/trainer: agnostic_nms=False, amp=True, angle=1.0, augment=False, auto_augment=randaugment, batch=4, bgr=0.0, box=7.5, cache=False, cfg=None, classes=None, close_mosaic=10, cls=0.5, cls_pw=0.0, cls_remap=True, compile=False, conf=None, copy_paste=0.0, copy_paste_mode=flip, cos_lr=True, cutmix=0.0, data=/workspace/d352_rgbmono/data.yaml, degrees=0.0, deterministic=True, device=, dfl=1.5, dis=6.0, distill_model=None, dnn=False, dropout=0.0, dynamic=False, embed=None, end2end=None, epochs=60, erasing=0.4, exist_ok=False, fliplr=0.5, flipud=0.0, format=torchscript, fraction=1.0, freeze=None, hsv_h=0.015, hsv_s=0.7, hsv_v=0.4, imgsz=1280, iou=0.7, keras=False, kobj=1.0, line_width=None, lr0=0.01, lrf=0.01, mask_ratio=4, max_det=300, mixup=0.0, mode=train, model=yolo26l.pt, momentum=0.937, mosaic=1.0, multi_scale=0.0, name=sel3_352_rgbmono, nbs=64, nms=False, opset=None, optimize=False, optimizer=auto, overlap_mask=True, patience=60, perspective=0.0, plots=True, pose=12.0, pretrained=True, profile=False, project=/workspace/project-expertise/runs, quantize=None, rect=False, resume=False, retina_masks=False, rle=1.0, save=True, save_conf=False, save_crop=False, save_dir=/workspace/project-expertise/runs/sel3_352_rgbmono, save_frames=False, save_json=False, save_period=-1, save_txt=False, scale=0.5, seed=42, shear=0.0, show=False, show_boxes=True, show_conf=True, show_labels=True, simplify=True, single_cls=False, source=None, split=val, stream_buffer=False, task=detect, time=None, tracker=tracktrack.yaml, translate=0.1, val=True, verbose=True, vid_stride=1, visualize=False, warmup_bias_lr=0.1, warmup_epochs=3.0, warmup_momentum=0.8, weight_decay=0.0005, workers=8, workspace=None
Overriding model.yaml nc=80 with nc=4
                   from  n    params  module                                       arguments                     
  0                  -1  1      2432  ultralytics.nn.modules.conv.Conv             [4, 64, 3, 2]                 
  1                  -1  1     73984  ultralytics.nn.modules.conv.Conv             [64, 128, 3, 2]               
  2                  -1  2    173824  ultralytics.nn.modules.block.C3k2            [128, 256, 2, True, 0.25]     
  3                  -1  1    590336  ultralytics.nn.modules.conv.Conv             [256, 256, 3, 2]              
  4                  -1  2    691712  ultralytics.nn.modules.block.C3k2            [256, 512, 2, True, 0.25]     
  5                  -1  1   2360320  ultralytics.nn.modules.conv.Conv             [512, 512, 3, 2]              
  6                  -1  2   2234368  ultralytics.nn.modules.block.C3k2            [512, 512, 2, True]           
  7                  -1  1   2360320  ultralytics.nn.modules.conv.Conv             [512, 512, 3, 2]              
  8                  -1  2   2234368  ultralytics.nn.modules.block.C3k2            [512, 512, 2, True]           
  9                  -1  1    656896  ultralytics.nn.modules.block.SPPF            [512, 512, 5, 3, True]        
 10                  -1  2   1455616  ultralytics.nn.modules.block.C2PSA           [512, 512, 2]                 
 11                  -1  1         0  torch.nn.modules.upsampling.Upsample         [None, 2, 'nearest']          
 12             [-1, 6]  1         0  ultralytics.nn.modules.conv.Concat           [1]                           
 13                  -1  2   2496512  ultralytics.nn.modules.block.C3k2            [1024, 512, 2, True]          
 14                  -1  1         0  torch.nn.modules.upsampling.Upsample         [None, 2, 'nearest']          
 15             [-1, 4]  1         0  ultralytics.nn.modules.conv.Concat           [1]                           
 16                  -1  2    756736  ultralytics.nn.modules.block.C3k2            [1024, 256, 2, True]          
 17                  -1  1    590336  ultralytics.nn.modules.conv.Conv             [256, 256, 3, 2]              
 18            [-1, 13]  1         0  ultralytics.nn.modules.conv.Concat           [1]                           
 19                  -1  2   2365440  ultralytics.nn.modules.block.C3k2            [768, 512, 2, True]           
 20                  -1  1   2360320  ultralytics.nn.modules.conv.Conv             [512, 512, 3, 2]              
 21            [-1, 10]  1         0  ultralytics.nn.modules.conv.Concat           [1]                           
 22                  -1  1   1974784  ultralytics.nn.modules.block.C3k2            [1024, 512, 1, True, 0.5, True]
 23        [16, 19, 22]  1   2804784  ultralytics.nn.modules.head.Detect           [4, 1, True, [256, 512, 512]] 
YOLO26l summary: 392 layers, 26,183,088 parameters, 26,183,088 gradients, 93.3 GFLOPs
Transferred 1080/1092 items from pretrained weights
AMP: running Automatic Mixed Precision (AMP) checks...
AMP: checks passed ✅
train: Fast image access ✅ (ping: 2.5±1.5 ms, read: 120.4±13.3 MB/s, size: 2970.6 KB)
train: Scanning /workspace/d352_rgbmono/labels/train.cache... 974 images, 142 backgrounds, 6 corrupt: 100% ━━━━━━━━━━━━ 980/980 205.5Mit/s 0.0s
train: /workspace/d352_rgbmono/images/train/DAMIMAS_A21B_0105_4.tiff: ignoring corrupt image/label: cannot identify image file '/workspace/d352_rgbmono/images/train/DAMIMAS_A21B_0105_4.tiff'
train: /workspace/d352_rgbmono/images/train/DAMIMAS_A21B_0106_3.tiff: ignoring corrupt image/label: cannot identify image file '/workspace/d352_rgbmono/images/train/DAMIMAS_A21B_0106_3.tiff'
train: /workspace/d352_rgbmono/images/train/DAMIMAS_A21B_0109_1.tiff: ignoring corrupt image/label: cannot identify image file '/workspace/d352_rgbmono/images/train/DAMIMAS_A21B_0109_1.tiff'
train: /workspace/d352_rgbmono/images/train/DAMIMAS_A21B_0120_2.tiff: ignoring corrupt image/label: cannot identify image file '/workspace/d352_rgbmono/images/train/DAMIMAS_A21B_0120_2.tiff'
train: /workspace/d352_rgbmono/images/train/DAMIMAS_A21B_0120_4.tiff: ignoring corrupt image/label: cannot identify image file '/workspace/d352_rgbmono/images/train/DAMIMAS_A21B_0120_4.tiff'
train: /workspace/d352_rgbmono/images/train/DAMIMAS_A21B_0122_4.tiff: ignoring corrupt image/label: cannot identify image file '/workspace/d352_rgbmono/images/train/DAMIMAS_A21B_0122_4.tiff'
val: Fast image access ✅ (ping: 4.0±2.7 ms, read: 95.0±39.8 MB/s, size: 3056.2 KB)
val: Scanning /workspace/d352_rgbmono/labels/val.cache... 208 images, 29 backgrounds, 0 corrupt: 100% ━━━━━━━━━━━━ 208/208 8.2Mit/s 0.0s
optimizer: 'optimizer=auto' found, ignoring 'lr0=0.01' and 'momentum=0.937' and determining best 'optimizer', 'lr0' and 'momentum' automatically... 
optimizer: AdamW(lr=0.00125, momentum=0.9) with parameter groups 178 weight(decay=0.0), 190 weight(decay=0.0005), 190 bias(decay=0.0)
Plotting labels to /workspace/project-expertise/runs/sel3_352_rgbmono/labels.jpg... 
