New https://pypi.org/project/ultralytics/8.4.120 available 😃 Update with 'pip install -U ultralytics'
Ultralytics 8.4.103 🚀 Python-3.12.3 torch-2.8.0+cu128 CUDA:0 (NVIDIA RTX 2000 Ada Generation, 15947MiB)
engine/trainer: agnostic_nms=False, amp=True, angle=1.0, augment=False, auto_augment=randaugment, batch=4, bgr=0.0, box=7.5, cache=False, cfg=None, classes=None, close_mosaic=10, cls=0.5, cls_pw=0.0, cls_remap=True, compile=False, conf=None, copy_paste=0.0, copy_paste_mode=flip, cos_lr=True, cutmix=0.0, data=/workspace/d352_rgbedgemono/data.yaml, degrees=0.0, deterministic=True, device=, dfl=1.5, dis=6.0, distill_model=None, dnn=False, dropout=0.0, dynamic=False, embed=None, end2end=None, epochs=60, erasing=0.4, exist_ok=False, fliplr=0.5, flipud=0.0, format=torchscript, fraction=1.0, freeze=None, hsv_h=0.015, hsv_s=0.7, hsv_v=0.4, imgsz=1280, iou=0.7, keras=False, kobj=1.0, line_width=None, lr0=0.01, lrf=0.01, mask_ratio=4, max_det=300, mixup=0.0, mode=train, model=yolo26l.pt, momentum=0.937, mosaic=1.0, multi_scale=0.0, name=sel4_352_rgbedgemono, nbs=64, nms=False, opset=None, optimize=False, optimizer=auto, overlap_mask=True, patience=60, perspective=0.0, plots=True, pose=12.0, pretrained=True, profile=False, project=/workspace/project-expertise/runs, quantize=None, rect=False, resume=False, retina_masks=False, rle=1.0, save=True, save_conf=False, save_crop=False, save_dir=/workspace/project-expertise/runs/sel4_352_rgbedgemono, save_frames=False, save_json=False, save_period=-1, save_txt=False, scale=0.5, seed=42, shear=0.0, show=False, show_boxes=True, show_conf=True, show_labels=True, simplify=True, single_cls=False, source=None, split=val, stream_buffer=False, task=detect, time=None, tracker=tracktrack.yaml, translate=0.1, val=True, verbose=True, vid_stride=1, visualize=False, warmup_bias_lr=0.1, warmup_epochs=3.0, warmup_momentum=0.8, weight_decay=0.0005, workers=8, workspace=None
Overriding model.yaml nc=80 with nc=4
                   from  n    params  module                                       arguments                     
  0                  -1  1      3008  ultralytics.nn.modules.conv.Conv             [5, 64, 3, 2]                 
  1                  -1  1     73984  ultralytics.nn.modules.conv.Conv             [64, 128, 3, 2]               
  2                  -1  2    173824  ultralytics.nn.modules.block.C3k2            [128, 256, 2, True, 0.25]     
  3                  -1  1    590336  ultralytics.nn.modules.conv.Conv             [256, 256, 3, 2]              
  4                  -1  2    691712  ultralytics.nn.modules.block.C3k2            [256, 512, 2, True, 0.25]     
  5                  -1  1   2360320  ultralytics.nn.modules.conv.Conv             [512, 512, 3, 2]              
  6                  -1  2   2234368  ultralytics.nn.modules.block.C3k2            [512, 512, 2, True]           
  7                  -1  1   2360320  ultralytics.nn.modules.conv.Conv             [512, 512, 3, 2]              
  8                  -1  2   2234368  ultralytics.nn.modules.block.C3k2            [512, 512, 2, True]           
  9                  -1  1    656896  ultralytics.nn.modules.block.SPPF            [512, 512, 5, 3, True]        
 10                  -1  2   1455616  ultralytics.nn.modules.block.C2PSA           [512, 512, 2]                 
 11                  -1  1         0  torch.nn.modules.upsampling.Upsample         [None, 2, 'nearest']          
 12             [-1, 6]  1         0  ultralytics.nn.modules.conv.Concat           [1]                           
 13                  -1  2   2496512  ultralytics.nn.modules.block.C3k2            [1024, 512, 2, True]          
 14                  -1  1         0  torch.nn.modules.upsampling.Upsample         [None, 2, 'nearest']          
 15             [-1, 4]  1         0  ultralytics.nn.modules.conv.Concat           [1]                           
 16                  -1  2    756736  ultralytics.nn.modules.block.C3k2            [1024, 256, 2, True]          
 17                  -1  1    590336  ultralytics.nn.modules.conv.Conv             [256, 256, 3, 2]              
 18            [-1, 13]  1         0  ultralytics.nn.modules.conv.Concat           [1]                           
 19                  -1  2   2365440  ultralytics.nn.modules.block.C3k2            [768, 512, 2, True]           
 20                  -1  1   2360320  ultralytics.nn.modules.conv.Conv             [512, 512, 3, 2]              
 21            [-1, 10]  1         0  ultralytics.nn.modules.conv.Concat           [1]                           
 22                  -1  1   1974784  ultralytics.nn.modules.block.C3k2            [1024, 512, 1, True, 0.5, True]
 23        [16, 19, 22]  1   2804784  ultralytics.nn.modules.head.Detect           [4, 1, True, [256, 512, 512]] 
YOLO26l summary: 392 layers, 26,183,664 parameters, 26,183,664 gradients, 93.4 GFLOPs
Transferred 1080/1092 items from pretrained weights
AMP: running Automatic Mixed Precision (AMP) checks...
AMP: checks passed ✅
train: Fast image access ✅ (ping: 4.8±3.0 ms, read: 106.1±39.3 MB/s, size: 3412.2 KB)
train: Scanning /workspace/d352_rgbedgemono/labels/train... 9 images, 0 backgrounds, 0 corrupt: 0% ──────────── 9/980 24.6it/s 0.1s<39.6s
train: Scanning /workspace/d352_rgbedgemono/labels/train... 39 images, 2 backgrounds, 0 corrupt: 3% ──────────── 39/980 106.5it/s 0.2s<8.8s
train: Scanning /workspace/d352_rgbedgemono/labels/train... 65 images, 6 backgrounds, 0 corrupt: 6% ╸─────────── 65/980 147.0it/s 0.3s<6.2s
train: Scanning /workspace/d352_rgbedgemono/labels/train... 92 images, 9 backgrounds, 0 corrupt: 9% ━─────────── 92/980 183.9it/s 0.4s<4.8s
train: Scanning /workspace/d352_rgbedgemono/labels/train... 118 images, 11 backgrounds, 0 corrupt: 12% ━─────────── 118/980 205.2it/s 0.5s<4.2s
train: Scanning /workspace/d352_rgbedgemono/labels/train... 141 images, 15 backgrounds, 0 corrupt: 14% ━╸────────── 141/980 210.4it/s 0.6s<4.0s
train: Scanning /workspace/d352_rgbedgemono/labels/train... 169 images, 21 backgrounds, 0 corrupt: 17% ━━────────── 169/980 223.6it/s 0.7s<3.6s
train: Scanning /workspace/d352_rgbedgemono/labels/train... 193 images, 25 backgrounds, 0 corrupt: 19% ━━────────── 193/980 228.3it/s 0.8s<3.4s
train: Scanning /workspace/d352_rgbedgemono/labels/train... 221 images, 31 backgrounds, 0 corrupt: 22% ━━╸───────── 221/980 241.8it/s 0.9s<3.1s
train: Scanning /workspace/d352_rgbedgemono/labels/train... 245 images, 33 backgrounds, 0 corrupt: 25% ━━━───────── 245/980 239.3it/s 1.0s<3.1s
train: Scanning /workspace/d352_rgbedgemono/labels/train... 272 images, 45 backgrounds, 0 corrupt: 27% ━━━───────── 272/980 246.5it/s 1.1s<2.9s
train: Scanning /workspace/d352_rgbedgemono/labels/train... 303 images, 55 backgrounds, 0 corrupt: 30% ━━━╸──────── 303/980 260.3it/s 1.2s<2.6s
train: Scanning /workspace/d352_rgbedgemono/labels/train... 330 images, 57 backgrounds, 0 corrupt: 33% ━━━━──────── 330/980 252.2it/s 1.4s<2.6s
train: Scanning /workspace/d352_rgbedgemono/labels/train... 355 images, 63 backgrounds, 0 corrupt: 36% ━━━━──────── 355/980 249.6it/s 1.5s<2.5s
train: Scanning /workspace/d352_rgbedgemono/labels/train... 380 images, 66 backgrounds, 0 corrupt: 38% ━━━━╸─────── 380/980 247.2it/s 1.6s<2.4s
train: Scanning /workspace/d352_rgbedgemono/labels/train... 410 images, 69 backgrounds, 0 corrupt: 41% ━━━━━─────── 410/980 260.5it/s 1.7s<2.2s
train: Scanning /workspace/d352_rgbedgemono/labels/train... 437 images, 71 backgrounds, 0 corrupt: 44% ━━━━━─────── 437/980 263.0it/s 1.8s<2.1s
train: Scanning /workspace/d352_rgbedgemono/labels/train... 465 images, 74 backgrounds, 0 corrupt: 47% ━━━━━╸────── 465/980 268.0it/s 1.9s<1.9s
train: Scanning /workspace/d352_rgbedgemono/labels/train... 493 images, 80 backgrounds, 0 corrupt: 50% ━━━━━━────── 493/980 270.3it/s 2.0s<1.8s
train: Scanning /workspace/d352_rgbedgemono/labels/train... 517 images, 84 backgrounds, 0 corrupt: 52% ━━━━━━────── 517/980 257.0it/s 2.1s<1.8s
train: Scanning /workspace/d352_rgbedgemono/labels/train... 545 images, 90 backgrounds, 0 corrupt: 55% ━━━━━━╸───── 545/980 261.5it/s 2.2s<1.7s
train: Scanning /workspace/d352_rgbedgemono/labels/train... 574 images, 93 backgrounds, 0 corrupt: 58% ━━━━━━━───── 574/980 269.5it/s 2.3s<1.5s
train: Scanning /workspace/d352_rgbedgemono/labels/train... 601 images, 96 backgrounds, 0 corrupt: 61% ━━━━━━━───── 601/980 269.1it/s 2.4s<1.4s
train: Scanning /workspace/d352_rgbedgemono/labels/train... 628 images, 96 backgrounds, 0 corrupt: 64% ━━━━━━━╸──── 628/980 265.1it/s 2.5s<1.3s
train: Scanning /workspace/d352_rgbedgemono/labels/train... 656 images, 99 backgrounds, 0 corrupt: 66% ━━━━━━━━──── 656/980 265.8it/s 2.6s<1.2s
train: Scanning /workspace/d352_rgbedgemono/labels/train... 684 images, 103 backgrounds, 0 corrupt: 69% ━━━━━━━━──── 684/980 267.8it/s 2.7s<1.1s
train: Scanning /workspace/d352_rgbedgemono/labels/train... 709 images, 106 backgrounds, 0 corrupt: 72% ━━━━━━━━╸─── 709/980 260.4it/s 2.8s<1.0s
train: Scanning /workspace/d352_rgbedgemono/labels/train... 739 images, 113 backgrounds, 0 corrupt: 75% ━━━━━━━━━─── 739/980 266.2it/s 2.9s<0.9s
train: Scanning /workspace/d352_rgbedgemono/labels/train... 768 images, 123 backgrounds, 0 corrupt: 78% ━━━━━━━━━─── 768/980 272.1it/s 3.0s<0.8s
train: Scanning /workspace/d352_rgbedgemono/labels/train... 794 images, 127 backgrounds, 0 corrupt: 81% ━━━━━━━━━╸── 794/980 267.2it/s 3.1s<0.7s
train: Scanning /workspace/d352_rgbedgemono/labels/train... 825 images, 131 backgrounds, 0 corrupt: 84% ━━━━━━━━━━── 825/980 269.3it/s 3.2s<0.6s
train: Scanning /workspace/d352_rgbedgemono/labels/train... 853 images, 131 backgrounds, 0 corrupt: 87% ━━━━━━━━━━── 853/980 270.6it/s 3.3s<0.5s
train: Scanning /workspace/d352_rgbedgemono/labels/train... 881 images, 133 backgrounds, 0 corrupt: 89% ━━━━━━━━━━╸─ 881/980 268.7it/s 3.4s<0.4s
train: Scanning /workspace/d352_rgbedgemono/labels/train... 910 images, 140 backgrounds, 0 corrupt: 92% ━━━━━━━━━━━─ 910/980 273.8it/s 3.5s<0.3s
train: Scanning /workspace/d352_rgbedgemono/labels/train... 935 images, 141 backgrounds, 0 corrupt: 95% ━━━━━━━━━━━─ 935/980 266.3it/s 3.6s<0.2s
train: Scanning /workspace/d352_rgbedgemono/labels/train... 961 images, 144 backgrounds, 0 corrupt: 98% ━━━━━━━━━━━╸ 961/980 262.8it/s 3.7s<0.1s
train: Scanning /workspace/d352_rgbedgemono/labels/train... 980 images, 144 backgrounds, 0 corrupt: 100% ━━━━━━━━━━━━ 980/980 256.8it/s 3.8s
train: New cache created: /workspace/d352_rgbedgemono/labels/train.cache
val: Fast image access ✅ (ping: 2.6±1.3 ms, read: 126.2±24.3 MB/s, size: 3514.0 KB)
val: Scanning /workspace/d352_rgbedgemono/labels/val... 18 images, 0 backgrounds, 0 corrupt: 8% ━─────────── 18/208 52.1it/s 0.1s<3.6s
val: Scanning /workspace/d352_rgbedgemono/labels/val... 41 images, 2 backgrounds, 0 corrupt: 19% ━━────────── 41/208 104.0it/s 0.2s<1.6s
val: Scanning /workspace/d352_rgbedgemono/labels/val... 72 images, 8 backgrounds, 0 corrupt: 34% ━━━━──────── 72/208 165.2it/s 0.3s<0.8s
val: Scanning /workspace/d352_rgbedgemono/labels/val... 89 images, 10 backgrounds, 0 corrupt: 42% ━━━━━─────── 89/208 166.3it/s 0.4s<0.7s
val: Scanning /workspace/d352_rgbedgemono/labels/val... 117 images, 17 backgrounds, 0 corrupt: 56% ━━━━━━╸───── 117/208 193.2it/s 0.5s<0.5s
val: Scanning /workspace/d352_rgbedgemono/labels/val... 140 images, 19 backgrounds, 0 corrupt: 67% ━━━━━━━━──── 140/208 201.2it/s 0.6s<0.3s
val: Scanning /workspace/d352_rgbedgemono/labels/val... 155 images, 25 backgrounds, 0 corrupt: 74% ━━━━━━━━╸─── 155/208 184.3it/s 0.7s<0.3s
val: Scanning /workspace/d352_rgbedgemono/labels/val... 175 images, 25 backgrounds, 0 corrupt: 84% ━━━━━━━━━━── 175/208 185.0it/s 0.8s<0.2s
val: Scanning /workspace/d352_rgbedgemono/labels/val... 197 images, 27 backgrounds, 0 corrupt: 94% ━━━━━━━━━━━─ 197/208 192.2it/s 0.9s<0.1s
val: Scanning /workspace/d352_rgbedgemono/labels/val... 208 images, 29 backgrounds, 0 corrupt: 100% ━━━━━━━━━━━━ 208/208 204.6it/s 1.0s
val: New cache created: /workspace/d352_rgbedgemono/labels/val.cache
optimizer: 'optimizer=auto' found, ignoring 'lr0=0.01' and 'momentum=0.937' and determining best 'optimizer', 'lr0' and 'momentum' automatically... 
optimizer: AdamW(lr=0.00125, momentum=0.9) with parameter groups 178 weight(decay=0.0), 190 weight(decay=0.0005), 190 bias(decay=0.0)
Plotting labels to /workspace/project-expertise/runs/sel4_352_rgbedgemono/labels.jpg... 
Image sizes 1280 train, 1280 val
Using 8 dataloader workers
Logging results to /workspace/project-expertise/runs/sel4_352_rgbedgemono
Starting training for 60 epochs...
      Epoch    GPU_mem   box_loss   cls_loss   dfl_loss  Instances       Size
WARNING ⚠️ CUDA out of memory with batch=4. Reducing to batch=2 and retrying (1/3).
train: Fast image access ✅ (ping: 2.3±1.6 ms, read: 58.3±6.3 MB/s, size: 3510.4 KB)
train: Scanning /workspace/d352_rgbedgemono/labels/train.cache... 980 images, 144 backgrounds, 0 corrupt: 100% ━━━━━━━━━━━━ 980/980 456.7Mit/s 0.0s
val: Fast image access ✅ (ping: 2.1±0.7 ms, read: 229.4±65.7 MB/s, size: 3397.0 KB)
val: Scanning /workspace/d352_rgbedgemono/labels/val.cache... 208 images, 29 backgrounds, 0 corrupt: 100% ━━━━━━━━━━━━ 208/208 10.9Mit/s 0.0s
optimizer: 'optimizer=auto' found, ignoring 'lr0=0.01' and 'momentum=0.937' and determining best 'optimizer', 'lr0' and 'momentum' automatically... 
optimizer: AdamW(lr=0.00125, momentum=0.9) with parameter groups 178 weight(decay=0.0), 190 weight(decay=0.0005), 190 bias(decay=0.0)
: 0% ──────────── 0/245  8.6s
      Epoch    GPU_mem   box_loss   cls_loss   dfl_loss  Instances       Size
                 Class     Images  Instances      Box(P          R      mAP50  mAP50-95): 3% ──────────── 1/26 7.5s/it 2.2s<3:07
                 Class     Images  Instances      Box(P          R      mAP50  mAP50-95): 7% ╸─────────── 2/26 2.0s/it 3.0s<47.7s
                 Class     Images  Instances      Box(P          R      mAP50  mAP50-95): 11% ━─────────── 3/26 1.2s/it 3.6s<27.7s
                 Class     Images  Instances      Box(P          R      mAP50  mAP50-95): 15% ━╸────────── 4/26 1.1it/s 4.2s<20.9s
                 Class     Images  Instances      Box(P          R      mAP50  mAP50-95): 19% ━━────────── 5/26 1.2it/s 4.9s<17.8s
                 Class     Images  Instances      Box(P          R      mAP50  mAP50-95): 23% ━━╸───────── 6/26 1.3it/s 5.6s<15.5s
                 Class     Images  Instances      Box(P          R      mAP50  mAP50-95): 26% ━━━───────── 7/26 1.4it/s 6.2s<13.8s
                 Class     Images  Instances      Box(P          R      mAP50  mAP50-95): 30% ━━━╸──────── 8/26 1.4it/s 6.8s<12.5s
                 Class     Images  Instances      Box(P          R      mAP50  mAP50-95): 34% ━━━━──────── 9/26 1.5it/s 7.5s<11.5s
                 Class     Images  Instances      Box(P          R      mAP50  mAP50-95): 38% ━━━━╸─────── 10/26 1.5it/s 8.1s<10.5s
                 Class     Images  Instances      Box(P          R      mAP50  mAP50-95): 42% ━━━━━─────── 11/26 1.5it/s 8.7s<9.8s
                 Class     Images  Instances      Box(P          R      mAP50  mAP50-95): 46% ━━━━━╸────── 12/26 1.5it/s 9.4s<9.2s
                 Class     Images  Instances      Box(P          R      mAP50  mAP50-95): 50% ━━━━━━────── 13/26 1.5it/s 10.1s<8.8s
                 Class     Images  Instances      Box(P          R      mAP50  mAP50-95): 53% ━━━━━━────── 14/26 1.5it/s 10.8s<8.1s
                 Class     Images  Instances      Box(P          R      mAP50  mAP50-95): 57% ━━━━━━╸───── 15/26 1.5it/s 11.5s<7.4s
                 Class     Images  Instances      Box(P          R      mAP50  mAP50-95): 61% ━━━━━━━───── 16/26 1.5it/s 12.1s<6.8s
                 Class     Images  Instances      Box(P          R      mAP50  mAP50-95): 65% ━━━━━━━╸──── 17/26 1.5it/s 12.8s<6.0s
                 Class     Images  Instances      Box(P          R      mAP50  mAP50-95): 69% ━━━━━━━━──── 18/26 1.5it/s 13.4s<5.2s
                 Class     Images  Instances      Box(P          R      mAP50  mAP50-95): 73% ━━━━━━━━╸─── 19/26 1.5it/s 14.0s<4.5s
                 Class     Images  Instances      Box(P          R      mAP50  mAP50-95): 76% ━━━━━━━━━─── 20/26 1.6it/s 14.7s<3.9s
                 Class     Images  Instances      Box(P          R      mAP50  mAP50-95): 80% ━━━━━━━━━╸── 21/26 1.5it/s 15.4s<3.3s
                 Class     Images  Instances      Box(P          R      mAP50  mAP50-95): 84% ━━━━━━━━━━── 22/26 1.5it/s 16.0s<2.7s
                 Class     Images  Instances      Box(P          R      mAP50  mAP50-95): 88% ━━━━━━━━━━╸─ 23/26 1.5it/s 16.7s<2.0s
                 Class     Images  Instances      Box(P          R      mAP50  mAP50-95): 92% ━━━━━━━━━━━─ 24/26 1.5it/s 17.4s<1.3s
                 Class     Images  Instances      Box(P          R      mAP50  mAP50-95): 96% ━━━━━━━━━━━╸ 25/26 1.5it/s 18.0s<0.6s
                 Class     Images  Instances      Box(P          R      mAP50  mAP50-95): 100% ━━━━━━━━━━━━ 26/26 1.4it/s 18.6s
      Epoch    GPU_mem   box_loss   cls_loss   dfl_loss  Instances       Size
                 Class     Images  Instances      Box(P          R      mAP50  mAP50-95): 3% ──────────── 1/26 2.1s/it 0.6s<51.3s
                 Class     Images  Instances      Box(P          R      mAP50  mAP50-95): 7% ╸─────────── 2/26 1.3s/it 1.3s<30.9s
                 Class     Images  Instances      Box(P          R      mAP50  mAP50-95): 11% ━─────────── 3/26 1.0s/it 2.0s<23.1s
                 Class     Images  Instances      Box(P          R      mAP50  mAP50-95): 15% ━╸────────── 4/26 1.2it/s 2.6s<18.7s
                 Class     Images  Instances      Box(P          R      mAP50  mAP50-95): 19% ━━────────── 5/26 1.3it/s 3.2s<16.2s
                 Class     Images  Instances      Box(P          R      mAP50  mAP50-95): 23% ━━╸───────── 6/26 1.4it/s 3.9s<14.4s
                 Class     Images  Instances      Box(P          R      mAP50  mAP50-95): 26% ━━━───────── 7/26 1.4it/s 4.5s<13.1s
                 Class     Images  Instances      Box(P          R      mAP50  mAP50-95): 30% ━━━╸──────── 8/26 1.5it/s 5.1s<12.2s
                 Class     Images  Instances      Box(P          R      mAP50  mAP50-95): 34% ━━━━──────── 9/26 1.5it/s 5.8s<11.3s
                 Class     Images  Instances      Box(P          R      mAP50  mAP50-95): 38% ━━━━╸─────── 10/26 1.5it/s 6.4s<10.4s
                 Class     Images  Instances      Box(P          R      mAP50  mAP50-95): 42% ━━━━━─────── 11/26 1.5it/s 7.1s<9.9s
                 Class     Images  Instances      Box(P          R      mAP50  mAP50-95): 46% ━━━━━╸────── 12/26 1.5it/s 7.8s<9.4s
                 Class     Images  Instances      Box(P          R      mAP50  mAP50-95): 50% ━━━━━━────── 13/26 1.5it/s 8.5s<8.8s
                 Class     Images  Instances      Box(P          R      mAP50  mAP50-95): 53% ━━━━━━────── 14/26 1.5it/s 9.1s<8.1s
                 Class     Images  Instances      Box(P          R      mAP50  mAP50-95): 57% ━━━━━━╸───── 15/26 1.5it/s 9.8s<7.4s
                 Class     Images  Instances      Box(P          R      mAP50  mAP50-95): 61% ━━━━━━━───── 16/26 1.5it/s 10.4s<6.6s
                 Class     Images  Instances      Box(P          R      mAP50  mAP50-95): 65% ━━━━━━━╸──── 17/26 1.5it/s 11.1s<5.9s
                 Class     Images  Instances      Box(P          R      mAP50  mAP50-95): 69% ━━━━━━━━──── 18/26 1.6it/s 11.7s<5.2s
                 Class     Images  Instances      Box(P          R      mAP50  mAP50-95): 73% ━━━━━━━━╸─── 19/26 1.6it/s 12.3s<4.5s
                 Class     Images  Instances      Box(P          R      mAP50  mAP50-95): 76% ━━━━━━━━━─── 20/26 1.5it/s 13.0s<3.9s
                 Class     Images  Instances      Box(P          R      mAP50  mAP50-95): 80% ━━━━━━━━━╸── 21/26 1.6it/s 13.6s<3.2s
                 Class     Images  Instances      Box(P          R      mAP50  mAP50-95): 84% ━━━━━━━━━━── 22/26 1.6it/s 14.3s<2.6s
                 Class     Images  Instances      Box(P          R      mAP50  mAP50-95): 88% ━━━━━━━━━━╸─ 23/26 1.6it/s 14.9s<1.9s
                 Class     Images  Instances      Box(P          R      mAP50  mAP50-95): 92% ━━━━━━━━━━━─ 24/26 1.6it/s 15.5s<1.2s
                 Class     Images  Instances      Box(P          R      mAP50  mAP50-95): 96% ━━━━━━━━━━━╸ 25/26 1.6it/s 16.1s<0.6s
                 Class     Images  Instances      Box(P          R      mAP50  mAP50-95): 100% ━━━━━━━━━━━━ 26/26 1.5it/s 16.9s
      Epoch    GPU_mem   box_loss   cls_loss   dfl_loss  Instances       Size
                 Class     Images  Instances      Box(P          R      mAP50  mAP50-95): 3% ──────────── 1/26 2.1s/it 0.6s<53.1s
                 Class     Images  Instances      Box(P          R      mAP50  mAP50-95): 7% ╸─────────── 2/26 1.3s/it 1.3s<31.3s
                 Class     Images  Instances      Box(P          R      mAP50  mAP50-95): 11% ━─────────── 3/26 1.0it/s 2.0s<22.8s
                 Class     Images  Instances      Box(P          R      mAP50  mAP50-95): 15% ━╸────────── 4/26 1.2it/s 2.6s<18.6s
                 Class     Images  Instances      Box(P          R      mAP50  mAP50-95): 19% ━━────────── 5/26 1.3it/s 3.2s<16.1s
                 Class     Images  Instances      Box(P          R      mAP50  mAP50-95): 23% ━━╸───────── 6/26 1.4it/s 3.9s<14.4s
                 Class     Images  Instances      Box(P          R      mAP50  mAP50-95): 26% ━━━───────── 7/26 1.4it/s 4.5s<13.1s
                 Class     Images  Instances      Box(P          R      mAP50  mAP50-95): 30% ━━━╸──────── 8/26 1.5it/s 5.1s<12.1s
                 Class     Images  Instances      Box(P          R      mAP50  mAP50-95): 34% ━━━━──────── 9/26 1.5it/s 5.8s<11.4s
                 Class     Images  Instances      Box(P          R      mAP50  mAP50-95): 38% ━━━━╸─────── 10/26 1.5it/s 6.4s<10.5s
                 Class     Images  Instances      Box(P          R      mAP50  mAP50-95): 42% ━━━━━─────── 11/26 1.5it/s 7.1s<9.8s
                 Class     Images  Instances      Box(P          R      mAP50  mAP50-95): 46% ━━━━━╸────── 12/26 1.5it/s 7.8s<9.4s
                 Class     Images  Instances      Box(P          R      mAP50  mAP50-95): 50% ━━━━━━────── 13/26 1.5it/s 8.4s<8.7s
                 Class     Images  Instances      Box(P          R      mAP50  mAP50-95): 53% ━━━━━━────── 14/26 1.5it/s 9.0s<7.8s
                 Class     Images  Instances      Box(P          R      mAP50  mAP50-95): 57% ━━━━━━╸───── 15/26 1.5it/s 9.7s<7.3s
                 Class     Images  Instances      Box(P          R      mAP50  mAP50-95): 61% ━━━━━━━───── 16/26 1.5it/s 10.4s<6.6s
                 Class     Images  Instances      Box(P          R      mAP50  mAP50-95): 65% ━━━━━━━╸──── 17/26 1.5it/s 11.0s<5.9s
                 Class     Images  Instances      Box(P          R      mAP50  mAP50-95): 69% ━━━━━━━━──── 18/26 1.5it/s 11.7s<5.2s
                 Class     Images  Instances      Box(P          R      mAP50  mAP50-95): 73% ━━━━━━━━╸─── 19/26 1.5it/s 12.3s<4.6s
                 Class     Images  Instances      Box(P          R      mAP50  mAP50-95): 76% ━━━━━━━━━─── 20/26 1.6it/s 12.9s<3.8s
                 Class     Images  Instances      Box(P          R      mAP50  mAP50-95): 80% ━━━━━━━━━╸── 21/26 1.6it/s 13.6s<3.2s
                 Class     Images  Instances      Box(P          R      mAP50  mAP50-95): 84% ━━━━━━━━━━── 22/26 1.6it/s 14.2s<2.6s
                 Class     Images  Instances      Box(P          R      mAP50  mAP50-95): 88% ━━━━━━━━━━╸─ 23/26 1.6it/s 14.8s<1.9s
                 Class     Images  Instances      Box(P          R      mAP50  mAP50-95): 92% ━━━━━━━━━━━─ 24/26 1.6it/s 15.4s<1.3s
                 Class     Images  Instances      Box(P          R      mAP50  mAP50-95): 96% ━━━━━━━━━━━╸ 25/26 1.6it/s 16.1s<0.6s
                 Class     Images  Instances      Box(P          R      mAP50  mAP50-95): 100% ━━━━━━━━━━━━ 26/26 1.5it/s 16.9s
      Epoch    GPU_mem   box_loss   cls_loss   dfl_loss  Instances       Size
                 Class     Images  Instances      Box(P          R      mAP50  mAP50-95): 3% ──────────── 1/26 2.2s/it 0.7s<56.1s
                 Class     Images  Instances      Box(P          R      mAP50  mAP50-95): 7% ╸─────────── 2/26 1.3s/it 1.3s<31.5s
                 Class     Images  Instances      Box(P          R      mAP50  mAP50-95): 11% ━─────────── 3/26 1.0it/s 2.0s<22.8s
                 Class     Images  Instances      Box(P          R      mAP50  mAP50-95): 15% ━╸────────── 4/26 1.2it/s 2.6s<18.6s
                 Class     Images  Instances      Box(P          R      mAP50  mAP50-95): 19% ━━────────── 5/26 1.3it/s 3.2s<16.1s
                 Class     Images  Instances      Box(P          R      mAP50  mAP50-95): 23% ━━╸───────── 6/26 1.4it/s 3.9s<14.4s
                 Class     Images  Instances      Box(P          R      mAP50  mAP50-95): 26% ━━━───────── 7/26 1.4it/s 4.5s<13.3s
                 Class     Images  Instances      Box(P          R      mAP50  mAP50-95): 30% ━━━╸──────── 8/26 1.5it/s 5.1s<12.0s
                 Class     Images  Instances      Box(P          R      mAP50  mAP50-95): 34% ━━━━──────── 9/26 1.4it/s 5.9s<11.9s
                 Class     Images  Instances      Box(P          R      mAP50  mAP50-95): 38% ━━━━╸─────── 10/26 1.4it/s 6.6s<11.2s
                 Class     Images  Instances      Box(P          R      mAP50  mAP50-95): 42% ━━━━━─────── 11/26 1.5it/s 7.2s<9.9s
                 Class     Images  Instances      Box(P          R      mAP50  mAP50-95): 46% ━━━━━╸────── 12/26 1.5it/s 7.9s<9.3s
                 Class     Images  Instances      Box(P          R      mAP50  mAP50-95): 50% ━━━━━━────── 13/26 1.5it/s 8.5s<8.6s
                 Class     Images  Instances      Box(P          R      mAP50  mAP50-95): 53% ━━━━━━────── 14/26 1.5it/s 9.1s<7.8s
                 Class     Images  Instances      Box(P          R      mAP50  mAP50-95): 57% ━━━━━━╸───── 15/26 1.5it/s 9.8s<7.1s
                 Class     Images  Instances      Box(P          R      mAP50  mAP50-95): 61% ━━━━━━━───── 16/26 1.5it/s 10.5s<6.5s
                 Class     Images  Instances      Box(P          R      mAP50  mAP50-95): 65% ━━━━━━━╸──── 17/26 1.5it/s 11.1s<5.9s
                 Class     Images  Instances      Box(P          R      mAP50  mAP50-95): 69% ━━━━━━━━──── 18/26 1.5it/s 11.8s<5.3s
                 Class     Images  Instances      Box(P          R      mAP50  mAP50-95): 73% ━━━━━━━━╸─── 19/26 1.5it/s 12.5s<4.7s
                 Class     Images  Instances      Box(P          R      mAP50  mAP50-95): 76% ━━━━━━━━━─── 20/26 1.5it/s 13.2s<4.0s
                 Class     Images  Instances      Box(P          R      mAP50  mAP50-95): 80% ━━━━━━━━━╸── 21/26 1.5it/s 13.8s<3.4s
                 Class     Images  Instances      Box(P          R      mAP50  mAP50-95): 84% ━━━━━━━━━━── 22/26 1.5it/s 14.5s<2.6s
                 Class     Images  Instances      Box(P          R      mAP50  mAP50-95): 88% ━━━━━━━━━━╸─ 23/26 1.5it/s 15.1s<2.0s
                 Class     Images  Instances      Box(P          R      mAP50  mAP50-95): 92% ━━━━━━━━━━━─ 24/26 1.6it/s 15.7s<1.3s
                 Class     Images  Instances      Box(P          R      mAP50  mAP50-95): 96% ━━━━━━━━━━━╸ 25/26 1.6it/s 16.4s<0.6s
                 Class     Images  Instances      Box(P          R      mAP50  mAP50-95): 100% ━━━━━━━━━━━━ 26/26 1.5it/s 17.0s
      Epoch    GPU_mem   box_loss   cls_loss   dfl_loss  Instances       Size
                 Class     Images  Instances      Box(P          R      mAP50  mAP50-95): 3% ──────────── 1/26 2.3s/it 0.7s<57.3s
                 Class     Images  Instances      Box(P          R      mAP50  mAP50-95): 7% ╸─────────── 2/26 1.3s/it 1.3s<31.5s
                 Class     Images  Instances      Box(P          R      mAP50  mAP50-95): 11% ━─────────── 3/26 1.0it/s 2.0s<22.7s
                 Class     Images  Instances      Box(P          R      mAP50  mAP50-95): 15% ━╸────────── 4/26 1.2it/s 2.6s<18.8s
                 Class     Images  Instances      Box(P          R      mAP50  mAP50-95): 19% ━━────────── 5/26 1.3it/s 3.3s<16.3s
                 Class     Images  Instances      Box(P          R      mAP50  mAP50-95): 23% ━━╸───────── 6/26 1.4it/s 3.9s<14.5s
                 Class     Images  Instances      Box(P          R      mAP50  mAP50-95): 26% ━━━───────── 7/26 1.4it/s 4.5s<13.1s
                 Class     Images  Instances      Box(P          R      mAP50  mAP50-95): 30% ━━━╸──────── 8/26 1.5it/s 5.1s<12.1s
                 Class     Images  Instances      Box(P          R      mAP50  mAP50-95): 34% ━━━━──────── 9/26 1.5it/s 5.8s<11.2s
                 Class     Images  Instances      Box(P          R      mAP50  mAP50-95): 38% ━━━━╸─────── 10/26 1.5it/s 6.4s<10.4s
                 Class     Images  Instances      Box(P          R      mAP50  mAP50-95): 42% ━━━━━─────── 11/26 1.6it/s 7.0s<9.7s
                 Class     Images  Instances      Box(P          R      mAP50  mAP50-95): 46% ━━━━━╸────── 12/26 1.6it/s 7.7s<9.0s
                 Class     Images  Instances      Box(P          R      mAP50  mAP50-95): 50% ━━━━━━────── 13/26 1.6it/s 8.3s<8.3s
                 Class     Images  Instances      Box(P          R      mAP50  mAP50-95): 53% ━━━━━━────── 14/26 1.6it/s 8.9s<7.6s
                 Class     Images  Instances      Box(P          R      mAP50  mAP50-95): 57% ━━━━━━╸───── 15/26 1.6it/s 9.6s<7.1s
                 Class     Images  Instances      Box(P          R      mAP50  mAP50-95): 61% ━━━━━━━───── 16/26 1.6it/s 10.2s<6.4s
                 Class     Images  Instances      Box(P          R      mAP50  mAP50-95): 65% ━━━━━━━╸──── 17/26 1.6it/s 10.8s<5.6s
                 Class     Images  Instances      Box(P          R      mAP50  mAP50-95): 69% ━━━━━━━━──── 18/26 1.6it/s 11.5s<5.1s
                 Class     Images  Instances      Box(P          R      mAP50  mAP50-95): 73% ━━━━━━━━╸─── 19/26 1.5it/s 12.2s<4.6s
                 Class     Images  Instances      Box(P          R      mAP50  mAP50-95): 76% ━━━━━━━━━─── 20/26 1.5it/s 12.9s<4.0s
                 Class     Images  Instances      Box(P          R      mAP50  mAP50-95): 80% ━━━━━━━━━╸── 21/26 1.5it/s 13.6s<3.4s
                 Class     Images  Instances      Box(P          R      mAP50  mAP50-95): 84% ━━━━━━━━━━── 22/26 1.5it/s 14.2s<2.7s
                 Class     Images  Instances      Box(P          R      mAP50  mAP50-95): 88% ━━━━━━━━━━╸─ 23/26 1.5it/s 14.9s<2.0s
                 Class     Images  Instances      Box(P          R      mAP50  mAP50-95): 92% ━━━━━━━━━━━─ 24/26 1.5it/s 15.5s<1.3s
                 Class     Images  Instances      Box(P          R      mAP50  mAP50-95): 96% ━━━━━━━━━━━╸ 25/26 1.6it/s 16.1s<0.6s
                 Class     Images  Instances      Box(P          R      mAP50  mAP50-95): 100% ━━━━━━━━━━━━ 26/26 1.6it/s 16.8s
      Epoch    GPU_mem   box_loss   cls_loss   dfl_loss  Instances       Size
                 Class     Images  Instances      Box(P          R      mAP50  mAP50-95): 3% ──────────── 1/26 2.2s/it 0.7s<54.5s
                 Class     Images  Instances      Box(P          R      mAP50  mAP50-95): 7% ╸─────────── 2/26 1.3s/it 1.3s<31.5s
                 Class     Images  Instances      Box(P          R      mAP50  mAP50-95): 11% ━─────────── 3/26 1.0it/s 2.0s<22.9s
                 Class     Images  Instances      Box(P          R      mAP50  mAP50-95): 15% ━╸────────── 4/26 1.2it/s 2.6s<18.7s
                 Class     Images  Instances      Box(P          R      mAP50  mAP50-95): 19% ━━────────── 5/26 1.3it/s 3.2s<16.2s
                 Class     Images  Instances      Box(P          R      mAP50  mAP50-95): 23% ━━╸───────── 6/26 1.4it/s 3.9s<14.4s
                 Class     Images  Instances      Box(P          R      mAP50  mAP50-95): 26% ━━━───────── 7/26 1.4it/s 4.5s<13.1s
                 Class     Images  Instances      Box(P          R      mAP50  mAP50-95): 30% ━━━╸──────── 8/26 1.5it/s 5.1s<12.1s
                 Class     Images  Instances      Box(P          R      mAP50  mAP50-95): 34% ━━━━──────── 9/26 1.5it/s 5.8s<11.6s
                 Class     Images  Instances      Box(P          R      mAP50  mAP50-95): 38% ━━━━╸─────── 10/26 1.5it/s 6.5s<10.9s
                 Class     Images  Instances      Box(P          R      mAP50  mAP50-95): 42% ━━━━━─────── 11/26 1.5it/s 7.2s<10.2s
                 Class     Images  Instances      Box(P          R      mAP50  mAP50-95): 46% ━━━━━╸────── 12/26 1.5it/s 7.8s<9.2s
                 Class     Images  Instances      Box(P          R      mAP50  mAP50-95): 50% ━━━━━━────── 13/26 1.5it/s 8.4s<8.4s
                 Class     Images  Instances      Box(P          R      mAP50  mAP50-95): 53% ━━━━━━────── 14/26 1.5it/s 9.2s<8.0s
                 Class     Images  Instances      Box(P          R      mAP50  mAP50-95): 57% ━━━━━━╸───── 15/26 1.5it/s 9.8s<7.2s
                 Class     Images  Instances      Box(P          R      mAP50  mAP50-95): 61% ━━━━━━━───── 16/26 1.5it/s 10.4s<6.5s
                 Class     Images  Instances      Box(P          R      mAP50  mAP50-95): 65% ━━━━━━━╸──── 17/26 1.6it/s 11.0s<5.8s
                 Class     Images  Instances      Box(P          R      mAP50  mAP50-95): 69% ━━━━━━━━──── 18/26 1.6it/s 11.7s<5.1s
                 Class     Images  Instances      Box(P          R      mAP50  mAP50-95): 73% ━━━━━━━━╸─── 19/26 1.6it/s 12.3s<4.5s
                 Class     Images  Instances      Box(P          R      mAP50  mAP50-95): 76% ━━━━━━━━━─── 20/26 1.6it/s 13.0s<3.9s
                 Class     Images  Instances      Box(P          R      mAP50  mAP50-95): 80% ━━━━━━━━━╸── 21/26 1.6it/s 13.6s<3.2s
                 Class     Images  Instances      Box(P          R      mAP50  mAP50-95): 84% ━━━━━━━━━━── 22/26 1.6it/s 14.2s<2.6s
                 Class     Images  Instances      Box(P          R      mAP50  mAP50-95): 88% ━━━━━━━━━━╸─ 23/26 1.6it/s 14.8s<1.9s
                 Class     Images  Instances      Box(P          R      mAP50  mAP50-95): 92% ━━━━━━━━━━━─ 24/26 1.6it/s 15.5s<1.2s
                 Class     Images  Instances      Box(P          R      mAP50  mAP50-95): 96% ━━━━━━━━━━━╸ 25/26 1.6it/s 16.1s<0.6s
                 Class     Images  Instances      Box(P          R      mAP50  mAP50-95): 100% ━━━━━━━━━━━━ 26/26 1.6it/s 16.7s
      Epoch    GPU_mem   box_loss   cls_loss   dfl_loss  Instances       Size
                 Class     Images  Instances      Box(P          R      mAP50  mAP50-95): 3% ──────────── 1/26 2.3s/it 0.7s<58.3s
                 Class     Images  Instances      Box(P          R      mAP50  mAP50-95): 7% ╸─────────── 2/26 1.3s/it 1.3s<31.3s
                 Class     Images  Instances      Box(P          R      mAP50  mAP50-95): 11% ━─────────── 3/26 1.0s/it 2.0s<23.0s
                 Class     Images  Instances      Box(P          R      mAP50  mAP50-95): 15% ━╸────────── 4/26 1.2it/s 2.6s<18.3s
                 Class     Images  Instances      Box(P          R      mAP50  mAP50-95): 19% ━━────────── 5/26 1.3it/s 3.2s<15.9s
                 Class     Images  Instances      Box(P          R      mAP50  mAP50-95): 23% ━━╸───────── 6/26 1.4it/s 3.9s<14.3s
                 Class     Images  Instances      Box(P          R      mAP50  mAP50-95): 26% ━━━───────── 7/26 1.5it/s 4.5s<13.1s
                 Class     Images  Instances      Box(P          R      mAP50  mAP50-95): 30% ━━━╸──────── 8/26 1.5it/s 5.1s<12.0s
                 Class     Images  Instances      Box(P          R      mAP50  mAP50-95): 34% ━━━━──────── 9/26 1.5it/s 5.8s<11.2s
                 Class     Images  Instances      Box(P          R      mAP50  mAP50-95): 38% ━━━━╸─────── 10/26 1.5it/s 6.4s<10.4s
                 Class     Images  Instances      Box(P          R      mAP50  mAP50-95): 42% ━━━━━─────── 11/26 1.6it/s 7.0s<9.7s
                 Class     Images  Instances      Box(P          R      mAP50  mAP50-95): 46% ━━━━━╸────── 12/26 1.6it/s 7.6s<8.9s
                 Class     Images  Instances      Box(P          R      mAP50  mAP50-95): 50% ━━━━━━────── 13/26 1.6it/s 8.3s<8.4s
                 Class     Images  Instances      Box(P          R      mAP50  mAP50-95): 53% ━━━━━━────── 14/26 1.6it/s 8.9s<7.5s
                 Class     Images  Instances      Box(P          R      mAP50  mAP50-95): 57% ━━━━━━╸───── 15/26 1.6it/s 9.5s<6.9s
                 Class     Images  Instances      Box(P          R      mAP50  mAP50-95): 61% ━━━━━━━───── 16/26 1.6it/s 10.1s<6.3s
                 Class     Images  Instances      Box(P          R      mAP50  mAP50-95): 65% ━━━━━━━╸──── 17/26 1.6it/s 10.8s<5.8s
                 Class     Images  Instances      Box(P          R      mAP50  mAP50-95): 69% ━━━━━━━━──── 18/26 1.6it/s 11.5s<5.2s
                 Class     Images  Instances      Box(P          R      mAP50  mAP50-95): 73% ━━━━━━━━╸─── 19/26 1.5it/s 12.1s<4.6s
                 Class     Images  Instances      Box(P          R      mAP50  mAP50-95): 76% ━━━━━━━━━─── 20/26 1.5it/s 12.8s<4.0s
                 Class     Images  Instances      Box(P          R      mAP50  mAP50-95): 80% ━━━━━━━━━╸── 21/26 1.5it/s 13.5s<3.3s
                 Class     Images  Instances      Box(P          R      mAP50  mAP50-95): 84% ━━━━━━━━━━── 22/26 1.5it/s 14.1s<2.6s
                 Class     Images  Instances      Box(P          R      mAP50  mAP50-95): 88% ━━━━━━━━━━╸─ 23/26 1.5it/s 14.8s<2.0s
                 Class     Images  Instances      Box(P          R      mAP50  mAP50-95): 92% ━━━━━━━━━━━─ 24/26 1.5it/s 15.4s<1.3s
                 Class     Images  Instances      Box(P          R      mAP50  mAP50-95): 96% ━━━━━━━━━━━╸ 25/26 1.5it/s 16.1s<0.6s
                 Class     Images  Instances      Box(P          R      mAP50  mAP50-95): 100% ━━━━━━━━━━━━ 26/26 1.6it/s 16.7s
      Epoch    GPU_mem   box_loss   cls_loss   dfl_loss  Instances       Size
                 Class     Images  Instances      Box(P          R      mAP50  mAP50-95): 3% ──────────── 1/26 2.1s/it 0.6s<52.3s
                 Class     Images  Instances      Box(P          R      mAP50  mAP50-95): 7% ╸─────────── 2/26 1.2s/it 1.3s<30.0s
                 Class     Images  Instances      Box(P          R      mAP50  mAP50-95): 11% ━─────────── 3/26 1.1it/s 1.9s<21.8s
                 Class     Images  Instances      Box(P          R      mAP50  mAP50-95): 15% ━╸────────── 4/26 1.2it/s 2.5s<18.1s
                 Class     Images  Instances      Box(P          R      mAP50  mAP50-95): 19% ━━────────── 5/26 1.3it/s 3.2s<16.0s
                 Class     Images  Instances      Box(P          R      mAP50  mAP50-95): 23% ━━╸───────── 6/26 1.4it/s 3.8s<14.2s
                 Class     Images  Instances      Box(P          R      mAP50  mAP50-95): 26% ━━━───────── 7/26 1.5it/s 4.4s<13.0s
                 Class     Images  Instances      Box(P          R      mAP50  mAP50-95): 30% ━━━╸──────── 8/26 1.5it/s 5.0s<12.0s
                 Class     Images  Instances      Box(P          R      mAP50  mAP50-95): 34% ━━━━──────── 9/26 1.5it/s 5.7s<11.2s
                 Class     Images  Instances      Box(P          R      mAP50  mAP50-95): 38% ━━━━╸─────── 10/26 1.5it/s 6.3s<10.3s
                 Class     Images  Instances      Box(P          R      mAP50  mAP50-95): 42% ━━━━━─────── 11/26 1.6it/s 6.9s<9.6s
                 Class     Images  Instances      Box(P          R      mAP50  mAP50-95): 46% ━━━━━╸────── 12/26 1.6it/s 7.5s<8.9s
                 Class     Images  Instances      Box(P          R      mAP50  mAP50-95): 50% ━━━━━━────── 13/26 1.6it/s 8.2s<8.3s
                 Class     Images  Instances      Box(P          R      mAP50  mAP50-95): 53% ━━━━━━────── 14/26 1.6it/s 8.8s<7.6s
                 Class     Images  Instances      Box(P          R      mAP50  mAP50-95): 57% ━━━━━━╸───── 15/26 1.6it/s 9.4s<7.0s
                 Class     Images  Instances      Box(P          R      mAP50  mAP50-95): 61% ━━━━━━━───── 16/26 1.6it/s 10.1s<6.3s
                 Class     Images  Instances      Box(P          R      mAP50  mAP50-95): 65% ━━━━━━━╸──── 17/26 1.6it/s 10.7s<5.7s
                 Class     Images  Instances      Box(P          R      mAP50  mAP50-95): 69% ━━━━━━━━──── 18/26 1.6it/s 11.4s<5.1s
                 Class     Images  Instances      Box(P          R      mAP50  mAP50-95): 73% ━━━━━━━━╸─── 19/26 1.6it/s 12.0s<4.4s
                 Class     Images  Instances      Box(P          R      mAP50  mAP50-95): 76% ━━━━━━━━━─── 20/26 1.6it/s 12.6s<3.8s
                 Class     Images  Instances      Box(P          R      mAP50  mAP50-95): 80% ━━━━━━━━━╸── 21/26 1.6it/s 13.2s<3.1s
                 Class     Images  Instances      Box(P          R      mAP50  mAP50-95): 84% ━━━━━━━━━━── 22/26 1.6it/s 13.8s<2.5s
                 Class     Images  Instances      Box(P          R      mAP50  mAP50-95): 88% ━━━━━━━━━━╸─ 23/26 1.6it/s 14.5s<1.9s
                 Class     Images  Instances      Box(P          R      mAP50  mAP50-95): 92% ━━━━━━━━━━━─ 24/26 1.6it/s 15.1s<1.3s
                 Class     Images  Instances      Box(P          R      mAP50  mAP50-95): 96% ━━━━━━━━━━━╸ 25/26 1.6it/s 15.7s<0.6s
                 Class     Images  Instances      Box(P          R      mAP50  mAP50-95): 100% ━━━━━━━━━━━━ 26/26 1.6it/s 16.4s
      Epoch    GPU_mem   box_loss   cls_loss   dfl_loss  Instances       Size
                 Class     Images  Instances      Box(P          R      mAP50  mAP50-95): 3% ──────────── 1/26 2.2s/it 0.7s<55.1s
                 Class     Images  Instances      Box(P          R      mAP50  mAP50-95): 7% ╸─────────── 2/26 1.3s/it 1.3s<31.4s
                 Class     Images  Instances      Box(P          R      mAP50  mAP50-95): 11% ━─────────── 3/26 1.0s/it 2.0s<23.1s
                 Class     Images  Instances      Box(P          R      mAP50  mAP50-95): 15% ━╸────────── 4/26 1.2it/s 2.6s<18.9s
                 Class     Images  Instances      Box(P          R      mAP50  mAP50-95): 19% ━━────────── 5/26 1.2it/s 3.5s<17.8s
                 Class     Images  Instances      Box(P          R      mAP50  mAP50-95): 23% ━━╸───────── 6/26 1.3it/s 4.1s<15.6s
                 Class     Images  Instances      Box(P          R      mAP50  mAP50-95): 26% ━━━───────── 7/26 1.4it/s 4.8s<13.9s
                 Class     Images  Instances      Box(P          R      mAP50  mAP50-95): 30% ━━━╸──────── 8/26 1.5it/s 5.3s<12.0s
                 Class     Images  Instances      Box(P          R      mAP50  mAP50-95): 34% ━━━━──────── 9/26 1.5it/s 5.9s<11.2s
                 Class     Images  Instances      Box(P          R      mAP50  mAP50-95): 38% ━━━━╸─────── 10/26 1.5it/s 6.6s<10.5s
                 Class     Images  Instances      Box(P          R      mAP50  mAP50-95): 42% ━━━━━─────── 11/26 1.5it/s 7.3s<10.0s
                 Class     Images  Instances      Box(P          R      mAP50  mAP50-95): 46% ━━━━━╸────── 12/26 1.5it/s 7.9s<9.2s
                 Class     Images  Instances      Box(P          R      mAP50  mAP50-95): 50% ━━━━━━────── 13/26 1.5it/s 8.6s<8.4s
                 Class     Images  Instances      Box(P          R      mAP50  mAP50-95): 53% ━━━━━━────── 14/26 1.6it/s 9.2s<7.7s
                 Class     Images  Instances      Box(P          R      mAP50  mAP50-95): 57% ━━━━━━╸───── 15/26 1.5it/s 9.8s<7.1s
                 Class     Images  Instances      Box(P          R      mAP50  mAP50-95): 61% ━━━━━━━───── 16/26 1.6it/s 10.5s<6.5s
                 Class     Images  Instances      Box(P          R      mAP50  mAP50-95): 65% ━━━━━━━╸──── 17/26 1.6it/s 11.1s<5.8s
                 Class     Images  Instances      Box(P          R      mAP50  mAP50-95): 69% ━━━━━━━━──── 18/26 1.6it/s 11.7s<5.0s
                 Class     Images  Instances      Box(P          R      mAP50  mAP50-95): 73% ━━━━━━━━╸─── 19/26 1.6it/s 12.3s<4.4s
                 Class     Images  Instances      Box(P          R      mAP50  mAP50-95): 76% ━━━━━━━━━─── 20/26 1.6it/s 13.0s<3.8s
                 Class     Images  Instances      Box(P          R      mAP50  mAP50-95): 80% ━━━━━━━━━╸── 21/26 1.6it/s 13.6s<3.1s
                 Class     Images  Instances      Box(P          R      mAP50  mAP50-95): 84% ━━━━━━━━━━── 22/26 1.7it/s 14.1s<2.4s
                 Class     Images  Instances      Box(P          R      mAP50  mAP50-95): 88% ━━━━━━━━━━╸─ 23/26 1.7it/s 14.7s<1.8s
                 Class     Images  Instances      Box(P          R      mAP50  mAP50-95): 92% ━━━━━━━━━━━─ 24/26 1.7it/s 15.3s<1.2s
                 Class     Images  Instances      Box(P          R      mAP50  mAP50-95): 96% ━━━━━━━━━━━╸ 25/26 1.6it/s 16.1s<0.6s
                 Class     Images  Instances      Box(P          R      mAP50  mAP50-95): 100% ━━━━━━━━━━━━ 26/26 1.6it/s 16.7s
      Epoch    GPU_mem   box_loss   cls_loss   dfl_loss  Instances       Size
                 Class     Images  Instances      Box(P          R      mAP50  mAP50-95): 3% ──────────── 1/26 2.4s/it 0.7s<1:00
                 Class     Images  Instances      Box(P          R      mAP50  mAP50-95): 7% ╸─────────── 2/26 1.3s/it 1.4s<31.4s
                 Class     Images  Instances      Box(P          R      mAP50  mAP50-95): 11% ━─────────── 3/26 1.0it/s 2.0s<22.8s
                 Class     Images  Instances      Box(P          R      mAP50  mAP50-95): 15% ━╸────────── 4/26 1.2it/s 2.6s<18.5s
                 Class     Images  Instances      Box(P          R      mAP50  mAP50-95): 19% ━━────────── 5/26 1.3it/s 3.2s<16.1s
                 Class     Images  Instances      Box(P          R      mAP50  mAP50-95): 23% ━━╸───────── 6/26 1.4it/s 3.9s<14.4s
                 Class     Images  Instances      Box(P          R      mAP50  mAP50-95): 26% ━━━───────── 7/26 1.4it/s 4.5s<13.2s
                 Class     Images  Instances      Box(P          R      mAP50  mAP50-95): 30% ━━━╸──────── 8/26 1.5it/s 5.1s<12.0s
                 Class     Images  Instances      Box(P          R      mAP50  mAP50-95): 34% ━━━━──────── 9/26 1.5it/s 5.8s<11.2s
                 Class     Images  Instances      Box(P          R      mAP50  mAP50-95): 38% ━━━━╸─────── 10/26 1.5it/s 6.4s<10.4s
                 Class     Images  Instances      Box(P          R      mAP50  mAP50-95): 42% ━━━━━─────── 11/26 1.6it/s 7.0s<9.6s
                 Class     Images  Instances      Box(P          R      mAP50  mAP50-95): 46% ━━━━━╸────── 12/26 1.6it/s 7.6s<8.9s
                 Class     Images  Instances      Box(P          R      mAP50  mAP50-95): 50% ━━━━━━────── 13/26 1.6it/s 8.3s<8.3s
                 Class     Images  Instances      Box(P          R      mAP50  mAP50-95): 53% ━━━━━━────── 14/26 1.6it/s 8.9s<7.6s
                 Class     Images  Instances      Box(P          R      mAP50  mAP50-95): 57% ━━━━━━╸───── 15/26 1.6it/s 9.5s<6.9s
                 Class     Images  Instances      Box(P          R      mAP50  mAP50-95): 61% ━━━━━━━───── 16/26 1.6it/s 10.2s<6.3s
                 Class     Images  Instances      Box(P          R      mAP50  mAP50-95): 65% ━━━━━━━╸──── 17/26 1.6it/s 10.8s<5.7s
                 Class     Images  Instances      Box(P          R      mAP50  mAP50-95): 69% ━━━━━━━━──── 18/26 1.6it/s 11.4s<5.0s
                 Class     Images  Instances      Box(P          R      mAP50  mAP50-95): 73% ━━━━━━━━╸─── 19/26 1.6it/s 12.1s<4.4s
                 Class     Images  Instances      Box(P          R      mAP50  mAP50-95): 76% ━━━━━━━━━─── 20/26 1.6it/s 12.7s<3.7s
                 Class     Images  Instances      Box(P          R      mAP50  mAP50-95): 80% ━━━━━━━━━╸── 21/26 1.6it/s 13.3s<3.1s
                 Class     Images  Instances      Box(P          R      mAP50  mAP50-95): 84% ━━━━━━━━━━── 22/26 1.6it/s 13.9s<2.5s
                 Class     Images  Instances      Box(P          R      mAP50  mAP50-95): 88% ━━━━━━━━━━╸─ 23/26 1.6it/s 14.5s<1.9s
                 Class     Images  Instances      Box(P          R      mAP50  mAP50-95): 92% ━━━━━━━━━━━─ 24/26 1.6it/s 15.2s<1.3s
                 Class     Images  Instances      Box(P          R      mAP50  mAP50-95): 96% ━━━━━━━━━━━╸ 25/26 1.6it/s 15.8s<0.6s
                 Class     Images  Instances      Box(P          R      mAP50  mAP50-95): 100% ━━━━━━━━━━━━ 26/26 1.6it/s 16.4s
      Epoch    GPU_mem   box_loss   cls_loss   dfl_loss  Instances       Size
                 Class     Images  Instances      Box(P          R      mAP50  mAP50-95): 3% ──────────── 1/26 2.2s/it 0.7s<54.4s
                 Class     Images  Instances      Box(P          R      mAP50  mAP50-95): 7% ╸─────────── 2/26 1.2s/it 1.2s<28.4s
                 Class     Images  Instances      Box(P          R      mAP50  mAP50-95): 11% ━─────────── 3/26 1.1it/s 1.8s<21.3s
                 Class     Images  Instances      Box(P          R      mAP50  mAP50-95): 15% ━╸────────── 4/26 1.2it/s 2.5s<17.9s
                 Class     Images  Instances      Box(P          R      mAP50  mAP50-95): 19% ━━────────── 5/26 1.4it/s 3.1s<15.5s
                 Class     Images  Instances      Box(P          R      mAP50  mAP50-95): 23% ━━╸───────── 6/26 1.4it/s 3.8s<14.5s
                 Class     Images  Instances      Box(P          R      mAP50  mAP50-95): 26% ━━━───────── 7/26 1.4it/s 4.4s<13.4s
                 Class     Images  Instances      Box(P          R      mAP50  mAP50-95): 30% ━━━╸──────── 8/26 1.5it/s 5.1s<12.2s
                 Class     Images  Instances      Box(P          R      mAP50  mAP50-95): 34% ━━━━──────── 9/26 1.5it/s 5.7s<11.3s
                 Class     Images  Instances      Box(P          R      mAP50  mAP50-95): 38% ━━━━╸─────── 10/26 1.5it/s 6.3s<10.4s
                 Class     Images  Instances      Box(P          R      mAP50  mAP50-95): 42% ━━━━━─────── 11/26 1.5it/s 7.0s<9.7s
                 Class     Images  Instances      Box(P          R      mAP50  mAP50-95): 46% ━━━━━╸────── 12/26 1.6it/s 7.6s<9.0s
                 Class     Images  Instances      Box(P          R      mAP50  mAP50-95): 50% ━━━━━━────── 13/26 1.6it/s 8.2s<8.3s
                 Class     Images  Instances      Box(P          R      mAP50  mAP50-95): 53% ━━━━━━────── 14/26 1.6it/s 8.8s<7.6s
                 Class     Images  Instances      Box(P          R      mAP50  mAP50-95): 57% ━━━━━━╸───── 15/26 1.6it/s 9.4s<6.9s
                 Class     Images  Instances      Box(P          R      mAP50  mAP50-95): 61% ━━━━━━━───── 16/26 1.6it/s 10.1s<6.2s
                 Class     Images  Instances      Box(P          R      mAP50  mAP50-95): 65% ━━━━━━━╸──── 17/26 1.6it/s 10.7s<5.6s
                 Class     Images  Instances      Box(P          R      mAP50  mAP50-95): 69% ━━━━━━━━──── 18/26 1.6it/s 11.3s<5.0s
                 Class     Images  Instances      Box(P          R      mAP50  mAP50-95): 73% ━━━━━━━━╸─── 19/26 1.6it/s 11.9s<4.4s
                 Class     Images  Instances      Box(P          R      mAP50  mAP50-95): 76% ━━━━━━━━━─── 20/26 1.6it/s 12.6s<3.8s
                 Class     Images  Instances      Box(P          R      mAP50  mAP50-95): 80% ━━━━━━━━━╸── 21/26 1.6it/s 13.2s<3.1s
                 Class     Images  Instances      Box(P          R      mAP50  mAP50-95): 84% ━━━━━━━━━━── 22/26 1.6it/s 13.8s<2.5s
                 Class     Images  Instances      Box(P          R      mAP50  mAP50-95): 88% ━━━━━━━━━━╸─ 23/26 1.6it/s 14.5s<1.9s
                 Class     Images  Instances      Box(P          R      mAP50  mAP50-95): 92% ━━━━━━━━━━━─ 24/26 1.6it/s 15.1s<1.3s
                 Class     Images  Instances      Box(P          R      mAP50  mAP50-95): 96% ━━━━━━━━━━━╸ 25/26 1.6it/s 15.7s<0.6s
                 Class     Images  Instances      Box(P          R      mAP50  mAP50-95): 100% ━━━━━━━━━━━━ 26/26 1.6it/s 16.3s
      Epoch    GPU_mem   box_loss   cls_loss   dfl_loss  Instances       Size
                 Class     Images  Instances      Box(P          R      mAP50  mAP50-95): 3% ──────────── 1/26 2.4s/it 0.7s<59.1s
                 Class     Images  Instances      Box(P          R      mAP50  mAP50-95): 7% ╸─────────── 2/26 1.3s/it 1.3s<31.2s
                 Class     Images  Instances      Box(P          R      mAP50  mAP50-95): 11% ━─────────── 3/26 1.0it/s 2.0s<22.4s
                 Class     Images  Instances      Box(P          R      mAP50  mAP50-95): 15% ━╸────────── 4/26 1.2it/s 2.6s<18.3s
                 Class     Images  Instances      Box(P          R      mAP50  mAP50-95): 19% ━━────────── 5/26 1.3it/s 3.2s<16.0s
                 Class     Images  Instances      Box(P          R      mAP50  mAP50-95): 23% ━━╸───────── 6/26 1.4it/s 3.8s<14.4s
                 Class     Images  Instances      Box(P          R      mAP50  mAP50-95): 26% ━━━───────── 7/26 1.5it/s 4.5s<13.0s
                 Class     Images  Instances      Box(P          R      mAP50  mAP50-95): 30% ━━━╸──────── 8/26 1.5it/s 5.1s<12.0s
                 Class     Images  Instances      Box(P          R      mAP50  mAP50-95): 34% ━━━━──────── 9/26 1.5it/s 5.7s<11.1s
                 Class     Images  Instances      Box(P          R      mAP50  mAP50-95): 38% ━━━━╸─────── 10/26 1.6it/s 6.3s<10.3s
                 Class     Images  Instances      Box(P          R      mAP50  mAP50-95): 42% ━━━━━─────── 11/26 1.6it/s 7.0s<9.6s
                 Class     Images  Instances      Box(P          R      mAP50  mAP50-95): 46% ━━━━━╸────── 12/26 1.6it/s 7.6s<8.9s
                 Class     Images  Instances      Box(P          R      mAP50  mAP50-95): 50% ━━━━━━────── 13/26 1.6it/s 8.2s<8.2s
                 Class     Images  Instances      Box(P          R      mAP50  mAP50-95): 53% ━━━━━━────── 14/26 1.6it/s 8.8s<7.6s
                 Class     Images  Instances      Box(P          R      mAP50  mAP50-95): 57% ━━━━━━╸───── 15/26 1.6it/s 9.5s<7.0s
                 Class     Images  Instances      Box(P          R      mAP50  mAP50-95): 61% ━━━━━━━───── 16/26 1.6it/s 10.2s<6.4s
                 Class     Images  Instances      Box(P          R      mAP50  mAP50-95): 65% ━━━━━━━╸──── 17/26 1.6it/s 10.8s<5.7s
                 Class     Images  Instances      Box(P          R      mAP50  mAP50-95): 69% ━━━━━━━━──── 18/26 1.6it/s 11.4s<5.1s
                 Class     Images  Instances      Box(P          R      mAP50  mAP50-95): 73% ━━━━━━━━╸─── 19/26 1.6it/s 12.0s<4.4s
                 Class     Images  Instances      Box(P          R      mAP50  mAP50-95): 76% ━━━━━━━━━─── 20/26 1.5it/s 12.7s<3.9s
                 Class     Images  Instances      Box(P          R      mAP50  mAP50-95): 80% ━━━━━━━━━╸── 21/26 1.5it/s 13.4s<3.3s
                 Class     Images  Instances      Box(P          R      mAP50  mAP50-95): 84% ━━━━━━━━━━── 22/26 1.5it/s 14.1s<2.7s
                 Class     Images  Instances      Box(P          R      mAP50  mAP50-95): 88% ━━━━━━━━━━╸─ 23/26 1.5it/s 14.8s<2.0s
                 Class     Images  Instances      Box(P          R      mAP50  mAP50-95): 92% ━━━━━━━━━━━─ 24/26 1.5it/s 15.4s<1.3s
                 Class     Images  Instances      Box(P          R      mAP50  mAP50-95): 96% ━━━━━━━━━━━╸ 25/26 1.5it/s 16.0s<0.7s
                 Class     Images  Instances      Box(P          R      mAP50  mAP50-95): 100% ━━━━━━━━━━━━ 26/26 1.6it/s 16.7s
      Epoch    GPU_mem   box_loss   cls_loss   dfl_loss  Instances       Size
                 Class     Images  Instances      Box(P          R      mAP50  mAP50-95): 3% ──────────── 1/26 2.3s/it 0.7s<58.0s
                 Class     Images  Instances      Box(P          R      mAP50  mAP50-95): 7% ╸─────────── 2/26 1.3s/it 1.3s<31.4s
                 Class     Images  Instances      Box(P          R      mAP50  mAP50-95): 11% ━─────────── 3/26 1.1s/it 2.2s<25.5s
                 Class     Images  Instances      Box(P          R      mAP50  mAP50-95): 15% ━╸────────── 4/26 1.1it/s 2.8s<20.2s
                 Class     Images  Instances      Box(P          R      mAP50  mAP50-95): 19% ━━────────── 5/26 1.2it/s 3.5s<17.6s
                 Class     Images  Instances      Box(P          R      mAP50  mAP50-95): 23% ━━╸───────── 6/26 1.4it/s 4.0s<14.0s
                 Class     Images  Instances      Box(P          R      mAP50  mAP50-95): 26% ━━━───────── 7/26 1.4it/s 4.8s<13.5s
                 Class     Images  Instances      Box(P          R      mAP50  mAP50-95): 30% ━━━╸──────── 8/26 1.5it/s 5.3s<11.7s
                 Class     Images  Instances      Box(P          R      mAP50  mAP50-95): 34% ━━━━──────── 9/26 1.5it/s 6.0s<11.2s
                 Class     Images  Instances      Box(P          R      mAP50  mAP50-95): 38% ━━━━╸─────── 10/26 1.5it/s 6.7s<10.6s
                 Class     Images  Instances      Box(P          R      mAP50  mAP50-95): 42% ━━━━━─────── 11/26 1.5it/s 7.3s<9.8s
                 Class     Images  Instances      Box(P          R      mAP50  mAP50-95): 46% ━━━━━╸────── 12/26 1.5it/s 7.9s<9.1s
                 Class     Images  Instances      Box(P          R      mAP50  mAP50-95): 50% ━━━━━━────── 13/26 1.5it/s 8.6s<8.4s
                 Class     Images  Instances      Box(P          R      mAP50  mAP50-95): 53% ━━━━━━────── 14/26 1.5it/s 9.2s<7.8s
                 Class     Images  Instances      Box(P          R      mAP50  mAP50-95): 57% ━━━━━━╸───── 15/26 1.6it/s 9.8s<7.0s
                 Class     Images  Instances      Box(P          R      mAP50  mAP50-95): 61% ━━━━━━━───── 16/26 1.6it/s 10.5s<6.4s
                 Class     Images  Instances      Box(P          R      mAP50  mAP50-95): 65% ━━━━━━━╸──── 17/26 1.6it/s 11.1s<5.8s
                 Class     Images  Instances      Box(P          R      mAP50  mAP50-95): 69% ━━━━━━━━──── 18/26 1.5it/s 11.8s<5.3s
                 Class     Images  Instances      Box(P          R      mAP50  mAP50-95): 73% ━━━━━━━━╸─── 19/26 1.5it/s 12.5s<4.7s
                 Class     Images  Instances      Box(P          R      mAP50  mAP50-95): 76% ━━━━━━━━━─── 20/26 1.5it/s 13.2s<4.0s
                 Class     Images  Instances      Box(P          R      mAP50  mAP50-95): 80% ━━━━━━━━━╸── 21/26 1.5it/s 13.8s<3.3s
                 Class     Images  Instances      Box(P          R      mAP50  mAP50-95): 84% ━━━━━━━━━━── 22/26 1.5it/s 14.5s<2.6s
                 Class     Images  Instances      Box(P          R      mAP50  mAP50-95): 88% ━━━━━━━━━━╸─ 23/26 1.5it/s 15.1s<1.9s
                 Class     Images  Instances      Box(P          R      mAP50  mAP50-95): 92% ━━━━━━━━━━━─ 24/26 1.6it/s 15.7s<1.3s
                 Class     Images  Instances      Box(P          R      mAP50  mAP50-95): 96% ━━━━━━━━━━━╸ 25/26 1.6it/s 16.4s<0.6s
                 Class     Images  Instances      Box(P          R      mAP50  mAP50-95): 100% ━━━━━━━━━━━━ 26/26 1.5it/s 17.0s
      Epoch    GPU_mem   box_loss   cls_loss   dfl_loss  Instances       Size
                 Class     Images  Instances      Box(P          R      mAP50  mAP50-95): 3% ──────────── 1/26 2.1s/it 0.6s<51.7s
                 Class     Images  Instances      Box(P          R      mAP50  mAP50-95): 7% ╸─────────── 2/26 1.2s/it 1.2s<29.4s
                 Class     Images  Instances      Box(P          R      mAP50  mAP50-95): 11% ━─────────── 3/26 1.1s/it 2.1s<24.8s
                 Class     Images  Instances      Box(P          R      mAP50  mAP50-95): 15% ━╸────────── 4/26 1.1it/s 2.7s<19.5s
                 Class     Images  Instances      Box(P          R      mAP50  mAP50-95): 19% ━━────────── 5/26 1.2it/s 3.4s<16.8s
                 Class     Images  Instances      Box(P          R      mAP50  mAP50-95): 23% ━━╸───────── 6/26 1.3it/s 4.1s<15.2s
                 Class     Images  Instances      Box(P          R      mAP50  mAP50-95): 26% ━━━───────── 7/26 1.4it/s 4.7s<13.6s
                 Class     Images  Instances      Box(P          R      mAP50  mAP50-95): 30% ━━━╸──────── 8/26 1.5it/s 5.3s<12.4s
                 Class     Images  Instances      Box(P          R      mAP50  mAP50-95): 34% ━━━━──────── 9/26 1.5it/s 5.9s<11.4s
                 Class     Images  Instances      Box(P          R      mAP50  mAP50-95): 38% ━━━━╸─────── 10/26 1.5it/s 6.6s<10.5s
                 Class     Images  Instances      Box(P          R      mAP50  mAP50-95): 42% ━━━━━─────── 11/26 1.5it/s 7.2s<9.9s
                 Class     Images  Instances      Box(P          R      mAP50  mAP50-95): 46% ━━━━━╸────── 12/26 1.5it/s 8.0s<9.5s
                 Class     Images  Instances      Box(P          R      mAP50  mAP50-95): 50% ━━━━━━────── 13/26 1.5it/s 8.6s<8.7s
                 Class     Images  Instances      Box(P          R      mAP50  mAP50-95): 53% ━━━━━━────── 14/26 1.5it/s 9.3s<7.9s
                 Class     Images  Instances      Box(P          R      mAP50  mAP50-95): 57% ━━━━━━╸───── 15/26 1.5it/s 9.9s<7.2s
                 Class     Images  Instances      Box(P          R      mAP50  mAP50-95): 61% ━━━━━━━───── 16/26 1.5it/s 10.6s<6.6s
                 Class     Images  Instances      Box(P          R      mAP50  mAP50-95): 65% ━━━━━━━╸──── 17/26 1.5it/s 11.2s<6.0s
                 Class     Images  Instances      Box(P          R      mAP50  mAP50-95): 69% ━━━━━━━━──── 18/26 1.5it/s 11.9s<5.2s
                 Class     Images  Instances      Box(P          R      mAP50  mAP50-95): 73% ━━━━━━━━╸─── 19/26 1.5it/s 12.5s<4.5s
                 Class     Images  Instances      Box(P          R      mAP50  mAP50-95): 76% ━━━━━━━━━─── 20/26 1.6it/s 13.1s<3.8s
                 Class     Images  Instances      Box(P          R      mAP50  mAP50-95): 80% ━━━━━━━━━╸── 21/26 1.6it/s 13.8s<3.2s
                 Class     Images  Instances      Box(P          R      mAP50  mAP50-95): 84% ━━━━━━━━━━── 22/26 1.6it/s 14.4s<2.5s
                 Class     Images  Instances      Box(P          R      mAP50  mAP50-95): 88% ━━━━━━━━━━╸─ 23/26 1.6it/s 15.0s<1.9s
                 Class     Images  Instances      Box(P          R      mAP50  mAP50-95): 92% ━━━━━━━━━━━─ 24/26 1.6it/s 15.6s<1.3s
                 Class     Images  Instances      Box(P          R      mAP50  mAP50-95): 96% ━━━━━━━━━━━╸ 25/26 1.6it/s 16.3s<0.6s
                 Class     Images  Instances      Box(P          R      mAP50  mAP50-95): 100% ━━━━━━━━━━━━ 26/26 1.5it/s 16.9s
      Epoch    GPU_mem   box_loss   cls_loss   dfl_loss  Instances       Size
                 Class     Images  Instances      Box(P          R      mAP50  mAP50-95): 3% ──────────── 1/26 2.1s/it 0.6s<52.5s
                 Class     Images  Instances      Box(P          R      mAP50  mAP50-95): 7% ╸─────────── 2/26 1.2s/it 1.3s<29.6s
                 Class     Images  Instances      Box(P          R      mAP50  mAP50-95): 11% ━─────────── 3/26 1.0it/s 1.9s<22.0s
                 Class     Images  Instances      Box(P          R      mAP50  mAP50-95): 15% ━╸────────── 4/26 1.2it/s 2.5s<18.2s
                 Class     Images  Instances      Box(P          R      mAP50  mAP50-95): 19% ━━────────── 5/26 1.3it/s 3.2s<16.1s
                 Class     Images  Instances      Box(P          R      mAP50  mAP50-95): 23% ━━╸───────── 6/26 1.4it/s 3.8s<14.2s
                 Class     Images  Instances      Box(P          R      mAP50  mAP50-95): 26% ━━━───────── 7/26 1.5it/s 4.4s<13.0s
                 Class     Images  Instances      Box(P          R      mAP50  mAP50-95): 30% ━━━╸──────── 8/26 1.5it/s 5.0s<12.1s
                 Class     Images  Instances      Box(P          R      mAP50  mAP50-95): 34% ━━━━──────── 9/26 1.5it/s 5.6s<11.0s
                 Class     Images  Instances      Box(P          R      mAP50  mAP50-95): 38% ━━━━╸─────── 10/26 1.5it/s 6.3s<10.5s
                 Class     Images  Instances      Box(P          R      mAP50  mAP50-95): 42% ━━━━━─────── 11/26 1.5it/s 7.0s<9.8s
                 Class     Images  Instances      Box(P          R      mAP50  mAP50-95): 46% ━━━━━╸────── 12/26 1.5it/s 7.6s<9.1s
                 Class     Images  Instances      Box(P          R      mAP50  mAP50-95): 50% ━━━━━━────── 13/26 1.4it/s 8.4s<9.0s
                 Class     Images  Instances      Box(P          R      mAP50  mAP50-95): 53% ━━━━━━────── 14/26 1.5it/s 9.1s<8.0s
                 Class     Images  Instances      Box(P          R      mAP50  mAP50-95): 57% ━━━━━━╸───── 15/26 1.5it/s 9.7s<7.3s
                 Class     Images  Instances      Box(P          R      mAP50  mAP50-95): 61% ━━━━━━━───── 16/26 1.5it/s 10.4s<6.7s
                 Class     Images  Instances      Box(P          R      mAP50  mAP50-95): 65% ━━━━━━━╸──── 17/26 1.5it/s 11.0s<6.0s
                 Class     Images  Instances      Box(P          R      mAP50  mAP50-95): 69% ━━━━━━━━──── 18/26 1.5it/s 11.7s<5.2s
                 Class     Images  Instances      Box(P          R      mAP50  mAP50-95): 73% ━━━━━━━━╸─── 19/26 1.5it/s 12.3s<4.5s
                 Class     Images  Instances      Box(P          R      mAP50  mAP50-95): 76% ━━━━━━━━━─── 20/26 1.6it/s 12.9s<3.9s
                 Class     Images  Instances      Box(P          R      mAP50  mAP50-95): 80% ━━━━━━━━━╸── 21/26 1.6it/s 13.6s<3.2s
                 Class     Images  Instances      Box(P          R      mAP50  mAP50-95): 84% ━━━━━━━━━━── 22/26 1.6it/s 14.2s<2.5s
                 Class     Images  Instances      Box(P          R      mAP50  mAP50-95): 88% ━━━━━━━━━━╸─ 23/26 1.6it/s 14.8s<1.9s
                 Class     Images  Instances      Box(P          R      mAP50  mAP50-95): 92% ━━━━━━━━━━━─ 24/26 1.6it/s 15.5s<1.3s
                 Class     Images  Instances      Box(P          R      mAP50  mAP50-95): 96% ━━━━━━━━━━━╸ 25/26 1.6it/s 16.1s<0.6s
                 Class     Images  Instances      Box(P          R      mAP50  mAP50-95): 100% ━━━━━━━━━━━━ 26/26 1.6it/s 16.7s
      Epoch    GPU_mem   box_loss   cls_loss   dfl_loss  Instances       Size
