
$ /workspace/project-expertise/.venv/bin/python /workspace/project-expertise/scripts/train_baseline_new763.py --arch rfdetr_l --data /workspace/SawitMVC-Depth-YOLO --project /workspace/project-expertise/runs_new763 --name rfdetr_l_rgb_s42_i1280 --epochs 20 --patience 5 --imgsz 1280 --batch 4 --grad-accum 4 --seed 42
/workspace/project-expertise/.venv/lib/python3.12/site-packages/rfdetr/models/weights.py:258: FutureWarning: target=True is deprecated since `v0.8`; use `TargetMode.ARGS_REMAP` instead. Will be removed in `v1.0`.
  @deprecated(target=True, args_mapping={"train_config": None}, deprecated_in="1.7.0", remove_in="1.9.0", num_warns=-1)
[2026-08-21 19:04:35] [INFO] rf-detr - File /root/.roboflow/models/rf-detr-large-2026.pth already exists with correct MD5 hash.
[2026-08-21 19:04:35] [WARNING] rf-detr - Using a different number of positional encodings than DINOv2, which means we're not loading DINOv2 backbone weights. This is not a problem if finetuning a pretrained RF-DETR model.
[2026-08-21 19:04:35] [WARNING] rf-detr - Using patch size 16 instead of 14, which means we're not loading DINOv2 backbone weights. This is not a problem if finetuning a pretrained RF-DETR model.

$ /workspace/project-expertise/.venv/bin/python /workspace/project-expertise/scripts/train_baseline_new763.py --arch rfdetr_l --data /workspace/SawitMVC-Depth-YOLO-RGB --project /workspace/project-expertise/runs_new763 --name rfdetr_l_rgb_s42_i1280 --epochs 20 --patience 5 --imgsz 1280 --batch 4 --grad-accum 4 --seed 42
/workspace/project-expertise/.venv/lib/python3.12/site-packages/rfdetr/models/weights.py:258: FutureWarning: target=True is deprecated since `v0.8`; use `TargetMode.ARGS_REMAP` instead. Will be removed in `v1.0`.
  @deprecated(target=True, args_mapping={"train_config": None}, deprecated_in="1.7.0", remove_in="1.9.0", num_warns=-1)
[2026-08-22 00:56:37] [INFO] rf-detr - File /root/.roboflow/models/rf-detr-large-2026.pth already exists with correct MD5 hash.
[2026-08-22 00:56:37] [WARNING] rf-detr - Using a different number of positional encodings than DINOv2, which means we're not loading DINOv2 backbone weights. This is not a problem if finetuning a pretrained RF-DETR model.
[2026-08-22 00:56:37] [WARNING] rf-detr - Using patch size 16 instead of 14, which means we're not loading DINOv2 backbone weights. This is not a problem if finetuning a pretrained RF-DETR model.
[2026-08-22 00:56:58] [INFO] rf-detr - File /root/.roboflow/models/rf-detr-large-2026.pth already exists with correct MD5 hash.
[2026-08-22 00:56:59] [WARNING] rf-detr - load_pretrain_weights: checkpoint lacks args.num_queries / args.group_detr; falling back to flat slice. With group_detr=13 this may scramble per-group query structure if the checkpoint was trained with group_detr > 1.
[2026-08-22 00:57:08] [WARNING] rf-detr - Pretrained weights at '/root/.roboflow/models/rf-detr-large-2026.pth' loaded only partially — this typically produces lower accuracy. 1 model parameter(s) not in checkpoint (left at random init): [_kp_active_mask]. Check that the model configuration (encoder, hidden_dim, out_feature_indexes, projector_scale, ...) matches the architecture the checkpoint was trained with.
[2026-08-22 00:57:11] [WARNING] rf-detr - Using a different number of positional encodings than DINOv2, which means we're not loading DINOv2 backbone weights. This is not a problem if finetuning a pretrained RF-DETR model.
[2026-08-22 00:57:11] [WARNING] rf-detr - Using patch size 16 instead of 14, which means we're not loading DINOv2 backbone weights. This is not a problem if finetuning a pretrained RF-DETR model.
[2026-08-22 00:57:32] [INFO] rf-detr - File /root/.roboflow/models/rf-detr-large-2026.pth already exists with correct MD5 hash.
[2026-08-22 00:57:32] [WARNING] rf-detr - Checkpoint has 90 classes but model is configured for 4. The detection head will be re-initialized to 4 classes.
[2026-08-22 00:57:32] [WARNING] rf-detr - load_pretrain_weights: checkpoint lacks args.num_queries / args.group_detr; falling back to flat slice. With group_detr=13 this may scramble per-group query structure if the checkpoint was trained with group_detr > 1.
[2026-08-22 00:57:41] [WARNING] rf-detr - Pretrained weights at '/root/.roboflow/models/rf-detr-large-2026.pth' loaded only partially — this typically produces lower accuracy. 1 model parameter(s) not in checkpoint (left at random init): [_kp_active_mask]. Check that the model configuration (encoder, hidden_dim, out_feature_indexes, projector_scale, ...) matches the architecture the checkpoint was trained with.
/workspace/project-expertise/.venv/lib/python3.12/site-packages/lightning_fabric/plugins/environments/slurm.py:204: The `srun` command is available on your system but is not used. HINT: If your intention is to run Lightning on SLURM, prepend your python command with `srun` like so: srun python /workspace/project-expertise/scripts/train_baseline_ ...
Using bfloat16 Automatic Mixed Precision (AMP)
GPU available: True (cuda), used: True
TPU available: False, using: 0 TPU cores
💡 Tip: For seamless cloud logging and experiment tracking, try installing [litlogger](https://pypi.org/project/litlogger/) to enable LitLogger, which logs metrics and artifacts automatically to the Lightning Experiments platform.
[2026-08-22 00:57:41] [INFO] rf-detr - Built 1 Albumentations transforms from config
[2026-08-22 00:57:41] [INFO] rf-detr - Built 1 Albumentations transforms from config
creating index...
index created!
[2026-08-22 00:57:42] [INFO] rf-detr - Built 1 Albumentations transforms from config
creating index...
index created!
LOCAL_RANK: 0 - CUDA_VISIBLE_DEVICES: [0]
Loading `train_dataloader` to estimate number of stepping batches.
/workspace/project-expertise/.venv/lib/python3.12/site-packages/pytorch_lightning/utilities/model_summary/model_summary.py:242: Precision bf16-mixed is not supported by the model summary.  Estimated model size in MB will not be accurate. Using 32 bits instead.
┏━━━┳━━━━━━━━━━━━━┳━━━━━━━━━━━━━━┳━━━━━━━━┳━━━━━━━┳━━━━━━━┓
┃   ┃ Name        ┃ Type         ┃ Params ┃ Mode  ┃ FLOPs ┃
┡━━━╇━━━━━━━━━━━━━╇━━━━━━━━━━━━━━╇━━━━━━━━╇━━━━━━━╇━━━━━━━┩
│ 0 │ model       │ LWDETR       │ 35.3 M │ train │     0 │
│ 1 │ criterion   │ SetCriterion │      0 │ train │     0 │
│ 2 │ postprocess │ PostProcess  │      0 │ train │     0 │
└───┴─────────────┴──────────────┴────────┴───────┴───────┘
Trainable params: 35.3 M                                                                                                                                                                                  
Non-trainable params: 0                                                                                                                                                                                   
Total params: 35.3 M                                                                                                                                                                                      
Total estimated model params size (MB): 141.352                                                                                                                                                           
Modules in train mode: 483                                                                                                                                                                                
Modules in eval mode: 0                                                                                                                                                                                   
Total FLOPs: 0                                                                                                                                                                                            
Seed set to 42

Sanity Checking: |          | 0/? [00:00<?, ?it/s]
Sanity Checking: |          | 0/? [00:00<?, ?it/s]
Sanity Checking DataLoader 0:   0%|          | 0/2 [00:00<?, ?it/s]
Sanity Checking DataLoader 0: 100%|██████████| 2/2 [00:07<00:00,  0.28it/s]               Val (Epoch 1/20) — Overall Metrics               
┏━━━━━━━━━━━━━━━━━━━━━━━━━━┳━━━━━━━━┳━━━━━━━━━━━━━━━━━━━━━━━━━━┓
┃           mAP            ┃  mAR   ┃         F1 sweep         ┃
┡━━━━━━━━┯━━━━━━━━┯━━━━━━━━╇━━━━━━━━╇━━━━━━━━┯━━━━━━━━┯━━━━━━━━┩
│ 50:95  │   50   │   75   │  @500  │   F1   │  Prec  │ Recall │
├────────┼────────┼────────┼────────┼────────┼────────┼────────┤
│ 0.0000 │ 0.0001 │ 0.0000 │ 0.0150 │ 0.0004 │ 0.0002 │ 0.0500 │
└────────┴────────┴────────┴────────┴────────┴────────┴────────┘
           Val (Epoch 1/20) — Per-class Metrics            
┏━━━━━━━┳━━━━━━━━━━┳━━━━━━━━┳━━━━━━━━┳━━━━━━━━━━━┳━━━━━━━━┓
┃ Class ┃ AP 50:95 ┃     AR ┃     F1 ┃ Precision ┃ Recall ┃
┡━━━━━━━╇━━━━━━━━━━╇━━━━━━━━╇━━━━━━━━╇━━━━━━━━━━━╇━━━━━━━━┩
│ B1    │   0.0000 │ 0.0000 │ 0.0000 │    0.0000 │ 0.0000 │
│ B2    │   0.0001 │ 0.0600 │ 0.0017 │    0.0009 │ 0.2000 │
│ B3    │   0.0000 │ 0.0000 │ 0.0000 │    0.0000 │ 0.0000 │
│ B4    │   0.0000 │ 0.0000 │ 0.0000 │    0.0000 │ 0.0000 │
└───────┴──────────┴────────┴────────┴───────────┴────────┘

                                                                           
[2026-08-22 00:58:06] [INFO] rf-detr - Best EMA mAP improved to 0.0000 (epoch 0)

Training: |          | 0/? [00:00<?, ?it/s]
Training: |          | 0/? [00:00<?, ?it/s]

Validation: |          | 0/? [00:00<?, ?it/s]

Validation: |          | 0/? [00:00<?, ?it/s]

Validation DataLoader 0:   0%|          | 0/117 [00:00<?, ?it/s]

Validation DataLoader 0:   4%|▍         | 5/117 [00:01<00:41,  2.73it/s]

Validation DataLoader 0:   9%|▊         | 10/117 [00:03<00:38,  2.78it/s]

Validation DataLoader 0:  13%|█▎        | 15/117 [00:05<00:38,  2.63it/s]

Validation DataLoader 0:  17%|█▋        | 20/117 [00:07<00:35,  2.76it/s]

Validation DataLoader 0:  21%|██▏       | 25/117 [00:08<00:32,  2.84it/s]

Validation DataLoader 0:  26%|██▌       | 30/117 [00:10<00:29,  2.90it/s]

Validation DataLoader 0:  30%|██▉       | 35/117 [00:11<00:27,  2.95it/s]

Validation DataLoader 0:  34%|███▍      | 40/117 [00:13<00:25,  2.97it/s]

Validation DataLoader 0:  38%|███▊      | 45/117 [00:15<00:24,  2.97it/s]

Validation DataLoader 0:  43%|████▎     | 50/117 [00:17<00:22,  2.94it/s]

Validation DataLoader 0:  47%|████▋     | 55/117 [00:18<00:21,  2.93it/s]

Validation DataLoader 0:  51%|█████▏    | 60/117 [00:20<00:19,  2.87it/s]

Validation DataLoader 0:  56%|█████▌    | 65/117 [00:22<00:18,  2.85it/s]

Validation DataLoader 0:  60%|█████▉    | 70/117 [00:24<00:16,  2.85it/s]

Validation DataLoader 0:  64%|██████▍   | 75/117 [00:26<00:14,  2.84it/s]

Validation DataLoader 0:  68%|██████▊   | 80/117 [00:28<00:13,  2.85it/s]

Validation DataLoader 0:  73%|███████▎  | 85/117 [00:29<00:11,  2.86it/s]

Validation DataLoader 0:  77%|███████▋  | 90/117 [00:31<00:09,  2.86it/s]

Validation DataLoader 0:  81%|████████  | 95/117 [00:33<00:07,  2.85it/s]

Validation DataLoader 0:  85%|████████▌ | 100/117 [00:35<00:05,  2.84it/s]

Validation DataLoader 0:  90%|████████▉ | 105/117 [00:37<00:04,  2.83it/s]

Validation DataLoader 0:  94%|█████████▍| 110/117 [00:38<00:02,  2.83it/s]

Validation DataLoader 0:  98%|█████████▊| 115/117 [00:40<00:00,  2.82it/s]

Validation DataLoader 0: 100%|██████████| 117/117 [00:41<00:00,  2.83it/s]               Val (Epoch 1/20) — Overall Metrics               
┏━━━━━━━━━━━━━━━━━━━━━━━━━━┳━━━━━━━━┳━━━━━━━━━━━━━━━━━━━━━━━━━━┓
┃           mAP            ┃  mAR   ┃         F1 sweep         ┃
┡━━━━━━━━┯━━━━━━━━┯━━━━━━━━╇━━━━━━━━╇━━━━━━━━┯━━━━━━━━┯━━━━━━━━┩
│ 50:95  │   50   │   75   │  @500  │   F1   │  Prec  │ Recall │
├────────┼────────┼────────┼────────┼────────┼────────┼────────┤
│ 0.0728 │ 0.2312 │ 0.0238 │ 0.4616 │ 0.2279 │ 0.2244 │ 0.2470 │
└────────┴────────┴────────┴────────┴────────┴────────┴────────┘
           Val (Epoch 1/20) — Per-class Metrics            
┏━━━━━━━┳━━━━━━━━━━┳━━━━━━━━┳━━━━━━━━┳━━━━━━━━━━━┳━━━━━━━━┓
┃ Class ┃ AP 50:95 ┃     AR ┃     F1 ┃ Precision ┃ Recall ┃
┡━━━━━━━╇━━━━━━━━━━╇━━━━━━━━╇━━━━━━━━╇━━━━━━━━━━━╇━━━━━━━━┩
│ B1    │   0.0348 │ 0.4396 │ 0.0000 │    0.0000 │ 0.0000 │
│ B2    │   0.1053 │ 0.5270 │ 0.4204 │    0.3406 │ 0.5492 │
│ B3    │   0.1340 │ 0.4948 │ 0.4911 │    0.5572 │ 0.4390 │
│ B4    │   0.0170 │ 0.3848 │ 0.0000 │    0.0000 │ 0.0000 │
└───────┴──────────┴────────┴────────┴───────────┴────────┘


                                                                          
[2026-08-22 01:17:45] [INFO] rf-detr - Best regular checkpoint saved to /workspace/project-expertise/runs_new763/rfdetr_l_rgb_s42_i1280/checkpoint_best_regular.pth (epoch 0, monitor=val/mAP_50_95, value=0.072759)
[2026-08-22 01:17:46] [INFO] rf-detr - Best EMA mAP improved to 0.0833 (epoch 0)


Validation: |          | 0/? [00:00<?, ?it/s]

Validation: |          | 0/? [00:00<?, ?it/s]

Validation DataLoader 0:   0%|          | 0/117 [00:00<?, ?it/s]

Validation DataLoader 0:   4%|▍         | 5/117 [00:01<00:43,  2.58it/s]

Validation DataLoader 0:   9%|▊         | 10/117 [00:03<00:39,  2.71it/s]

Validation DataLoader 0:  13%|█▎        | 15/117 [00:05<00:38,  2.64it/s]

Validation DataLoader 0:  17%|█▋        | 20/117 [00:07<00:36,  2.68it/s]

Validation DataLoader 0:  21%|██▏       | 25/117 [00:09<00:33,  2.74it/s]

Validation DataLoader 0:  26%|██▌       | 30/117 [00:10<00:31,  2.77it/s]

Validation DataLoader 0:  30%|██▉       | 35/117 [00:12<00:29,  2.78it/s]

Validation DataLoader 0:  34%|███▍      | 40/117 [00:14<00:27,  2.80it/s]

Validation DataLoader 0:  38%|███▊      | 45/117 [00:16<00:25,  2.79it/s]

Validation DataLoader 0:  43%|████▎     | 50/117 [00:17<00:24,  2.78it/s]

Validation DataLoader 0:  47%|████▋     | 55/117 [00:19<00:22,  2.78it/s]

Validation DataLoader 0:  51%|█████▏    | 60/117 [00:21<00:20,  2.76it/s]

Validation DataLoader 0:  56%|█████▌    | 65/117 [00:23<00:18,  2.76it/s]

Validation DataLoader 0:  60%|█████▉    | 70/117 [00:25<00:17,  2.76it/s]

Validation DataLoader 0:  64%|██████▍   | 75/117 [00:27<00:15,  2.76it/s]

Validation DataLoader 0:  68%|██████▊   | 80/117 [00:28<00:13,  2.77it/s]

Validation DataLoader 0:  73%|███████▎  | 85/117 [00:30<00:11,  2.77it/s]

Validation DataLoader 0:  77%|███████▋  | 90/117 [00:32<00:09,  2.76it/s]

Validation DataLoader 0:  81%|████████  | 95/117 [00:34<00:07,  2.76it/s]

Validation DataLoader 0:  85%|████████▌ | 100/117 [00:36<00:06,  2.77it/s]

Validation DataLoader 0:  90%|████████▉ | 105/117 [00:37<00:04,  2.77it/s]

Validation DataLoader 0:  94%|█████████▍| 110/117 [00:39<00:02,  2.79it/s]

Validation DataLoader 0:  98%|█████████▊| 115/117 [00:41<00:00,  2.78it/s]

Validation DataLoader 0: 100%|██████████| 117/117 [00:41<00:00,  2.79it/s]               Val (Epoch 2/20) — Overall Metrics               
┏━━━━━━━━━━━━━━━━━━━━━━━━━━┳━━━━━━━━┳━━━━━━━━━━━━━━━━━━━━━━━━━━┓
┃           mAP            ┃  mAR   ┃         F1 sweep         ┃
┡━━━━━━━━┯━━━━━━━━┯━━━━━━━━╇━━━━━━━━╇━━━━━━━━┯━━━━━━━━┯━━━━━━━━┩
│ 50:95  │   50   │   75   │  @500  │   F1   │  Prec  │ Recall │
├────────┼────────┼────────┼────────┼────────┼────────┼────────┤
│ 0.1654 │ 0.4559 │ 0.0760 │ 0.4835 │ 0.4388 │ 0.5673 │ 0.4523 │
└────────┴────────┴────────┴────────┴────────┴────────┴────────┘
           Val (Epoch 2/20) — Per-class Metrics            
┏━━━━━━━┳━━━━━━━━━━┳━━━━━━━━┳━━━━━━━━┳━━━━━━━━━━━┳━━━━━━━━┓
┃ Class ┃ AP 50:95 ┃     AR ┃     F1 ┃ Precision ┃ Recall ┃
┡━━━━━━━╇━━━━━━━━━━╇━━━━━━━━╇━━━━━━━━╇━━━━━━━━━━━╇━━━━━━━━┩
│ B1    │   0.2307 │ 0.5089 │ 0.5814 │    0.5714 │ 0.5917 │
│ B2    │   0.1943 │ 0.5048 │ 0.5341 │    0.4337 │ 0.6952 │
│ B3    │   0.1892 │ 0.4660 │ 0.5550 │    0.6640 │ 0.4767 │
│ B4    │   0.0473 │ 0.4545 │ 0.0845 │    0.6000 │ 0.0455 │
└───────┴──────────┴────────┴────────┴───────────┴────────┘


                                                                          
[2026-08-22 01:36:06] [INFO] rf-detr - Best regular checkpoint saved to /workspace/project-expertise/runs_new763/rfdetr_l_rgb_s42_i1280/checkpoint_best_regular.pth (epoch 1, monitor=val/mAP_50_95, value=0.165364)
[2026-08-22 01:36:07] [INFO] rf-detr - Best EMA mAP improved to 0.1713 (epoch 1)


Validation: |          | 0/? [00:00<?, ?it/s]

Validation: |          | 0/? [00:00<?, ?it/s]

Validation DataLoader 0:   0%|          | 0/117 [00:00<?, ?it/s]

Validation DataLoader 0:   4%|▍         | 5/117 [00:01<00:42,  2.62it/s]

Validation DataLoader 0:   9%|▊         | 10/117 [00:03<00:39,  2.73it/s]

Validation DataLoader 0:  13%|█▎        | 15/117 [00:05<00:38,  2.63it/s]

Validation DataLoader 0:  17%|█▋        | 20/117 [00:07<00:35,  2.72it/s]

Validation DataLoader 0:  21%|██▏       | 25/117 [00:08<00:33,  2.78it/s]

Validation DataLoader 0:  26%|██▌       | 30/117 [00:10<00:30,  2.84it/s]

Validation DataLoader 0:  30%|██▉       | 35/117 [00:12<00:28,  2.85it/s]

Validation DataLoader 0:  34%|███▍      | 40/117 [00:13<00:26,  2.87it/s]

Validation DataLoader 0:  38%|███▊      | 45/117 [00:15<00:25,  2.88it/s]

Validation DataLoader 0:  43%|████▎     | 50/117 [00:17<00:23,  2.85it/s]

Validation DataLoader 0:  47%|████▋     | 55/117 [00:19<00:21,  2.83it/s]

Validation DataLoader 0:  51%|█████▏    | 60/117 [00:21<00:20,  2.79it/s]

Validation DataLoader 0:  56%|█████▌    | 65/117 [00:23<00:18,  2.76it/s]

Validation DataLoader 0:  60%|█████▉    | 70/117 [00:25<00:16,  2.77it/s]

Validation DataLoader 0:  64%|██████▍   | 75/117 [00:27<00:15,  2.76it/s]

Validation DataLoader 0:  68%|██████▊   | 80/117 [00:28<00:13,  2.78it/s]

Validation DataLoader 0:  73%|███████▎  | 85/117 [00:30<00:11,  2.78it/s]

Validation DataLoader 0:  77%|███████▋  | 90/117 [00:32<00:09,  2.79it/s]

Validation DataLoader 0:  81%|████████  | 95/117 [00:34<00:07,  2.78it/s]

Validation DataLoader 0:  85%|████████▌ | 100/117 [00:35<00:06,  2.78it/s]

Validation DataLoader 0:  90%|████████▉ | 105/117 [00:37<00:04,  2.77it/s]

Validation DataLoader 0:  94%|█████████▍| 110/117 [00:39<00:02,  2.77it/s]

Validation DataLoader 0:  98%|█████████▊| 115/117 [00:41<00:00,  2.76it/s]

Validation DataLoader 0: 100%|██████████| 117/117 [00:42<00:00,  2.76it/s]               Val (Epoch 3/20) — Overall Metrics               
┏━━━━━━━━━━━━━━━━━━━━━━━━━━┳━━━━━━━━┳━━━━━━━━━━━━━━━━━━━━━━━━━━┓
┃           mAP            ┃  mAR   ┃         F1 sweep         ┃
┡━━━━━━━━┯━━━━━━━━┯━━━━━━━━╇━━━━━━━━╇━━━━━━━━┯━━━━━━━━┯━━━━━━━━┩
│ 50:95  │   50   │   75   │  @500  │   F1   │  Prec  │ Recall │
├────────┼────────┼────────┼────────┼────────┼────────┼────────┤
│ 0.1736 │ 0.5016 │ 0.0562 │ 0.4623 │ 0.5001 │ 0.5082 │ 0.5589 │
└────────┴────────┴────────┴────────┴────────┴────────┴────────┘
           Val (Epoch 3/20) — Per-class Metrics            
┏━━━━━━━┳━━━━━━━━━━┳━━━━━━━━┳━━━━━━━━┳━━━━━━━━━━━┳━━━━━━━━┓
┃ Class ┃ AP 50:95 ┃     AR ┃     F1 ┃ Precision ┃ Recall ┃
┡━━━━━━━╇━━━━━━━━━━╇━━━━━━━━╇━━━━━━━━╇━━━━━━━━━━━╇━━━━━━━━┩
│ B1    │   0.2419 │ 0.4846 │ 0.6645 │    0.7305 │ 0.6095 │
│ B2    │   0.1963 │ 0.5013 │ 0.5524 │    0.4332 │ 0.7619 │
│ B3    │   0.1845 │ 0.4392 │ 0.5442 │    0.4461 │ 0.6977 │
│ B4    │   0.0718 │ 0.4242 │ 0.2391 │    0.4231 │ 0.1667 │
└───────┴──────────┴────────┴────────┴───────────┴────────┘


                                                                          
[2026-08-22 01:55:18] [INFO] rf-detr - Best regular checkpoint saved to /workspace/project-expertise/runs_new763/rfdetr_l_rgb_s42_i1280/checkpoint_best_regular.pth (epoch 2, monitor=val/mAP_50_95, value=0.173626)
[2026-08-22 01:55:19] [INFO] rf-detr - Best EMA mAP improved to 0.1925 (epoch 2)


Validation: |          | 0/? [00:00<?, ?it/s]

Validation: |          | 0/? [00:00<?, ?it/s]

Validation DataLoader 0:   0%|          | 0/117 [00:00<?, ?it/s]

Validation DataLoader 0:   4%|▍         | 5/117 [00:02<00:45,  2.45it/s]

Validation DataLoader 0:   9%|▊         | 10/117 [00:03<00:40,  2.62it/s]

Validation DataLoader 0:  13%|█▎        | 15/117 [00:05<00:39,  2.60it/s]

Validation DataLoader 0:  17%|█▋        | 20/117 [00:07<00:36,  2.67it/s]

Validation DataLoader 0:  21%|██▏       | 25/117 [00:09<00:33,  2.72it/s]

Validation DataLoader 0:  26%|██▌       | 30/117 [00:10<00:31,  2.76it/s]

Validation DataLoader 0:  30%|██▉       | 35/117 [00:13<00:31,  2.63it/s]

Validation DataLoader 0:  34%|███▍      | 40/117 [00:14<00:28,  2.68it/s]

Validation DataLoader 0:  38%|███▊      | 45/117 [00:16<00:26,  2.70it/s]

Validation DataLoader 0:  43%|████▎     | 50/117 [00:18<00:24,  2.70it/s]

Validation DataLoader 0:  47%|████▋     | 55/117 [00:20<00:22,  2.72it/s]

Validation DataLoader 0:  51%|█████▏    | 60/117 [00:22<00:21,  2.71it/s]

Validation DataLoader 0:  56%|█████▌    | 65/117 [00:24<00:19,  2.70it/s]

Validation DataLoader 0:  60%|█████▉    | 70/117 [00:25<00:17,  2.71it/s]

Validation DataLoader 0:  64%|██████▍   | 75/117 [00:27<00:15,  2.69it/s]

Validation DataLoader 0:  68%|██████▊   | 80/117 [00:29<00:13,  2.71it/s]

Validation DataLoader 0:  73%|███████▎  | 85/117 [00:31<00:11,  2.71it/s]

Validation DataLoader 0:  77%|███████▋  | 90/117 [00:33<00:09,  2.71it/s]

Validation DataLoader 0:  81%|████████  | 95/117 [00:34<00:08,  2.72it/s]

Validation DataLoader 0:  85%|████████▌ | 100/117 [00:36<00:06,  2.73it/s]

Validation DataLoader 0:  90%|████████▉ | 105/117 [00:38<00:04,  2.72it/s]

Validation DataLoader 0:  94%|█████████▍| 110/117 [00:40<00:02,  2.73it/s]

Validation DataLoader 0:  98%|█████████▊| 115/117 [00:42<00:00,  2.73it/s]

Validation DataLoader 0: 100%|██████████| 117/117 [00:42<00:00,  2.74it/s]               Val (Epoch 4/20) — Overall Metrics               
┏━━━━━━━━━━━━━━━━━━━━━━━━━━┳━━━━━━━━┳━━━━━━━━━━━━━━━━━━━━━━━━━━┓
┃           mAP            ┃  mAR   ┃         F1 sweep         ┃
┡━━━━━━━━┯━━━━━━━━┯━━━━━━━━╇━━━━━━━━╇━━━━━━━━┯━━━━━━━━┯━━━━━━━━┩
│ 50:95  │   50   │   75   │  @500  │   F1   │  Prec  │ Recall │
├────────┼────────┼────────┼────────┼────────┼────────┼────────┤
│ 0.2063 │ 0.5453 │ 0.0936 │ 0.5062 │ 0.5367 │ 0.6200 │ 0.4991 │
└────────┴────────┴────────┴────────┴────────┴────────┴────────┘
           Val (Epoch 4/20) — Per-class Metrics            
┏━━━━━━━┳━━━━━━━━━━┳━━━━━━━━┳━━━━━━━━┳━━━━━━━━━━━┳━━━━━━━━┓
┃ Class ┃ AP 50:95 ┃     AR ┃     F1 ┃ Precision ┃ Recall ┃
┡━━━━━━━╇━━━━━━━━━━╇━━━━━━━━╇━━━━━━━━╇━━━━━━━━━━━╇━━━━━━━━┩
│ B1    │   0.2649 │ 0.5107 │ 0.6523 │    0.8273 │ 0.5385 │
│ B2    │   0.2427 │ 0.5317 │ 0.5854 │    0.5023 │ 0.7016 │
│ B3    │   0.2368 │ 0.5020 │ 0.6149 │    0.7339 │ 0.5291 │
│ B4    │   0.0807 │ 0.4803 │ 0.2941 │    0.4167 │ 0.2273 │
└───────┴──────────┴────────┴────────┴───────────┴────────┘


                                                                          
[2026-08-22 02:15:40] [INFO] rf-detr - Best regular checkpoint saved to /workspace/project-expertise/runs_new763/rfdetr_l_rgb_s42_i1280/checkpoint_best_regular.pth (epoch 3, monitor=val/mAP_50_95, value=0.206271)
[2026-08-22 02:15:41] [INFO] rf-detr - Best EMA mAP improved to 0.2035 (epoch 3)


Validation: |          | 0/? [00:00<?, ?it/s]

Validation: |          | 0/? [00:00<?, ?it/s]

Validation DataLoader 0:   0%|          | 0/117 [00:00<?, ?it/s]

Validation DataLoader 0:   4%|▍         | 5/117 [00:05<01:52,  0.99it/s]

Validation DataLoader 0:   9%|▊         | 10/117 [00:10<01:47,  0.99it/s]

Validation DataLoader 0:  13%|█▎        | 15/117 [00:16<01:50,  0.92it/s]

Validation DataLoader 0:  17%|█▋        | 20/117 [00:20<01:41,  0.95it/s]

Validation DataLoader 0:  21%|██▏       | 25/117 [00:25<01:32,  0.99it/s]

Validation DataLoader 0:  26%|██▌       | 30/117 [00:27<01:20,  1.07it/s]

Validation DataLoader 0:  30%|██▉       | 35/117 [00:31<01:13,  1.11it/s]

Validation DataLoader 0:  34%|███▍      | 40/117 [00:34<01:07,  1.15it/s]

Validation DataLoader 0:  38%|███▊      | 45/117 [00:37<01:00,  1.19it/s]

Validation DataLoader 0:  43%|████▎     | 50/117 [00:40<00:53,  1.25it/s]

Validation DataLoader 0:  47%|████▋     | 55/117 [00:45<00:50,  1.22it/s]

Validation DataLoader 0:  51%|█████▏    | 60/117 [00:51<00:48,  1.17it/s]

Validation DataLoader 0:  56%|█████▌    | 65/117 [00:57<00:45,  1.14it/s]

Validation DataLoader 0:  60%|█████▉    | 70/117 [01:02<00:41,  1.13it/s]

Validation DataLoader 0:  64%|██████▍   | 75/117 [01:07<00:37,  1.11it/s]

Validation DataLoader 0:  68%|██████▊   | 80/117 [01:11<00:33,  1.11it/s]

Validation DataLoader 0:  73%|███████▎  | 85/117 [01:16<00:28,  1.11it/s]

Validation DataLoader 0:  77%|███████▋  | 90/117 [01:21<00:24,  1.10it/s]

Validation DataLoader 0:  81%|████████  | 95/117 [01:26<00:20,  1.09it/s]

Validation DataLoader 0:  85%|████████▌ | 100/117 [01:32<00:15,  1.09it/s]

Validation DataLoader 0:  90%|████████▉ | 105/117 [01:38<00:11,  1.07it/s]

Validation DataLoader 0:  94%|█████████▍| 110/117 [01:43<00:06,  1.06it/s]

Validation DataLoader 0:  98%|█████████▊| 115/117 [01:50<00:01,  1.04it/s]

Validation DataLoader 0: 100%|██████████| 117/117 [01:52<00:00,  1.04it/s]               Val (Epoch 5/20) — Overall Metrics               
┏━━━━━━━━━━━━━━━━━━━━━━━━━━┳━━━━━━━━┳━━━━━━━━━━━━━━━━━━━━━━━━━━┓
┃           mAP            ┃  mAR   ┃         F1 sweep         ┃
┡━━━━━━━━┯━━━━━━━━┯━━━━━━━━╇━━━━━━━━╇━━━━━━━━┯━━━━━━━━┯━━━━━━━━┩
│ 50:95  │   50   │   75   │  @500  │   F1   │  Prec  │ Recall │
├────────┼────────┼────────┼────────┼────────┼────────┼────────┤
│ 0.1690 │ 0.4923 │ 0.0619 │ 0.4624 │ 0.4870 │ 0.4772 │ 0.5147 │
└────────┴────────┴────────┴────────┴────────┴────────┴────────┘
           Val (Epoch 5/20) — Per-class Metrics            
┏━━━━━━━┳━━━━━━━━━━┳━━━━━━━━┳━━━━━━━━┳━━━━━━━━━━━┳━━━━━━━━┓
┃ Class ┃ AP 50:95 ┃     AR ┃     F1 ┃ Precision ┃ Recall ┃
┡━━━━━━━╇━━━━━━━━━━╇━━━━━━━━╇━━━━━━━━╇━━━━━━━━━━━╇━━━━━━━━┩
│ B1    │   0.2429 │ 0.4935 │ 0.6141 │    0.5678 │ 0.6686 │
│ B2    │   0.2011 │ 0.4943 │ 0.5387 │    0.6047 │ 0.4857 │
│ B3    │   0.1731 │ 0.4390 │ 0.5431 │    0.4533 │ 0.6773 │
│ B4    │   0.0587 │ 0.4227 │ 0.2521 │    0.2830 │ 0.2273 │
└───────┴──────────┴────────┴────────┴───────────┴────────┘


                                                                          
[2026-08-22 02:38:47] [INFO] rf-detr - Best EMA mAP improved to 0.2120 (epoch 4)


Validation: |          | 0/? [00:00<?, ?it/s]

Validation: |          | 0/? [00:00<?, ?it/s]

Validation DataLoader 0:   0%|          | 0/117 [00:00<?, ?it/s]

Validation DataLoader 0:   4%|▍         | 5/117 [00:05<02:00,  0.93it/s]

Validation DataLoader 0:   9%|▊         | 10/117 [00:10<01:50,  0.97it/s]

Validation DataLoader 0:  13%|█▎        | 15/117 [00:16<01:51,  0.92it/s]

Validation DataLoader 0:  17%|█▋        | 20/117 [00:20<01:40,  0.97it/s]

Validation DataLoader 0:  21%|██▏       | 25/117 [00:25<01:32,  1.00it/s]

Validation DataLoader 0:  26%|██▌       | 30/117 [00:29<01:25,  1.02it/s]

Validation DataLoader 0:  30%|██▉       | 35/117 [00:34<01:19,  1.03it/s]

Validation DataLoader 0:  34%|███▍      | 40/117 [00:38<01:13,  1.04it/s]

Validation DataLoader 0:  38%|███▊      | 45/117 [00:43<01:09,  1.04it/s]

Validation DataLoader 0:  43%|████▎     | 50/117 [00:48<01:05,  1.02it/s]

Validation DataLoader 0:  47%|████▋     | 55/117 [00:54<01:01,  1.01it/s]

Validation DataLoader 0:  51%|█████▏    | 60/117 [01:01<00:58,  0.98it/s]

Validation DataLoader 0:  56%|█████▌    | 65/117 [01:06<00:53,  0.97it/s]

Validation DataLoader 0:  60%|█████▉    | 70/117 [01:12<00:48,  0.97it/s]

Validation DataLoader 0:  64%|██████▍   | 75/117 [01:17<00:43,  0.96it/s]

Validation DataLoader 0:  68%|██████▊   | 80/117 [01:21<00:37,  0.99it/s]

Validation DataLoader 0:  73%|███████▎  | 85/117 [01:24<00:31,  1.00it/s]

Validation DataLoader 0:  77%|███████▋  | 90/117 [01:28<00:26,  1.01it/s]

Validation DataLoader 0:  81%|████████  | 95/117 [01:32<00:21,  1.03it/s]

Validation DataLoader 0:  85%|████████▌ | 100/117 [01:34<00:16,  1.06it/s]

Validation DataLoader 0:  90%|████████▉ | 105/117 [01:41<00:11,  1.04it/s]

Validation DataLoader 0:  94%|█████████▍| 110/117 [01:47<00:06,  1.03it/s]

Validation DataLoader 0:  98%|█████████▊| 115/117 [01:54<00:01,  1.01it/s]

Validation DataLoader 0: 100%|██████████| 117/117 [01:56<00:00,  1.01it/s]               Val (Epoch 6/20) — Overall Metrics               
┏━━━━━━━━━━━━━━━━━━━━━━━━━━┳━━━━━━━━┳━━━━━━━━━━━━━━━━━━━━━━━━━━┓
┃           mAP            ┃  mAR   ┃         F1 sweep         ┃
┡━━━━━━━━┯━━━━━━━━┯━━━━━━━━╇━━━━━━━━╇━━━━━━━━┯━━━━━━━━┯━━━━━━━━┩
│ 50:95  │   50   │   75   │  @500  │   F1   │  Prec  │ Recall │
├────────┼────────┼────────┼────────┼────────┼────────┼────────┤
│ 0.1968 │ 0.5533 │ 0.0772 │ 0.4866 │ 0.5631 │ 0.5745 │ 0.5795 │
└────────┴────────┴────────┴────────┴────────┴────────┴────────┘
           Val (Epoch 6/20) — Per-class Metrics            
┏━━━━━━━┳━━━━━━━━━━┳━━━━━━━━┳━━━━━━━━┳━━━━━━━━━━━┳━━━━━━━━┓
┃ Class ┃ AP 50:95 ┃     AR ┃     F1 ┃ Precision ┃ Recall ┃
┡━━━━━━━╇━━━━━━━━━━╇━━━━━━━━╇━━━━━━━━╇━━━━━━━━━━━╇━━━━━━━━┩
│ B1    │   0.2620 │ 0.5077 │ 0.7152 │    0.7687 │ 0.6686 │
│ B2    │   0.2336 │ 0.5086 │ 0.6222 │    0.5630 │ 0.6952 │
│ B3    │   0.2205 │ 0.4860 │ 0.6180 │    0.5376 │ 0.7267 │
│ B4    │   0.0711 │ 0.4439 │ 0.2970 │    0.4286 │ 0.2273 │
└───────┴──────────┴────────┴────────┴───────────┴────────┘


                                                                          
[2026-08-22 03:02:00] [INFO] rf-detr - Best EMA mAP improved to 0.2150 (epoch 5)


Validation: |          | 0/? [00:00<?, ?it/s]

Validation: |          | 0/? [00:00<?, ?it/s]

Validation DataLoader 0:   0%|          | 0/117 [00:00<?, ?it/s]

Validation DataLoader 0:   4%|▍         | 5/117 [00:01<00:41,  2.69it/s]

Validation DataLoader 0:   9%|▊         | 10/117 [00:03<00:39,  2.69it/s]

Validation DataLoader 0:  13%|█▎        | 15/117 [00:05<00:39,  2.59it/s]

Validation DataLoader 0:  17%|█▋        | 20/117 [00:07<00:36,  2.67it/s]

Validation DataLoader 0:  21%|██▏       | 25/117 [00:09<00:33,  2.72it/s]

Validation DataLoader 0:  26%|██▌       | 30/117 [00:10<00:31,  2.78it/s]

Validation DataLoader 0:  30%|██▉       | 35/117 [00:12<00:29,  2.79it/s]

Validation DataLoader 0:  34%|███▍      | 40/117 [00:14<00:27,  2.80it/s]

Validation DataLoader 0:  38%|███▊      | 45/117 [00:16<00:25,  2.80it/s]

Validation DataLoader 0:  43%|████▎     | 50/117 [00:18<00:24,  2.76it/s]

Validation DataLoader 0:  47%|████▋     | 55/117 [00:19<00:22,  2.76it/s]

Validation DataLoader 0:  51%|█████▏    | 60/117 [00:22<00:20,  2.72it/s]

Validation DataLoader 0:  56%|█████▌    | 65/117 [00:24<00:19,  2.69it/s]

Validation DataLoader 0:  60%|█████▉    | 70/117 [00:25<00:17,  2.70it/s]

Validation DataLoader 0:  64%|██████▍   | 75/117 [00:27<00:15,  2.69it/s]

Validation DataLoader 0:  68%|██████▊   | 80/117 [00:29<00:13,  2.69it/s]

Validation DataLoader 0:  73%|███████▎  | 85/117 [00:31<00:11,  2.69it/s]

Validation DataLoader 0:  77%|███████▋  | 90/117 [00:33<00:10,  2.68it/s]

Validation DataLoader 0:  81%|████████  | 95/117 [00:35<00:08,  2.68it/s]

Validation DataLoader 0:  85%|████████▌ | 100/117 [00:37<00:06,  2.68it/s]

Validation DataLoader 0:  90%|████████▉ | 105/117 [00:39<00:04,  2.67it/s]

Validation DataLoader 0:  94%|█████████▍| 110/117 [00:41<00:02,  2.67it/s]

Validation DataLoader 0:  98%|█████████▊| 115/117 [00:43<00:00,  2.66it/s]

Validation DataLoader 0: 100%|██████████| 117/117 [00:43<00:00,  2.66it/s]               Val (Epoch 7/20) — Overall Metrics               
┏━━━━━━━━━━━━━━━━━━━━━━━━━━┳━━━━━━━━┳━━━━━━━━━━━━━━━━━━━━━━━━━━┓
┃           mAP            ┃  mAR   ┃         F1 sweep         ┃
┡━━━━━━━━┯━━━━━━━━┯━━━━━━━━╇━━━━━━━━╇━━━━━━━━┯━━━━━━━━┯━━━━━━━━┩
│ 50:95  │   50   │   75   │  @500  │   F1   │  Prec  │ Recall │
├────────┼────────┼────────┼────────┼────────┼────────┼────────┤
│ 0.1877 │ 0.5587 │ 0.0635 │ 0.4621 │ 0.5646 │ 0.6720 │ 0.4908 │
└────────┴────────┴────────┴────────┴────────┴────────┴────────┘
           Val (Epoch 7/20) — Per-class Metrics            
┏━━━━━━━┳━━━━━━━━━━┳━━━━━━━━┳━━━━━━━━┳━━━━━━━━━━━┳━━━━━━━━┓
┃ Class ┃ AP 50:95 ┃     AR ┃     F1 ┃ Precision ┃ Recall ┃
┡━━━━━━━╇━━━━━━━━━━╇━━━━━━━━╇━━━━━━━━╇━━━━━━━━━━━╇━━━━━━━━┩
│ B1    │   0.2468 │ 0.4675 │ 0.7063 │    0.7985 │ 0.6331 │
│ B2    │   0.2158 │ 0.4708 │ 0.5935 │    0.6455 │ 0.5492 │
│ B3    │   0.2103 │ 0.4570 │ 0.6316 │    0.7965 │ 0.5233 │
│ B4    │   0.0780 │ 0.4530 │ 0.3269 │    0.4474 │ 0.2576 │
└───────┴──────────┴────────┴────────┴───────────┴────────┘


                                                                          
[2026-08-22 03:24:29] [INFO] rf-detr - Best EMA mAP improved to 0.2180 (epoch 6)


Validation: |          | 0/? [00:00<?, ?it/s]

Validation: |          | 0/? [00:00<?, ?it/s]

Validation DataLoader 0:   0%|          | 0/117 [00:00<?, ?it/s]

Validation DataLoader 0:   4%|▍         | 5/117 [00:02<00:48,  2.33it/s]

Validation DataLoader 0:   9%|▊         | 10/117 [00:03<00:41,  2.55it/s]

Validation DataLoader 0:  13%|█▎        | 15/117 [00:05<00:40,  2.51it/s]

Validation DataLoader 0:  17%|█▋        | 20/117 [00:07<00:37,  2.62it/s]

Validation DataLoader 0:  21%|██▏       | 25/117 [00:09<00:34,  2.70it/s]

Validation DataLoader 0:  26%|██▌       | 30/117 [00:10<00:31,  2.76it/s]

Validation DataLoader 0:  30%|██▉       | 35/117 [00:12<00:29,  2.79it/s]

Validation DataLoader 0:  34%|███▍      | 40/117 [00:14<00:27,  2.81it/s]

Validation DataLoader 0:  38%|███▊      | 45/117 [00:15<00:25,  2.83it/s]

Validation DataLoader 0:  43%|████▎     | 50/117 [00:17<00:23,  2.80it/s]

Validation DataLoader 0:  47%|████▋     | 55/117 [00:19<00:22,  2.81it/s]

Validation DataLoader 0:  51%|█████▏    | 60/117 [00:21<00:20,  2.76it/s]

Validation DataLoader 0:  56%|█████▌    | 65/117 [00:23<00:18,  2.74it/s]

Validation DataLoader 0:  60%|█████▉    | 70/117 [00:25<00:17,  2.74it/s]

Validation DataLoader 0:  64%|██████▍   | 75/117 [00:27<00:15,  2.73it/s]

Validation DataLoader 0:  68%|██████▊   | 80/117 [00:29<00:13,  2.75it/s]

Validation DataLoader 0:  73%|███████▎  | 85/117 [00:30<00:11,  2.76it/s]

Validation DataLoader 0:  77%|███████▋  | 90/117 [00:32<00:09,  2.76it/s]

Validation DataLoader 0:  81%|████████  | 95/117 [00:34<00:07,  2.77it/s]

Validation DataLoader 0:  85%|████████▌ | 100/117 [00:36<00:06,  2.77it/s]

Validation DataLoader 0:  90%|████████▉ | 105/117 [00:38<00:04,  2.76it/s]

Validation DataLoader 0:  94%|█████████▍| 110/117 [00:39<00:02,  2.76it/s]

Validation DataLoader 0:  98%|█████████▊| 115/117 [00:41<00:00,  2.75it/s]

Validation DataLoader 0: 100%|██████████| 117/117 [00:42<00:00,  2.75it/s]               Val (Epoch 8/20) — Overall Metrics               
┏━━━━━━━━━━━━━━━━━━━━━━━━━━┳━━━━━━━━┳━━━━━━━━━━━━━━━━━━━━━━━━━━┓
┃           mAP            ┃  mAR   ┃         F1 sweep         ┃
┡━━━━━━━━┯━━━━━━━━┯━━━━━━━━╇━━━━━━━━╇━━━━━━━━┯━━━━━━━━┯━━━━━━━━┩
│ 50:95  │   50   │   75   │  @500  │   F1   │  Prec  │ Recall │
├────────┼────────┼────────┼────────┼────────┼────────┼────────┤
│ 0.2121 │ 0.5975 │ 0.0771 │ 0.4655 │ 0.6042 │ 0.6226 │ 0.5966 │
└────────┴────────┴────────┴────────┴────────┴────────┴────────┘
           Val (Epoch 8/20) — Per-class Metrics            
┏━━━━━━━┳━━━━━━━━━━┳━━━━━━━━┳━━━━━━━━┳━━━━━━━━━━━┳━━━━━━━━┓
┃ Class ┃ AP 50:95 ┃     AR ┃     F1 ┃ Precision ┃ Recall ┃
┡━━━━━━━╇━━━━━━━━━━╇━━━━━━━━╇━━━━━━━━╇━━━━━━━━━━━╇━━━━━━━━┩
│ B1    │   0.2605 │ 0.4923 │ 0.6935 │    0.7273 │ 0.6627 │
│ B2    │   0.2406 │ 0.4997 │ 0.6442 │    0.5783 │ 0.7270 │
│ B3    │   0.2451 │ 0.4471 │ 0.6758 │    0.7057 │ 0.6483 │
│ B4    │   0.1023 │ 0.4227 │ 0.4035 │    0.4792 │ 0.3485 │
└───────┴──────────┴────────┴────────┴───────────┴────────┘


                                                                          
[2026-08-22 03:43:05] [INFO] rf-detr - Best regular checkpoint saved to /workspace/project-expertise/runs_new763/rfdetr_l_rgb_s42_i1280/checkpoint_best_regular.pth (epoch 7, monitor=val/mAP_50_95, value=0.212102)
[2026-08-22 03:43:05] [INFO] rf-detr - Best EMA mAP improved to 0.2231 (epoch 7)


Validation: |          | 0/? [00:00<?, ?it/s]

Validation: |          | 0/? [00:00<?, ?it/s]

Validation DataLoader 0:   0%|          | 0/117 [00:00<?, ?it/s]

Validation DataLoader 0:   4%|▍         | 5/117 [00:01<00:41,  2.70it/s]

Validation DataLoader 0:   9%|▊         | 10/117 [00:03<00:38,  2.75it/s]

Validation DataLoader 0:  13%|█▎        | 15/117 [00:05<00:39,  2.61it/s]

Validation DataLoader 0:  17%|█▋        | 20/117 [00:07<00:36,  2.69it/s]

Validation DataLoader 0:  21%|██▏       | 25/117 [00:09<00:33,  2.77it/s]

Validation DataLoader 0:  26%|██▌       | 30/117 [00:10<00:30,  2.83it/s]

Validation DataLoader 0:  30%|██▉       | 35/117 [00:12<00:28,  2.85it/s]

Validation DataLoader 0:  34%|███▍      | 40/117 [00:13<00:26,  2.87it/s]

Validation DataLoader 0:  38%|███▊      | 45/117 [00:15<00:25,  2.88it/s]

Validation DataLoader 0:  43%|████▎     | 50/117 [00:17<00:23,  2.84it/s]

Validation DataLoader 0:  47%|████▋     | 55/117 [00:19<00:21,  2.83it/s]

Validation DataLoader 0:  51%|█████▏    | 60/117 [00:21<00:20,  2.78it/s]

Validation DataLoader 0:  56%|█████▌    | 65/117 [00:23<00:18,  2.75it/s]

Validation DataLoader 0:  60%|█████▉    | 70/117 [00:25<00:17,  2.76it/s]

Validation DataLoader 0:  64%|██████▍   | 75/117 [00:27<00:15,  2.74it/s]

Validation DataLoader 0:  68%|██████▊   | 80/117 [00:29<00:13,  2.75it/s]

Validation DataLoader 0:  73%|███████▎  | 85/117 [00:30<00:11,  2.76it/s]

Validation DataLoader 0:  77%|███████▋  | 90/117 [00:32<00:09,  2.75it/s]

Validation DataLoader 0:  81%|████████  | 95/117 [00:34<00:08,  2.75it/s]

Validation DataLoader 0:  85%|████████▌ | 100/117 [00:36<00:06,  2.74it/s]

Validation DataLoader 0:  90%|████████▉ | 105/117 [00:38<00:04,  2.73it/s]

Validation DataLoader 0:  94%|█████████▍| 110/117 [00:40<00:02,  2.73it/s]

Validation DataLoader 0:  98%|█████████▊| 115/117 [00:42<00:00,  2.72it/s]

Validation DataLoader 0: 100%|██████████| 117/117 [00:43<00:00,  2.72it/s]               Val (Epoch 9/20) — Overall Metrics               
┏━━━━━━━━━━━━━━━━━━━━━━━━━━┳━━━━━━━━┳━━━━━━━━━━━━━━━━━━━━━━━━━━┓
┃           mAP            ┃  mAR   ┃         F1 sweep         ┃
┡━━━━━━━━┯━━━━━━━━┯━━━━━━━━╇━━━━━━━━╇━━━━━━━━┯━━━━━━━━┯━━━━━━━━┩
│ 50:95  │   50   │   75   │  @500  │   F1   │  Prec  │ Recall │
├────────┼────────┼────────┼────────┼────────┼────────┼────────┤
│ 0.2063 │ 0.5815 │ 0.0869 │ 0.4695 │ 0.5706 │ 0.5555 │ 0.6214 │
└────────┴────────┴────────┴────────┴────────┴────────┴────────┘
           Val (Epoch 9/20) — Per-class Metrics            
┏━━━━━━━┳━━━━━━━━━━┳━━━━━━━━┳━━━━━━━━┳━━━━━━━━━━━┳━━━━━━━━┓
┃ Class ┃ AP 50:95 ┃     AR ┃     F1 ┃ Precision ┃ Recall ┃
┡━━━━━━━╇━━━━━━━━━━╇━━━━━━━━╇━━━━━━━━╇━━━━━━━━━━━╇━━━━━━━━┩
│ B1    │   0.2561 │ 0.4728 │ 0.6469 │    0.5941 │ 0.7101 │
│ B2    │   0.2261 │ 0.4949 │ 0.6415 │    0.5574 │ 0.7556 │
│ B3    │   0.2363 │ 0.4605 │ 0.6377 │    0.5563 │ 0.7471 │
│ B4    │   0.1068 │ 0.4500 │ 0.3564 │    0.5143 │ 0.2727 │
└───────┴──────────┴────────┴────────┴───────────┴────────┘


                                                                          
[2026-08-22 04:02:52] [INFO] rf-detr - Best EMA mAP improved to 0.2247 (epoch 8)


Validation: |          | 0/? [00:00<?, ?it/s]

Validation: |          | 0/? [00:00<?, ?it/s]

Validation DataLoader 0:   0%|          | 0/117 [00:00<?, ?it/s]

Validation DataLoader 0:   4%|▍         | 5/117 [00:01<00:41,  2.67it/s]

Validation DataLoader 0:   9%|▊         | 10/117 [00:03<00:39,  2.72it/s]

Validation DataLoader 0:  13%|█▎        | 15/117 [00:05<00:39,  2.60it/s]

Validation DataLoader 0:  17%|█▋        | 20/117 [00:07<00:36,  2.63it/s]

Validation DataLoader 0:  21%|██▏       | 25/117 [00:09<00:34,  2.69it/s]

Validation DataLoader 0:  26%|██▌       | 30/117 [00:10<00:31,  2.74it/s]

Validation DataLoader 0:  30%|██▉       | 35/117 [00:12<00:29,  2.77it/s]

Validation DataLoader 0:  34%|███▍      | 40/117 [00:14<00:27,  2.79it/s]

Validation DataLoader 0:  38%|███▊      | 45/117 [00:16<00:25,  2.80it/s]

Validation DataLoader 0:  43%|████▎     | 50/117 [00:18<00:24,  2.76it/s]

Validation DataLoader 0:  47%|████▋     | 55/117 [00:20<00:22,  2.73it/s]

Validation DataLoader 0:  51%|█████▏    | 60/117 [00:22<00:21,  2.69it/s]

Validation DataLoader 0:  56%|█████▌    | 65/117 [00:24<00:19,  2.68it/s]

Validation DataLoader 0:  60%|█████▉    | 70/117 [00:26<00:17,  2.68it/s]

Validation DataLoader 0:  64%|██████▍   | 75/117 [00:28<00:15,  2.67it/s]

Validation DataLoader 0:  68%|██████▊   | 80/117 [00:29<00:13,  2.69it/s]

Validation DataLoader 0:  73%|███████▎  | 85/117 [00:31<00:11,  2.69it/s]

Validation DataLoader 0:  77%|███████▋  | 90/117 [00:33<00:10,  2.69it/s]

Validation DataLoader 0:  81%|████████  | 95/117 [00:35<00:08,  2.69it/s]

Validation DataLoader 0:  85%|████████▌ | 100/117 [00:37<00:06,  2.69it/s]

Validation DataLoader 0:  90%|████████▉ | 105/117 [00:39<00:04,  2.69it/s]

Validation DataLoader 0:  94%|█████████▍| 110/117 [00:40<00:02,  2.69it/s]

Validation DataLoader 0:  98%|█████████▊| 115/117 [00:42<00:00,  2.69it/s]

Validation DataLoader 0: 100%|██████████| 117/117 [00:43<00:00,  2.69it/s]              Val (Epoch 10/20) — Overall Metrics               
┏━━━━━━━━━━━━━━━━━━━━━━━━━━┳━━━━━━━━┳━━━━━━━━━━━━━━━━━━━━━━━━━━┓
┃           mAP            ┃  mAR   ┃         F1 sweep         ┃
┡━━━━━━━━┯━━━━━━━━┯━━━━━━━━╇━━━━━━━━╇━━━━━━━━┯━━━━━━━━┯━━━━━━━━┩
│ 50:95  │   50   │   75   │  @500  │   F1   │  Prec  │ Recall │
├────────┼────────┼────────┼────────┼────────┼────────┼────────┤
│ 0.2089 │ 0.5722 │ 0.0886 │ 0.4903 │ 0.5728 │ 0.6004 │ 0.5595 │
└────────┴────────┴────────┴────────┴────────┴────────┴────────┘
           Val (Epoch 10/20) — Per-class Metrics           
┏━━━━━━━┳━━━━━━━━━━┳━━━━━━━━┳━━━━━━━━┳━━━━━━━━━━━┳━━━━━━━━┓
┃ Class ┃ AP 50:95 ┃     AR ┃     F1 ┃ Precision ┃ Recall ┃
┡━━━━━━━╇━━━━━━━━━━╇━━━━━━━━╇━━━━━━━━╇━━━━━━━━━━━╇━━━━━━━━┩
│ B1    │   0.2753 │ 0.5142 │ 0.6611 │    0.6277 │ 0.6982 │
│ B2    │   0.2222 │ 0.5317 │ 0.6206 │    0.6012 │ 0.6413 │
│ B3    │   0.2278 │ 0.4669 │ 0.6512 │    0.6977 │ 0.6105 │
│ B4    │   0.1104 │ 0.4485 │ 0.3585 │    0.4750 │ 0.2879 │
└───────┴──────────┴────────┴────────┴───────────┴────────┘


                                                                          
[2026-08-22 04:22:03] [INFO] rf-detr - Best EMA mAP improved to 0.2273 (epoch 9)


Validation: |          | 0/? [00:00<?, ?it/s]

Validation: |          | 0/? [00:00<?, ?it/s]

Validation DataLoader 0:   0%|          | 0/117 [00:00<?, ?it/s]

Validation DataLoader 0:   4%|▍         | 5/117 [00:04<01:34,  1.18it/s]

Validation DataLoader 0:   9%|▊         | 10/117 [00:08<01:33,  1.14it/s]

Validation DataLoader 0:  13%|█▎        | 15/117 [00:14<01:35,  1.07it/s]

Validation DataLoader 0:  17%|█▋        | 20/117 [00:17<01:27,  1.11it/s]

Validation DataLoader 0:  21%|██▏       | 25/117 [00:21<01:19,  1.16it/s]

Validation DataLoader 0:  26%|██▌       | 30/117 [00:25<01:13,  1.19it/s]

Validation DataLoader 0:  30%|██▉       | 35/117 [00:29<01:08,  1.20it/s]

Validation DataLoader 0:  34%|███▍      | 40/117 [00:33<01:04,  1.20it/s]

Validation DataLoader 0:  38%|███▊      | 45/117 [00:37<00:59,  1.20it/s]

Validation DataLoader 0:  43%|████▎     | 50/117 [00:42<00:56,  1.18it/s]

Validation DataLoader 0:  47%|████▋     | 55/117 [00:47<00:53,  1.16it/s]

Validation DataLoader 0:  51%|█████▏    | 60/117 [00:53<00:50,  1.13it/s]

Validation DataLoader 0:  56%|█████▌    | 65/117 [00:57<00:46,  1.12it/s]

Validation DataLoader 0:  60%|█████▉    | 70/117 [01:02<00:41,  1.12it/s]

Validation DataLoader 0:  64%|██████▍   | 75/117 [01:07<00:37,  1.11it/s]

Validation DataLoader 0:  68%|██████▊   | 80/117 [01:11<00:33,  1.12it/s]

Validation DataLoader 0:  73%|███████▎  | 85/117 [01:16<00:28,  1.11it/s]

Validation DataLoader 0:  77%|███████▋  | 90/117 [01:21<00:24,  1.11it/s]

Validation DataLoader 0:  81%|████████  | 95/117 [01:25<00:19,  1.11it/s]

Validation DataLoader 0:  85%|████████▌ | 100/117 [01:30<00:15,  1.11it/s]

Validation DataLoader 0:  90%|████████▉ | 105/117 [01:35<00:10,  1.10it/s]

Validation DataLoader 0:  94%|█████████▍| 110/117 [01:40<00:06,  1.09it/s]

Validation DataLoader 0:  98%|█████████▊| 115/117 [01:46<00:01,  1.08it/s]

Validation DataLoader 0: 100%|██████████| 117/117 [01:48<00:00,  1.08it/s]              Val (Epoch 11/20) — Overall Metrics               
┏━━━━━━━━━━━━━━━━━━━━━━━━━━┳━━━━━━━━┳━━━━━━━━━━━━━━━━━━━━━━━━━━┓
┃           mAP            ┃  mAR   ┃         F1 sweep         ┃
┡━━━━━━━━┯━━━━━━━━┯━━━━━━━━╇━━━━━━━━╇━━━━━━━━┯━━━━━━━━┯━━━━━━━━┩
│ 50:95  │   50   │   75   │  @500  │   F1   │  Prec  │ Recall │
├────────┼────────┼────────┼────────┼────────┼────────┼────────┤
│ 0.2132 │ 0.5655 │ 0.0983 │ 0.4847 │ 0.5791 │ 0.5712 │ 0.5945 │
└────────┴────────┴────────┴────────┴────────┴────────┴────────┘
           Val (Epoch 11/20) — Per-class Metrics           
┏━━━━━━━┳━━━━━━━━━━┳━━━━━━━━┳━━━━━━━━┳━━━━━━━━━━━┳━━━━━━━━┓
┃ Class ┃ AP 50:95 ┃     AR ┃     F1 ┃ Precision ┃ Recall ┃
┡━━━━━━━╇━━━━━━━━━━╇━━━━━━━━╇━━━━━━━━╇━━━━━━━━━━━╇━━━━━━━━┩
│ B1    │   0.2857 │ 0.5112 │ 0.7003 │    0.7500 │ 0.6568 │
│ B2    │   0.2464 │ 0.5324 │ 0.6374 │    0.5617 │ 0.7365 │
│ B3    │   0.2225 │ 0.4465 │ 0.6428 │    0.6346 │ 0.6512 │
│ B4    │   0.0981 │ 0.4485 │ 0.3359 │    0.3385 │ 0.3333 │
└───────┴──────────┴────────┴────────┴───────────┴────────┘


                                                                          


Validation: |          | 0/? [00:00<?, ?it/s]

Validation: |          | 0/? [00:00<?, ?it/s]

Validation DataLoader 0:   0%|          | 0/117 [00:00<?, ?it/s]

Validation DataLoader 0:   4%|▍         | 5/117 [00:04<01:48,  1.03it/s]

Validation DataLoader 0:   9%|▊         | 10/117 [00:09<01:43,  1.03it/s]

Validation DataLoader 0:  13%|█▎        | 15/117 [00:15<01:44,  0.97it/s]

Validation DataLoader 0:  17%|█▋        | 20/117 [00:19<01:33,  1.03it/s]

Validation DataLoader 0:  21%|██▏       | 25/117 [00:23<01:25,  1.07it/s]

Validation DataLoader 0:  26%|██▌       | 30/117 [00:27<01:19,  1.09it/s]

Validation DataLoader 0:  30%|██▉       | 35/117 [00:31<01:13,  1.11it/s]

Validation DataLoader 0:  34%|███▍      | 40/117 [00:35<01:08,  1.13it/s]

Validation DataLoader 0:  38%|███▊      | 45/117 [00:39<01:03,  1.13it/s]

Validation DataLoader 0:  43%|████▎     | 50/117 [00:44<00:59,  1.12it/s]

Validation DataLoader 0:  47%|████▋     | 55/117 [00:49<00:55,  1.11it/s]

Validation DataLoader 0:  51%|█████▏    | 60/117 [00:55<00:52,  1.08it/s]

Validation DataLoader 0:  56%|█████▌    | 65/117 [01:00<00:48,  1.07it/s]

Validation DataLoader 0:  60%|█████▉    | 70/117 [01:05<00:44,  1.07it/s]

Validation DataLoader 0:  64%|██████▍   | 75/117 [01:10<00:39,  1.06it/s]

Validation DataLoader 0:  68%|██████▊   | 80/117 [01:15<00:34,  1.07it/s]

Validation DataLoader 0:  73%|███████▎  | 85/117 [01:20<00:30,  1.06it/s]

Validation DataLoader 0:  77%|███████▋  | 90/117 [01:25<00:25,  1.05it/s]

Validation DataLoader 0:  81%|████████  | 95/117 [01:30<00:20,  1.05it/s]

Validation DataLoader 0:  85%|████████▌ | 100/117 [01:35<00:16,  1.05it/s]

Validation DataLoader 0:  90%|████████▉ | 105/117 [01:40<00:11,  1.04it/s]

Validation DataLoader 0:  94%|█████████▍| 110/117 [01:46<00:06,  1.04it/s]

Validation DataLoader 0:  98%|█████████▊| 115/117 [01:52<00:01,  1.03it/s]

Validation DataLoader 0: 100%|██████████| 117/117 [01:53<00:00,  1.03it/s]              Val (Epoch 12/20) — Overall Metrics               
┏━━━━━━━━━━━━━━━━━━━━━━━━━━┳━━━━━━━━┳━━━━━━━━━━━━━━━━━━━━━━━━━━┓
┃           mAP            ┃  mAR   ┃         F1 sweep         ┃
┡━━━━━━━━┯━━━━━━━━┯━━━━━━━━╇━━━━━━━━╇━━━━━━━━┯━━━━━━━━┯━━━━━━━━┩
│ 50:95  │   50   │   75   │  @500  │   F1   │  Prec  │ Recall │
├────────┼────────┼────────┼────────┼────────┼────────┼────────┤
│ 0.2210 │ 0.5840 │ 0.1026 │ 0.4800 │ 0.5877 │ 0.6639 │ 0.5395 │
└────────┴────────┴────────┴────────┴────────┴────────┴────────┘
           Val (Epoch 12/20) — Per-class Metrics           
┏━━━━━━━┳━━━━━━━━━━┳━━━━━━━━┳━━━━━━━━┳━━━━━━━━━━━┳━━━━━━━━┓
┃ Class ┃ AP 50:95 ┃     AR ┃     F1 ┃ Precision ┃ Recall ┃
┡━━━━━━━╇━━━━━━━━━━╇━━━━━━━━╇━━━━━━━━╇━━━━━━━━━━━╇━━━━━━━━┩
│ B1    │   0.2897 │ 0.5107 │ 0.6947 │    0.8534 │ 0.5858 │
│ B2    │   0.2445 │ 0.5181 │ 0.6388 │    0.6242 │ 0.6540 │
│ B3    │   0.2385 │ 0.4398 │ 0.6677 │    0.6916 │ 0.6453 │
│ B4    │   0.1113 │ 0.4515 │ 0.3495 │    0.4865 │ 0.2727 │
└───────┴──────────┴────────┴────────┴───────────┴────────┘


                                                                          


Validation: |          | 0/? [00:00<?, ?it/s]

Validation: |          | 0/? [00:00<?, ?it/s]

Validation DataLoader 0:   0%|          | 0/117 [00:00<?, ?it/s]

Validation DataLoader 0:   4%|▍         | 5/117 [00:04<01:30,  1.24it/s]

Validation DataLoader 0:   9%|▊         | 10/117 [00:08<01:27,  1.22it/s]

Validation DataLoader 0:  13%|█▎        | 15/117 [00:12<01:27,  1.16it/s]

Validation DataLoader 0:  17%|█▋        | 20/117 [00:16<01:20,  1.20it/s]

Validation DataLoader 0:  21%|██▏       | 25/117 [00:20<01:14,  1.24it/s]

Validation DataLoader 0:  26%|██▌       | 30/117 [00:23<01:08,  1.27it/s]

Validation DataLoader 0:  30%|██▉       | 35/117 [00:27<01:03,  1.28it/s]

Validation DataLoader 0:  34%|███▍      | 40/117 [00:30<00:59,  1.30it/s]

Validation DataLoader 0:  38%|███▊      | 45/117 [00:34<00:54,  1.31it/s]

Validation DataLoader 0:  43%|████▎     | 50/117 [00:38<00:51,  1.30it/s]

Validation DataLoader 0:  47%|████▋     | 55/117 [00:42<00:48,  1.29it/s]

Validation DataLoader 0:  51%|█████▏    | 60/117 [00:47<00:44,  1.27it/s]

Validation DataLoader 0:  56%|█████▌    | 65/117 [00:51<00:41,  1.27it/s]

Validation DataLoader 0:  60%|█████▉    | 70/117 [00:55<00:37,  1.27it/s]

Validation DataLoader 0:  64%|██████▍   | 75/117 [00:59<00:33,  1.26it/s]

Validation DataLoader 0:  68%|██████▊   | 80/117 [01:03<00:29,  1.27it/s]

Validation DataLoader 0:  73%|███████▎  | 85/117 [01:07<00:25,  1.26it/s]

Validation DataLoader 0:  77%|███████▋  | 90/117 [01:11<00:21,  1.26it/s]

Validation DataLoader 0:  81%|████████  | 95/117 [01:15<00:17,  1.25it/s]

Validation DataLoader 0:  85%|████████▌ | 100/117 [01:19<00:13,  1.25it/s]

Validation DataLoader 0:  90%|████████▉ | 105/117 [01:23<00:09,  1.25it/s]

Validation DataLoader 0:  94%|█████████▍| 110/117 [01:28<00:05,  1.25it/s]

Validation DataLoader 0:  98%|█████████▊| 115/117 [01:32<00:01,  1.25it/s]

Validation DataLoader 0: 100%|██████████| 117/117 [01:33<00:00,  1.25it/s]              Val (Epoch 13/20) — Overall Metrics               
┏━━━━━━━━━━━━━━━━━━━━━━━━━━┳━━━━━━━━┳━━━━━━━━━━━━━━━━━━━━━━━━━━┓
┃           mAP            ┃  mAR   ┃         F1 sweep         ┃
┡━━━━━━━━┯━━━━━━━━┯━━━━━━━━╇━━━━━━━━╇━━━━━━━━┯━━━━━━━━┯━━━━━━━━┩
│ 50:95  │   50   │   75   │  @500  │   F1   │  Prec  │ Recall │
├────────┼────────┼────────┼────────┼────────┼────────┼────────┤
│ 0.2227 │ 0.5869 │ 0.0934 │ 0.4807 │ 0.6073 │ 0.6333 │ 0.5897 │
└────────┴────────┴────────┴────────┴────────┴────────┴────────┘
           Val (Epoch 13/20) — Per-class Metrics           
┏━━━━━━━┳━━━━━━━━━━┳━━━━━━━━┳━━━━━━━━┳━━━━━━━━━━━┳━━━━━━━━┓
┃ Class ┃ AP 50:95 ┃     AR ┃     F1 ┃ Precision ┃ Recall ┃
┡━━━━━━━╇━━━━━━━━━━╇━━━━━━━━╇━━━━━━━━╇━━━━━━━━━━━╇━━━━━━━━┩
│ B1    │   0.2939 │ 0.5112 │ 0.6970 │    0.7143 │ 0.6805 │
│ B2    │   0.2486 │ 0.5168 │ 0.6524 │    0.6276 │ 0.6794 │
│ B3    │   0.2412 │ 0.4491 │ 0.6836 │    0.7025 │ 0.6657 │
│ B4    │   0.1070 │ 0.4455 │ 0.3964 │    0.4889 │ 0.3333 │
└───────┴──────────┴────────┴────────┴───────────┴────────┘


                                                                          


Validation: |          | 0/? [00:00<?, ?it/s]

Validation: |          | 0/? [00:00<?, ?it/s]

Validation DataLoader 0:   0%|          | 0/117 [00:00<?, ?it/s]

Validation DataLoader 0:   4%|▍         | 5/117 [00:04<01:30,  1.24it/s]

Validation DataLoader 0:   9%|▊         | 10/117 [00:08<01:26,  1.23it/s]

Validation DataLoader 0:  13%|█▎        | 15/117 [00:13<01:29,  1.14it/s]

Validation DataLoader 0:  17%|█▋        | 20/117 [00:16<01:22,  1.18it/s]

Validation DataLoader 0:  21%|██▏       | 25/117 [00:20<01:15,  1.21it/s]

Validation DataLoader 0:  26%|██▌       | 30/117 [00:24<01:09,  1.24it/s]

Validation DataLoader 0:  30%|██▉       | 35/117 [00:27<01:04,  1.26it/s]

Validation DataLoader 0:  34%|███▍      | 40/117 [00:31<01:00,  1.27it/s]

Validation DataLoader 0:  38%|███▊      | 45/117 [00:34<00:54,  1.32it/s]

Validation DataLoader 0:  43%|████▎     | 50/117 [00:38<00:51,  1.31it/s]

Validation DataLoader 0:  47%|████▋     | 55/117 [00:41<00:47,  1.31it/s]

Validation DataLoader 0:  51%|█████▏    | 60/117 [00:46<00:43,  1.30it/s]

Validation DataLoader 0:  56%|█████▌    | 65/117 [00:49<00:39,  1.31it/s]

Validation DataLoader 0:  60%|█████▉    | 70/117 [00:51<00:34,  1.35it/s]

Validation DataLoader 0:  64%|██████▍   | 75/117 [00:56<00:31,  1.33it/s]

Validation DataLoader 0:  68%|██████▊   | 80/117 [01:00<00:27,  1.33it/s]

Validation DataLoader 0:  73%|███████▎  | 85/117 [01:04<00:24,  1.32it/s]

Validation DataLoader 0:  77%|███████▋  | 90/117 [01:08<00:20,  1.31it/s]

Validation DataLoader 0:  81%|████████  | 95/117 [01:13<00:16,  1.30it/s]

Validation DataLoader 0:  85%|████████▌ | 100/117 [01:17<00:13,  1.29it/s]

Validation DataLoader 0:  90%|████████▉ | 105/117 [01:21<00:09,  1.28it/s]

Validation DataLoader 0:  94%|█████████▍| 110/117 [01:26<00:05,  1.28it/s]

Validation DataLoader 0:  98%|█████████▊| 115/117 [01:31<00:01,  1.26it/s]

Validation DataLoader 0: 100%|██████████| 117/117 [01:32<00:00,  1.26it/s]              Val (Epoch 14/20) — Overall Metrics               
┏━━━━━━━━━━━━━━━━━━━━━━━━━━┳━━━━━━━━┳━━━━━━━━━━━━━━━━━━━━━━━━━━┓
┃           mAP            ┃  mAR   ┃         F1 sweep         ┃
┡━━━━━━━━┯━━━━━━━━┯━━━━━━━━╇━━━━━━━━╇━━━━━━━━┯━━━━━━━━┯━━━━━━━━┩
│ 50:95  │   50   │   75   │  @500  │   F1   │  Prec  │ Recall │
├────────┼────────┼────────┼────────┼────────┼────────┼────────┤
│ 0.2168 │ 0.5779 │ 0.0980 │ 0.4749 │ 0.5781 │ 0.5690 │ 0.5893 │
└────────┴────────┴────────┴────────┴────────┴────────┴────────┘
           Val (Epoch 14/20) — Per-class Metrics           
┏━━━━━━━┳━━━━━━━━━━┳━━━━━━━━┳━━━━━━━━┳━━━━━━━━━━━┳━━━━━━━━┓
┃ Class ┃ AP 50:95 ┃     AR ┃     F1 ┃ Precision ┃ Recall ┃
┡━━━━━━━╇━━━━━━━━━━╇━━━━━━━━╇━━━━━━━━╇━━━━━━━━━━━╇━━━━━━━━┩
│ B1    │   0.2878 │ 0.5130 │ 0.6685 │    0.6364 │ 0.7041 │
│ B2    │   0.2415 │ 0.5133 │ 0.6352 │    0.6293 │ 0.6413 │
│ B3    │   0.2357 │ 0.4459 │ 0.6707 │    0.6947 │ 0.6483 │
│ B4    │   0.1022 │ 0.4273 │ 0.3380 │    0.3158 │ 0.3636 │
└───────┴──────────┴────────┴────────┴───────────┴────────┘


                                                                          

Validation: |          | 0/? [00:00<?, ?it/s]

Validation: |          | 0/? [00:00<?, ?it/s]

Validation DataLoader 0:   0%|          | 0/117 [00:00<?, ?it/s]

Validation DataLoader 0:   4%|▍         | 5/117 [00:04<01:31,  1.23it/s]

Validation DataLoader 0:   9%|▊         | 10/117 [00:08<01:26,  1.24it/s]

Validation DataLoader 0:  13%|█▎        | 15/117 [00:13<01:29,  1.14it/s]

Validation DataLoader 0:  17%|█▋        | 20/117 [00:16<01:21,  1.19it/s]

Validation DataLoader 0:  21%|██▏       | 25/117 [00:20<01:14,  1.23it/s]

Validation DataLoader 0:  26%|██▌       | 30/117 [00:23<01:08,  1.27it/s]

Validation DataLoader 0:  30%|██▉       | 35/117 [00:27<01:03,  1.30it/s]

Validation DataLoader 0:  34%|███▍      | 40/117 [00:30<00:59,  1.30it/s]

Validation DataLoader 0:  38%|███▊      | 45/117 [00:34<00:55,  1.30it/s]

Validation DataLoader 0:  43%|████▎     | 50/117 [00:39<00:52,  1.27it/s]

Validation DataLoader 0:  47%|████▋     | 55/117 [00:43<00:49,  1.26it/s]

Validation DataLoader 0:  51%|█████▏    | 60/117 [00:48<00:46,  1.23it/s]

Validation DataLoader 0:  56%|█████▌    | 65/117 [00:53<00:42,  1.22it/s]

Validation DataLoader 0:  60%|█████▉    | 70/117 [00:57<00:38,  1.22it/s]

Validation DataLoader 0:  64%|██████▍   | 75/117 [01:02<00:34,  1.20it/s]

Validation DataLoader 0:  68%|██████▊   | 80/117 [01:06<00:30,  1.21it/s]

Validation DataLoader 0:  73%|███████▎  | 85/117 [01:10<00:26,  1.20it/s]

Validation DataLoader 0:  77%|███████▋  | 90/117 [01:14<00:22,  1.20it/s]

Validation DataLoader 0:  81%|████████  | 95/117 [01:19<00:18,  1.20it/s]

Validation DataLoader 0:  85%|████████▌ | 100/117 [01:23<00:14,  1.19it/s]

Validation DataLoader 0:  90%|████████▉ | 105/117 [01:28<00:10,  1.19it/s]

Validation DataLoader 0:  94%|█████████▍| 110/117 [01:32<00:05,  1.19it/s]

Validation DataLoader 0:  98%|█████████▊| 115/117 [01:37<00:01,  1.18it/s]

Validation DataLoader 0: 100%|██████████| 117/117 [01:39<00:00,  1.18it/s]              Val (Epoch 15/20) — Overall Metrics               
┏━━━━━━━━━━━━━━━━━━━━━━━━━━┳━━━━━━━━┳━━━━━━━━━━━━━━━━━━━━━━━━━━┓
┃           mAP            ┃  mAR   ┃         F1 sweep         ┃
┡━━━━━━━━┯━━━━━━━━┯━━━━━━━━╇━━━━━━━━╇━━━━━━━━┯━━━━━━━━┯━━━━━━━━┩
│ 50:95  │   50   │   75   │  @500  │   F1   │  Prec  │ Recall │
├────────┼────────┼────────┼────────┼────────┼────────┼────────┤
│ 0.2138 │ 0.5828 │ 0.0921 │ 0.4773 │ 0.5853 │ 0.5770 │ 0.5980 │
└────────┴────────┴────────┴────────┴────────┴────────┴────────┘
           Val (Epoch 15/20) — Per-class Metrics           
┏━━━━━━━┳━━━━━━━━━━┳━━━━━━━━┳━━━━━━━━┳━━━━━━━━━━━┳━━━━━━━━┓
┃ Class ┃ AP 50:95 ┃     AR ┃     F1 ┃ Precision ┃ Recall ┃
┡━━━━━━━╇━━━━━━━━━━╇━━━━━━━━╇━━━━━━━━╇━━━━━━━━━━━╇━━━━━━━━┩
│ B1    │   0.2808 │ 0.4929 │ 0.6571 │    0.6404 │ 0.6746 │
│ B2    │   0.2398 │ 0.5152 │ 0.6450 │    0.6039 │ 0.6921 │
│ B3    │   0.2295 │ 0.4346 │ 0.6695 │    0.6485 │ 0.6919 │
│ B4    │   0.1051 │ 0.4667 │ 0.3697 │    0.4151 │ 0.3333 │
└───────┴──────────┴────────┴────────┴───────────┴────────┘


                                                                          

[2026-08-22 06:18:35] [INFO] rf-detr - Best total checkpoint saved from EMA (regular=0.2227, ema=0.2273)
/workspace/project-expertise/.venv/lib/python3.12/site-packages/rfdetr/models/weights.py:258: FutureWarning: target=True is deprecated since `v0.8`; use `TargetMode.ARGS_REMAP` instead. Will be removed in `v1.0`.
  @deprecated(target=True, args_mapping={"train_config": None}, deprecated_in="1.7.0", remove_in="1.9.0", num_warns=-1)
[2026-08-22 06:24:04] [WARNING] rf-detr - Using a different number of positional encodings than DINOv2, which means we're not loading DINOv2 backbone weights. This is not a problem if finetuning a pretrained RF-DETR model.
[2026-08-22 06:24:04] [WARNING] rf-detr - Using patch size 16 instead of 14, which means we're not loading DINOv2 backbone weights. This is not a problem if finetuning a pretrained RF-DETR model.
[2026-08-22 06:24:23] [WARNING] rf-detr - Checkpoint has 4 classes but model is configured for 90. Using checkpoint class count (4). Pass num_classes=4 to suppress this warning.
[2026-08-22 06:24:23] [WARNING] rf-detr - load_pretrain_weights: args.num_queries absent; inferred ckpt_num_queries=300 from tensor rows 3900 ÷ ckpt_group_detr=13.
[2026-08-22 06:24:31] [WARNING] rf-detr - Model is not optimized for inference. Latency may be higher than expected. For full GPU throughput (e.g. ~8x on T4 via FP16 Tensor Cores), call model.optimize_for_inference(dtype=torch.float16).
creating index...
index created!
Loading and preparing results...
DONE (t=2.18s)
creating index...
index created!
Running per image evaluation...
Evaluate annotation type *bbox*
DONE (t=6.14s).
Accumulating evaluation results...
DONE (t=2.27s).
 Average Precision  (AP) @[ IoU=0.50:0.95 | area=   all | maxDets=100 ] = 0.227
 Average Precision  (AP) @[ IoU=0.50      | area=   all | maxDets=100 ] = 0.608
 Average Precision  (AP) @[ IoU=0.75      | area=   all | maxDets=100 ] = 0.102
 Average Precision  (AP) @[ IoU=0.50:0.95 | area= small | maxDets=100 ] = -1.000
 Average Precision  (AP) @[ IoU=0.50:0.95 | area=medium | maxDets=100 ] = 0.086
 Average Precision  (AP) @[ IoU=0.50:0.95 | area= large | maxDets=100 ] = 0.235
 Average Recall     (AR) @[ IoU=0.50:0.95 | area=   all | maxDets=  1 ] = 0.251
 Average Recall     (AR) @[ IoU=0.50:0.95 | area=   all | maxDets= 10 ] = 0.426
 Average Recall     (AR) @[ IoU=0.50:0.95 | area=   all | maxDets=100 ] = 0.483
 Average Recall     (AR) @[ IoU=0.50:0.95 | area= small | maxDets=100 ] = -1.000
 Average Recall     (AR) @[ IoU=0.50:0.95 | area=medium | maxDets=100 ] = 0.391
 Average Recall     (AR) @[ IoU=0.50:0.95 | area= large | maxDets=100 ] = 0.487
rfdetr_l_rgb_s42_i1280 val: mAP50=0.608233 mAP50-95=0.227471
creating index...
index created!
Loading and preparing results...
DONE (t=1.27s)
creating index...
index created!
Running per image evaluation...
Evaluate annotation type *bbox*
DONE (t=6.00s).
Accumulating evaluation results...
DONE (t=2.01s).
 Average Precision  (AP) @[ IoU=0.50:0.95 | area=   all | maxDets=100 ] = 0.233
 Average Precision  (AP) @[ IoU=0.50      | area=   all | maxDets=100 ] = 0.613
 Average Precision  (AP) @[ IoU=0.75      | area=   all | maxDets=100 ] = 0.109
 Average Precision  (AP) @[ IoU=0.50:0.95 | area= small | maxDets=100 ] = -1.000
 Average Precision  (AP) @[ IoU=0.50:0.95 | area=medium | maxDets=100 ] = 0.068
 Average Precision  (AP) @[ IoU=0.50:0.95 | area= large | maxDets=100 ] = 0.242
 Average Recall     (AR) @[ IoU=0.50:0.95 | area=   all | maxDets=  1 ] = 0.253
 Average Recall     (AR) @[ IoU=0.50:0.95 | area=   all | maxDets= 10 ] = 0.445
 Average Recall     (AR) @[ IoU=0.50:0.95 | area=   all | maxDets=100 ] = 0.498
 Average Recall     (AR) @[ IoU=0.50:0.95 | area= small | maxDets=100 ] = -1.000
 Average Recall     (AR) @[ IoU=0.50:0.95 | area=medium | maxDets=100 ] = 0.276
 Average Recall     (AR) @[ IoU=0.50:0.95 | area= large | maxDets=100 ] = 0.510
rfdetr_l_rgb_s42_i1280 test: mAP50=0.612859 mAP50-95=0.233474
-> /workspace/project-expertise/results/new763/rfdetr_l_rgb_s42_i1280.json

$ /workspace/project-expertise/.venv/bin/python /workspace/project-expertise/scripts/eval_new763_pycoco.py --kind rfdetr --weights /workspace/project-expertise/runs_new763/rfdetr_l_rgb_s42_i1280/checkpoint_best_ema.pth --dataset /workspace/SawitMVC-Depth-YOLO --run-name rfdetr_l_rgb_s42_i1280 --imgsz 1280 --out-json /workspace/project-expertise/results/new763/rfdetr_l_rgb_s42_i1280.json --pred-dir /workspace/project-expertise/results/new763/predictions
