       1/60      11.8G      3.002      21.39    0.01611         22       1280: 0% ──────────── 0/244  6.8s
       2/60      12.3G      1.673      3.941   0.008457         11       1280: 0% ──────────── 0/244  0.7s
       1/60      11.8G      3.051      39.73    0.01161         11       1280: 0% ──────────── 0/245  7.0s
       2/60      12.3G      2.012       4.04    0.01254         14       1280: 0% ──────────── 0/245  0.6s
       3/60      12.3G      1.961      3.216   0.008512         17       1280: 0% ──────────── 0/245  0.7s
       4/60      12.3G      1.793      2.977   0.009425         12       1280: 0% ──────────── 0/245  0.7s
       5/60      12.3G      1.807      3.259    0.01167          7       1280: 0% ──────────── 0/245  0.6s
       6/60      12.3G       1.77      3.112    0.00977          6       1280: 0% ──────────── 0/245  0.8s
       7/60      12.2G      1.859      3.441    0.01375          8       1280: 0% ──────────── 0/245  0.8s
       8/60      12.3G      2.025      2.306    0.01023         18       1280: 0% ──────────── 0/245  0.7s
       9/60      12.3G      2.576      2.796    0.02204          6       1280: 0% ──────────── 0/245  0.7s
      10/60      12.3G      1.999      2.126   0.009282         16       1280: 0% ──────────── 0/245  0.7s
      11/60      12.3G      2.098      2.175    0.01234         13       1280: 0% ──────────── 0/245  0.7s
      12/60      12.3G      2.611      2.401     0.0168         16       1280: 0% ──────────── 0/245  0.6s
      13/60      12.3G       1.45      1.843   0.009224          8       1280: 0% ──────────── 0/245  0.6s
      14/60      12.3G      2.178      2.214   0.009924         11       1280: 0% ──────────── 0/245  0.7s
      15/60      12.3G      2.325       2.36    0.01601         10       1280: 0% ──────────── 0/245  0.6s
      16/60      12.3G       2.15      2.211    0.01117         18       1280: 0% ──────────── 0/245  0.7s
      17/60      12.3G      2.048      1.633    0.01579         17       1280: 0% ──────────── 0/245  0.6s
      18/60      12.3G       1.95      2.618     0.0123         10       1280: 0% ──────────── 0/245  0.6s
      19/60      12.3G      1.671      1.398   0.009199         10       1280: 0% ──────────── 0/245  0.6s
      20/60      12.3G      2.067      1.638    0.01029         15       1280: 0% ──────────── 0/245  0.6s
      21/60      12.3G      2.152      2.574    0.01277         11       1280: 0% ──────────── 0/245  0.7s
      22/60      12.3G      2.217      2.473    0.01216         17       1280: 0% ──────────── 0/245  0.7s
      23/60      12.2G      1.971      1.923   0.008847         11       1280: 0% ──────────── 0/245  0.6s
      24/60      12.3G      1.863      1.667   0.008227         13       1280: 0% ──────────── 0/245  1.0s
      25/60      12.3G      2.092      2.038    0.01323          8       1280: 0% ──────────── 0/245  0.6s
      26/60      12.3G      1.804      1.757   0.007799          8       1280: 0% ──────────── 0/245  0.7s
      27/60      12.3G      2.195      1.907   0.009807         20       1280: 0% ──────────── 0/245  0.7s
      28/60      12.3G       1.77      2.064    0.01239          8       1280: 0% ──────────── 0/245  0.7s
      29/60      12.3G      1.993      1.563    0.01026         11       1280: 0% ──────────── 0/245  0.7s
      30/60      12.3G      1.897      1.532   0.008522          8       1280: 0% ──────────── 0/245  0.7s
      31/60      12.3G      1.591      1.197   0.008819          7       1280: 0% ──────────── 0/245  0.6s
      32/60      12.3G      1.834      2.345   0.009092         12       1280: 0% ──────────── 0/245  0.8s
      33/60      12.3G      1.977      1.774    0.01152          6       1280: 0% ──────────── 0/245  0.7s
      34/60      12.3G      1.674     0.9949   0.009288         18       1280: 0% ──────────── 0/245  0.7s
      35/60      12.3G      1.917      1.467   0.007351         21       1280: 0% ──────────── 0/245  0.7s
      36/60      12.3G      2.058      1.517    0.01209         10       1280: 0% ──────────── 0/245  0.8s
      37/60      12.3G      1.556      1.163   0.009259         14       1280: 0% ──────────── 0/245  0.7s
      38/60      12.3G      1.691      1.196   0.008845         13       1280: 0% ──────────── 0/245  0.6s
      39/60      12.2G      2.362      1.872   0.009586         13       1280: 0% ──────────── 0/245  0.7s
      40/60      12.3G      1.858      1.277   0.007746         11       1280: 0% ──────────── 0/245  0.6s
      41/60      12.3G      1.647      1.736   0.007046         14       1280: 0% ──────────── 0/245  0.6s
      42/60      12.3G      2.061      1.956    0.01242         11       1280: 0% ──────────── 0/245  0.7s
      43/60      12.3G      1.747      2.214    0.01162          8       1280: 0% ──────────── 0/245  0.7s
      44/60      12.3G      2.012      1.403    0.01176         10       1280: 0% ──────────── 0/245  0.6s
      45/60      12.3G      1.435     0.7958   0.007564         12       1280: 0% ──────────── 0/245  0.7s
      46/60      12.3G        1.7      1.341    0.01064          8       1280: 0% ──────────── 0/245  0.6s
      47/60      12.3G       1.75     0.9394    0.01372          7       1280: 0% ──────────── 0/245  0.7s
      48/60      12.3G      1.567     0.8357    0.01455          7       1280: 0% ──────────── 0/245  0.6s
      49/60      12.3G      1.666     0.9755   0.009446         15       1280: 0% ──────────── 0/245  0.6s
      50/60      12.3G      1.903      1.115    0.01232          7       1280: 0% ──────────── 0/245  0.7s
      51/60      12.3G      1.517     0.6084   0.008969          5       1280: 0% ──────────── 0/245  1.0s
      52/60      12.3G       1.52     0.7434    0.01152          7       1280: 0% ──────────── 0/245  0.6s
      53/60      12.3G      1.637     0.7835   0.009058          8       1280: 0% ──────────── 0/245  0.6s
      54/60      12.3G      1.342     0.4539   0.009554          8       1280: 0% ──────────── 0/245  0.7s
      55/60      12.2G      1.643      1.063    0.00642          6       1280: 0% ──────────── 0/245  0.7s
