       1/60        12G      2.452      21.87    0.01229         17       1280: 4% ──────────── 30/750 1.5it/s 27.3s<7:56
       2/60      12.4G      1.749      2.545   0.005094         41       1280: 0% ──────────── 0/750  0.7s
       3/60      12.4G      1.805      1.798     0.0073         42       1280: 0% ──────────── 0/750  0.6s
       4/60      12.3G       1.91      1.981     0.0118         22       1280: 0% ──────────── 0/750  0.7s
       5/60      12.3G      1.716      1.503   0.006033         48       1280: 0% ──────────── 0/750  0.6s
       6/60      12.3G      1.895      1.736   0.007499         36       1280: 0% ──────────── 0/750  0.6s
       7/60      12.3G      1.719      1.834   0.007781         23       1280: 0% ──────────── 0/750  0.8s
       8/60      12.3G      1.815      1.596   0.009523         35       1280: 0% ──────────── 0/750  0.7s
       9/60      12.4G      2.045      1.867   0.006542         32       1280: 0% ──────────── 0/750  0.7s
      10/60      12.3G      1.943      1.463    0.01016         20       1280: 0% ──────────── 0/750  0.7s
      11/60      12.4G      2.053      1.936   0.007161         51       1280: 0% ──────────── 0/750  0.8s
      12/60      12.3G      1.833      1.542   0.006413         38       1280: 0% ──────────── 0/750  0.7s
      13/60      12.3G      1.949      1.576   0.009974         33       1280: 0% ──────────── 0/750  0.7s
      14/60      12.3G      1.857        1.4   0.008662         37       1280: 0% ──────────── 0/750  0.7s
      15/60      12.3G      1.863      1.574   0.007363         41       1280: 0% ──────────── 0/750  0.6s
      16/60      12.3G      1.551      1.475   0.005663         48       1280: 0% ──────────── 0/750  0.6s
      17/60      12.3G      1.717      1.694   0.006681         30       1280: 0% ──────────── 0/750  0.7s
      18/60      12.3G      1.824      1.663   0.007139         30       1280: 0% ──────────── 0/750  0.6s
      19/60      12.3G      2.049      1.255   0.008094         22       1280: 0% ──────────── 0/750  0.6s
      20/60      12.3G      1.967      1.414    0.01286         18       1280: 0% ──────────── 0/750  0.7s
      21/60      12.3G      1.697      1.363    0.00585         53       1280: 0% ──────────── 0/750  0.8s
      22/60      12.3G      1.686      1.434   0.008974         26       1280: 0% ──────────── 0/750  0.6s
      23/60      12.3G      1.814      1.683   0.009991         18       1280: 0% ──────────── 0/750  0.7s
      24/60      12.3G      1.703      1.282   0.006722         45       1280: 0% ──────────── 0/750  0.7s
      25/60      12.3G      1.787      1.686   0.006358         29       1280: 0% ──────────── 0/750  0.8s
      26/60      12.4G      1.563      1.693   0.004858         49       1280: 0% ──────────── 0/750  0.6s
      27/60      12.3G      1.956      1.407   0.006581         37       1280: 0% ──────────── 0/750  0.6s
      28/60      12.3G      1.699      1.429   0.006696         35       1280: 0% ──────────── 0/750  0.7s
      29/60      12.3G       1.81      1.598   0.008453         27       1280: 0% ──────────── 0/750  0.6s
      30/60      12.3G      1.859      1.566   0.007967         29       1280: 0% ──────────── 0/750  0.7s
      31/60      12.3G      1.564      1.383   0.008669         27       1280: 0% ──────────── 0/750  0.7s
      32/60      12.3G      1.729      1.473   0.007886         29       1280: 0% ──────────── 0/750  0.6s
